02-04 12:12:27.795  2825  2825 I Finsky:background: [2] ahqu - Received: android.intent.action.PACKAGE_ADDED, [BWheamzJ0zbIOFGBZfiuRrxKW39O1IIRCW5JTipksmA]
02-04 12:12:27.801  1020  1088 I s.nexuslauncher: AssetManager2(0x779bea4b02b8) locale list changing from [] to [en-US]
02-04 12:12:27.817   672   672 D AppSearchAppsIndexerManagerS: userid in package receiver: 10232
02-04 12:12:27.818   672   785 I system_server: AssetManager2(0x779bea565398) locale list changing from [] to [en-US]
02-04 12:12:27.827   672   785 I system_server: AssetManager2(0x779bea4aa1d8) locale list changing from [] to [en-US]
02-04 12:12:27.836  2825  7242 I Finsky:background: [117] Wrote row to frosting DB: 1337
02-04 12:12:27.840   672   785 I system_server: AssetManager2(0x779bea567c38) locale list changing from [] to [en-US]
02-04 12:12:27.843   672   767 I RoleService: Granting default roles...
02-04 12:12:27.844   672   785 V AccessibilityManagerService: onUserStateChangedLocked for userId: 0, forceUpdate: false
02-04 12:12:27.849   672   785 W MagnificationConnectionManager: requestConnection duplicated request: connect=false, mConnectionState=DISCONNECTED
02-04 12:12:27.851   672   785 V AccessibilityManagerService: onUserStateChangedLocked for userId: 0, forceUpdate: false
02-04 12:12:27.851   672   785 W MagnificationConnectionManager: requestConnection duplicated request: connect=false, mConnectionState=DISCONNECTED
02-04 12:12:27.852  2825  7242 I Finsky:background: [117] Wrote row to frosting DB: 1338
02-04 12:12:27.860   672   702 I system_server: AssetManager2(0x779bea569218) locale list changing from [] to [en-US]
02-04 12:12:27.865  2825  7242 I Finsky:background: [117] Wrote row to frosting DB: 1339
02-04 12:12:27.867   672   866 D BackgroundInstallControlService: Package event received: 0
02-04 12:12:27.869   672   702 I system_server: AssetManager2(0x779bea4cbe78) locale list changing from [] to [en-US]
02-04 12:12:27.881  2825  2825 I Finsky:background: [2] ahqu - Received: android.intent.action.PACKAGE_ADDED, [BWheamzJ0zbIOFGBZfiuRrxKW39O1IIRCW5JTipksmA]
02-04 12:12:27.907   672  3498 W SignedPackage: Package doesn't have required signing certificate: com.google.android.retaildemo
02-04 12:12:27.937  1377  1383 W .apps.wellbeing: Suspending all threads took: 89.560ms
02-04 12:12:27.956   672   866 D BackgroundInstallControlService: Package event received: 0
02-04 12:12:27.960   672  3498 E RoleControllerServiceImpl: Default/fallback role holder package doesn't qualify for the role, package: com.google.android.gms.supervision, role: android.app.role.SYSTEM_SUPERVISION
02-04 12:12:27.992   672   672 D BackupManagerConstants: getFullBackupIntervalMilliseconds(...) returns 86400000
02-04 12:12:27.993   672   672 D BackupManagerConstants: getFullBackupRequiredNetworkType(...) returns 2
02-04 12:12:28.002   672  3498 W SignedPackage: Package doesn't have required signing certificate: com.google.android.apps.work.clouddpc
02-04 12:12:28.015   672   672 D BackupManagerConstants: getFullBackupRequireCharging(...) returns true
02-04 12:12:28.023  2825  2825 I Finsky:background: [2] ahqu - Deduping intent android.intent.action.PACKAGE_ADDED
02-04 12:12:28.070  1020  1088 D AlphabeticIndexCompat: computeSectionName: cs: Settings sectionName: S
02-04 12:12:28.071  1020  1088 D AlphabeticIndexCompat: computeSectionName: cs: Photos sectionName: P
02-04 12:12:28.072  1020  1088 D AlphabeticIndexCompat: computeSectionName: cs: Battery sectionName: B
02-04 12:12:28.073  1020  1088 D AlphabeticIndexCompat: computeSectionName: cs: Chrome sectionName: C
02-04 12:12:28.074  1020  1088 D AlphabeticIndexCompat: computeSectionName: cs: Gmail sectionName: G
02-04 12:12:28.075  1020  1088 D AlphabeticIndexCompat: computeSectionName: cs: Drive sectionName: D
02-04 12:12:28.075  1020  1088 D AlphabeticIndexCompat: computeSectionName: cs: Clock sectionName: C
02-04 12:12:28.076  1020  1088 D AlphabeticIndexCompat: computeSectionName: cs: Contacts sectionName: C
02-04 12:12:28.081  1020  1088 D AlphabeticIndexCompat: computeSectionName: cs: Calendar sectionName: C
02-04 12:12:28.082  1020  1088 D AlphabeticIndexCompat: computeSectionName: cs: Weather Widget sectionName: W
02-04 12:12:28.083  1020  1088 D AlphabeticIndexCompat: computeSectionName: cs: Maps sectionName: M
02-04 12:12:28.083  1020  1088 D AlphabeticIndexCompat: computeSectionName: cs: YouTube Music sectionName: Y
02-04 12:12:28.084  1020  1088 D AlphabeticIndexCompat: computeSectionName: cs: Cal Date Widget sectionName: C
02-04 12:12:28.084  1020  1088 D AlphabeticIndexCompat: computeSectionName: cs: YouTube sectionName: Y
02-04 12:12:28.085  1020  1088 D AlphabeticIndexCompat: computeSectionName: cs: Weather Widget sectionName: W
02-04 12:12:28.085  1020  1088 D AlphabeticIndexCompat: computeSectionName: cs: Google sectionName: G
02-04 12:12:28.086  1020  1088 D AlphabeticIndexCompat: computeSectionName: cs: Android System Intelligence sectionName: A
02-04 12:12:28.086  1020  1088 D AlphabeticIndexCompat: computeSectionName: cs: Digital Wellbeing sectionName: D
02-04 12:12:28.087  1020  1088 D AlphabeticIndexCompat: computeSectionName: cs: Conversations sectionName: C
02-04 12:12:28.090  2825  2825 I Finsky:background: [2] ahqu - Received: android.intent.action.PACKAGE_ADDED, [BWheamzJ0zbIOFGBZfiuRrxKW39O1IIRCW5JTipksmA]
02-04 12:12:28.100  1313  1332 I PermissionControllerServiceImpl: Updating user sensitive for uid 10232
02-04 12:12:28.103  2825  7242 I Finsky:background: [117] Wrote row to frosting DB: 1340
02-04 12:12:28.131  2825  2825 I Finsky:background: [2] ahqu - Deduping intent android.intent.action.PACKAGE_ADDED
02-04 12:12:28.137  2825  2905 I Finsky:background: [61] RECEIVER_PACKAGE_MONITOR_BACKGROUND#logWorkEndAndFinishGoAsync: SUCCESS
02-04 12:12:28.157  1419  1419 W MediaProvider: WorkProfileOwnerApps cache is empty
02-04 12:12:28.158  1419  1419 D PickerSyncLockManager: Trying to acquire lock com.android.providers.media.photopicker.sync.CloseableReentrantLock@f60bcf3[Unlocked]. Lock Name = CLOUD_PROVIDER_LOCK. Threads that may be waiting to acquire this lock = []
02-04 12:12:28.158  1419  1419 D CloseableReentrantLock: Successfully acquired lock com.android.providers.media.photopicker.sync.CloseableReentrantLock@f60bcf3[Locked by thread main]. Lock Name = CLOUD_PROVIDER_LOCK. Threads that may be waiting to acquire this lock = []
02-04 12:12:28.158  1419  1419 D CloseableReentrantLock: Successfully released lock com.android.providers.media.photopicker.sync.CloseableReentrantLock@f60bcf3[Unlocked]. Lock Name = CLOUD_PROVIDER_LOCK. Threads that may be waiting to acquire this lock = []
02-04 12:12:28.203  2527  2527 I Finsky  : [2] AIM: AppInfoCacheUpdater -> invalidating apps: [com.weatherwidget]
02-04 12:12:28.204  2527  2527 I Finsky  : [2] AIM: AppInfoManager-Perf > getApps > called for 1 apps
02-04 12:12:28.209  2527  7248 I Finsky  : [179] [ContentSync] finished, scheduled=false
02-04 12:12:28.210  1444  1444 I faht    : (REDACTED) O received %s
02-04 12:12:28.223   672  1764 E AppOps  : attributionTag VCN not declared in manifest of android
02-04 12:12:28.225   672  3498 I Role    : com.google.android.gms not qualified for android.app.role.SYSTEM_DEPENDENCY_INSTALLER due to missing RequiredComponent{mIntentFilterData=IntentFilterData{mAction='android.content.pm.action.INSTALL_DEPENDENCY', mCategories='[]', mDataScheme='null', mDataType='null'}, mMinTargetSdkVersion=1, mFlags='0', mPermission='android.permission.BIND_DEPENDENCY_INSTALLER', mQueryFlags=0, mMetaData=[]}
02-04 12:12:28.226   672  3498 E RoleControllerServiceImpl: Default/fallback role holder package doesn't qualify for the role, package: com.google.android.gms, role: android.app.role.SYSTEM_DEPENDENCY_INSTALLER
02-04 12:12:28.229  2825  7242 I Finsky:background: [117] Wrote row to frosting DB: 1341
02-04 12:12:28.245  2825  2825 I Finsky:background: [2] Memory trim requested to level 40
02-04 12:12:28.251  2527  2681 I Finsky  : [64] AIM: AppInfoManager-Perf > OnDeviceAppInfo > cacheHitCount=0, cacheMissCount=1. Missed  in cache (limit 10) : [com.weatherwidget]
02-04 12:12:28.314  1444  1444 I faht    : (REDACTED) O received %s
02-04 12:12:28.320  1444  1444 I faht    : (REDACTED) O received %s
02-04 12:12:28.356  2527  2527 I Finsky  : [2] ahre - Received: android.intent.action.PACKAGE_ADDED, [BWheamzJ0zbIOFGBZfiuRrxKW39O1IIRCW5JTipksmA]
02-04 12:12:28.360  1377  1383 W .apps.wellbeing: Reducing the number of considered missed Gc histogram windows from 327 to 100
02-04 12:12:28.370   672   702 I system_server: AssetManager2(0x779bea576378) locale list changing from [] to [en-US]
02-04 12:12:28.371   672  3498 E RoleControllerServiceImpl: Default/fallback role holder package doesn't qualify for the role, package: com.google.android.gms, role: android.app.role.WALLET
02-04 12:12:28.419   672  1764 D ActivityManager: sync unfroze 1744 com.google.android.googlequicksearchbox:search for 6
02-04 12:12:28.420   672   672 W Looper  : Slow dispatch took 543ms main app=system_server main=true group=FOREGROUND h=android.app.ActivityThread$H c=android.app.LoadedApk$ReceiverDispatcher$Args$$ExternalSyntheticLambda0@f6a513a m=0
02-04 12:12:28.421   672   672 D ActivityThread: Package [com.weatherwidget] reported as REPLACED, but missing application info. Assuming REMOVED.
02-04 12:12:28.422   672   672 D ActivityThread: Package [com.weatherwidget] reported as REPLACED, but missing application info. Assuming REMOVED.
02-04 12:12:28.428   672   866 D BackgroundInstallControlService: Package event received: 0
02-04 12:12:28.453  2527  2681 I Finsky  : [64] AIM: Got app ownership map. App counts: . Unique apps: 0
02-04 12:12:28.454  2527  2681 E Finsky  : [64] [Counters] attempted to use a non-positive increment for: 4752
02-04 12:12:28.459  2527  2681 E Finsky  : [64] [Counters] attempted to use a non-positive increment for: 4753
02-04 12:12:28.461   672  1764 D ActivityManager: sync unfroze 3988 com.google.android.adservices.api for 6
02-04 12:12:28.476  2527  2668 I android.vending: AssetManager2(0x779bea496f98) locale list changing from [] to [en-US]
02-04 12:12:28.492   672  1764 D ActivityManager: sync unfroze 5169 com.google.android.webview:sandboxed_process0:org.chromium.content.app.SandboxedProcessService0:1 for 6
02-04 12:12:28.498   672   866 D BackgroundInstallControlService: Package event received: 0
02-04 12:12:28.509  2527  2681 I Finsky  : [64] AIM: AppInfoManager-Perf > OnDeviceAppInfo > cacheHitCount=1, cacheMissCount=0. Missed  in cache (limit 10) : []
02-04 12:12:28.510  2527  2681 I Finsky  : [64] AIM: Got app ownership map. App counts: . Unique apps: 0
02-04 12:12:28.510  2527  2681 E Finsky  : [64] [Counters] attempted to use a non-positive increment for: 4752
02-04 12:12:28.510  5169  5169 D ActivityThread: Package [com.weatherwidget] reported as REPLACED, but missing application info. Assuming REMOVED.
02-04 12:12:28.512  2527  2655 E Finsky  : [53] [Counters] attempted to use a non-positive increment for: 4753
02-04 12:12:28.518  2527  2527 I Finsky  : [2] AIM: AppInfoCacheUpdater -> invalidating apps: [com.weatherwidget]
02-04 12:12:28.518  2527  2527 I Finsky  : [2] AIM: AppInfoManager-Perf > getApps > called for 1 apps
02-04 12:12:28.528  5169  5169 D ActivityThread: Package [com.weatherwidget] reported as REPLACED, but missing application info. Assuming REMOVED.
02-04 12:12:28.542  2527  2527 I Finsky  : [2] DTU: Received onPackageAdded, replacing: true
02-04 12:12:28.553  2527  7248 I Finsky  : [179] [ContentSync] finished, scheduled=false
02-04 12:12:28.556  2527  2681 I Finsky  : [64] AIM: AppInfoManager-Perf > ItemModel > CacheSize=35, cacheHitCount=0, cacheMissCount=0, total appsWithNoServerDataCount=1. Missed  in cache (limit 10) : []
02-04 12:12:28.536  1744  2000 D WM-DelayedWorkTracker: Scheduling work 144ee17c-846b-4fed-979b-ef8f152e4764
02-04 12:12:28.594  1744  2000 D WM-GreedyScheduler: Starting tracking for 144ee17c-846b-4fed-979b-ef8f152e4764
02-04 12:12:28.598  1744  1744 D ActivityThread: Package [com.weatherwidget] reported as REPLACED, but missing application info. Assuming REMOVED.
02-04 12:12:28.606  2527  2681 I Finsky  : [64] AIM: AppInfoManager-Perf > OnDeviceAppInfo > cacheHitCount=0, cacheMissCount=1. Missed  in cache (limit 10) : [com.weatherwidget]
02-04 12:12:28.613  1744  1744 D ActivityThread: Package [com.weatherwidget] reported as REPLACED, but missing application info. Assuming REMOVED.
02-04 12:12:28.616  2527  2527 I Finsky  : [2] ahre - Received: android.intent.action.PACKAGE_ADDED, [BWheamzJ0zbIOFGBZfiuRrxKW39O1IIRCW5JTipksmA]
02-04 12:12:28.617   672   672 W Looper  : Slow dispatch took 195ms main app=system_server main=true group=FOREGROUND h=android.app.ActivityThread$H c=android.app.LoadedApk$ReceiverDispatcher$Args$$ExternalSyntheticLambda0@318c71d m=0
02-04 12:12:28.617  1744  2000 D WM-DelayedWorkTracker: Scheduling work ef3c90ab-658a-4673-8815-0395c79c8535
02-04 12:12:28.617  1744  2000 D WM-GreedyScheduler: Starting tracking for ef3c90ab-658a-4673-8815-0395c79c8535
02-04 12:12:28.626   542   542 I adbd    : Remote process closed the socket (on MSG_PEEK)
02-04 12:12:28.673   461   461 I Zygote  : Process 6076 exited due to signal 9 (Killed)
02-04 12:12:28.677  2527  2527 I Finsky  : [2] ahre - Deduping intent android.intent.action.PACKAGE_ADDED
02-04 12:12:28.685   672  3498 I system_server: AssetManager2(0x779bea4a6358) locale list changing from [] to [en-US]
02-04 12:12:28.692   672   672 D AppSearchAppsIndexerManagerS: userid in package receiver: 10232
02-04 12:12:28.696  2527  2685 I Finsky  : [66] AIM: Got app ownership map. App counts: . Unique apps: 0
02-04 12:12:28.696  2527  2685 E Finsky  : [66] [Counters] attempted to use a non-positive increment for: 4752
02-04 12:12:28.699  2527  2685 E Finsky  : [66] [Counters] attempted to use a non-positive increment for: 4753
02-04 12:12:28.723  2527  2527 I Finsky  : [2] ahre - Received: android.intent.action.PACKAGE_ADDED, [BWheamzJ0zbIOFGBZfiuRrxKW39O1IIRCW5JTipksmA]
02-04 12:12:28.739   672  1888 D ActivityManager: sync unfroze 1529 com.google.android.gms for 6
02-04 12:12:28.797  3988  3988 D ActivityThread: Package [com.weatherwidget] reported as REPLACED, but missing application info. Assuming REMOVED.
02-04 12:12:28.814   672  3498 W SignedPackage: Cannot get ApplicationInfo for package: com.google.android.devicelockcontroller
02-04 12:12:28.815   672  1141 V ActivityManager: Got obituary of 6076:com.weatherwidget
02-04 12:12:28.825   672   672 W AlarmManager: Package com.weatherwidget, uid 10232 lost permission to set exact alarms!
02-04 12:12:28.830   672   704 W ActivityManager: Slow operation: 1360ms so far, now at startProcess: asking zygote to start proc
02-04 12:12:28.857   672   672 W IPCThreadState: Sending oneway calls to frozen process.
02-04 12:12:28.858   672   672 W IPCThreadState: Sending oneway calls to frozen process.
02-04 12:12:28.858   672   672 W IPCThreadState: Sending oneway calls to frozen process.
02-04 12:12:28.859   672   672 W IPCThreadState: Sending oneway calls to frozen process.
02-04 12:12:28.873  2527  2527 I Finsky  : [2] ahre - Deduping intent android.intent.action.PACKAGE_ADDED
02-04 12:12:28.893  2527  2622 I Finsky  : [44] RECEIVER_PACKAGE_MONITOR#logWorkEndAndFinishGoAsync: SUCCESS
02-04 12:12:28.893   672   672 W IPCThreadState: Sending oneway calls to frozen process.
02-04 12:12:28.893   672   672 W IPCThreadState: Sending oneway calls to frozen process.
02-04 12:12:28.911  3988  3988 D ActivityThread: Package [com.weatherwidget] reported as REPLACED, but missing application info. Assuming REMOVED.
02-04 12:12:28.914   672   672 W IPCThreadState: Sending oneway calls to frozen process.
02-04 12:12:28.914   672   672 W IPCThreadState: Sending oneway calls to frozen process.
02-04 12:12:28.914   672   672 W IPCThreadState: Sending oneway calls to frozen process.
02-04 12:12:28.914   672   672 W IPCThreadState: Sending oneway calls to frozen process.
02-04 12:12:28.914   672   672 W IPCThreadState: Sending oneway calls to frozen process.
02-04 12:12:28.914   672   672 W IPCThreadState: Sending oneway calls to frozen process.
02-04 12:12:28.966  1529  1529 D ActivityThread: Package [com.weatherwidget] reported as REPLACED, but missing application info. Assuming REMOVED.
02-04 12:12:28.969  1529  1529 D ActivityThread: Package [com.weatherwidget] reported as REPLACED, but missing application info. Assuming REMOVED.
02-04 12:12:28.988  2527  2668 I Finsky  : [58] AIM: AppInfoManager-Perf > getApps > data collection finished
02-04 12:12:28.988  2527  2668 I Finsky  : [58] AIM: AppInfoManager-Perf > maybeDestroyAppInfoManager is called. actives = 1
02-04 12:12:28.991  2527  2668 I Finsky  : [58] AIM: AppInfoManager-Perf > ItemModel > CacheSize=35, cacheHitCount=0, cacheMissCount=0, total appsWithNoServerDataCount=1. Missed  in cache (limit 10) : []
02-04 12:12:29.007   461   461 D Zygote  : Forked child process 7259
02-04 12:12:29.007   672   704 W ActivityManager: Slow operation: 1538ms so far, now at startProcess: returned from zygote!
02-04 12:12:29.048  2527  2681 I Finsky  : [64] AIM: AppInfoManager-Perf > ItemModel > CacheSize=35, cacheHitCount=0, cacheMissCount=0, total appsWithNoServerDataCount=1. Missed  in cache (limit 10) : []
02-04 12:12:29.049  2527  2681 I Finsky  : [64] AIM: AppInfoManager-Perf > getApps > data collection finished
02-04 12:12:29.049  2527  2681 I Finsky  : [64] AIM: AppInfoManager-Perf > maybeDestroyAppInfoManager is called. actives = 0
02-04 12:12:29.190  7259  7259 I m.weatherwidget: Late-enabling -Xcheck:jni
02-04 12:12:29.230  2825  2829 W ding:background: Reducing the number of considered missed Gc histogram windows from 327 to 100
02-04 12:12:29.288   672   704 W ActivityManager: Slow operation: 1818ms so far, now at startProcess: done updating battery stats
02-04 12:12:29.288   672   704 W ActivityManager: Slow operation: 1819ms so far, now at startProcess: building log message
02-04 12:12:29.289   672   704 I ActivityManager: Start proc 7259:com.weatherwidget/u0a232 for broadcast {com.weatherwidget/com.weatherwidget.widget.WeatherWidgetProvider}
02-04 12:12:29.289   672   704 W ActivityManager: Slow operation: 1819ms so far, now at startProcess: starting to update pids map
02-04 12:12:29.289   672   704 I ActivityManager: ProcessObserver broadcast disabled
02-04 12:12:29.289   672   704 W ActivityManager: Slow operation: 1819ms so far, now at startProcess: done updating pids map
02-04 12:12:29.293   672   705 I libprocessgroup: Removed cgroup /sys/fs/cgroup/apps/uid_10232/pid_6076
02-04 12:12:29.335   672  1885 V SafetySourceDataValidat: Package: com.android.vending has expected signature
02-04 12:12:29.336   672  1885 V SafetySourceDataValidat: Package: com.android.vending has expected signature
02-04 12:12:29.337  2527  2527 I Finsky  : [2] Memory trim requested to level 40
02-04 12:12:29.337  2527  2527 I Finsky  : [2] Flushing in-memory image cache
02-04 12:12:29.377   672  1888 W ActivityManager: Unable to start service Intent { act=grpc.io.action.BIND xflg=0x4 cmp=com.google.android.inputmethod.latin/com.google.android.apps.inputmethod.libs.nga.impl.KeyboardDictationService } U=0: not found
02-04 12:12:29.378   672   672 W Looper  : Drained
02-04 12:12:29.460  1432  1437 W ogle.android.as: Reducing the number of considered missed Gc histogram windows from 152 to 100
02-04 12:12:29.505  7259  7259 I m.weatherwidget: Using CollectorTypeCMC GC.
02-04 12:12:29.518  7259  7259 W m.weatherwidget: Unexpected CPU variant for x86: x86_64.
02-04 12:12:29.518  7259  7259 W m.weatherwidget: Known variants: atom, sandybridge, silvermont, goldmont, goldmont-plus, goldmont-without-sha-xsaves, tremont, kabylake, alderlake, default
02-04 12:12:29.573   542   563 I adbd    : jdwp connection from 7259
02-04 12:12:29.642   672  1896 V Configuration: Updating configuration, locales updated from [] to [en_US]
02-04 12:12:29.642   672  1896 V Configuration: Updating configuration, locales updated from [] to [en_US]
02-04 12:12:29.642   672  1896 V Configuration: Updating configuration, locales updated from [] to [en_US]
02-04 12:12:29.643   672  1896 D IntervalStats: Unable to parse usage stats packages: [239, 240]
02-04 12:12:29.644   672  1896 V Configuration: Updating configuration, locales updated from [] to [en_US]
02-04 12:12:29.644   672  1896 V Configuration: Updating configuration, locales updated from [] to [en_US]
02-04 12:12:29.644   672  1896 V Configuration: Updating configuration, locales updated from [] to [en_US]
02-04 12:12:29.644   672  1896 V Configuration: Updating configuration, locales updated from [] to [en_US]
02-04 12:12:29.644   672  1896 V Configuration: Updating configuration, locales updated from [] to [en_US]
02-04 12:12:29.662   672   702 I system_server: AssetManager2(0x779bea4cddb8) locale list changing from [] to [en-US]
02-04 12:12:29.675  2527  2531 W android.vending: Reducing the number of considered missed Gc histogram windows from 327 to 100
02-04 12:12:29.723  1744  1846 D WM-GreedyScheduler: Constraints not met: Cancelling work ID WorkGenerationalId(workSpecId=144ee17c-846b-4fed-979b-ef8f152e4764, generation=99)
02-04 12:12:29.734  1744  1935 D WM-GreedyScheduler: Constraints not met: Cancelling work ID WorkGenerationalId(workSpecId=ef3c90ab-658a-4673-8815-0395c79c8535, generation=49)
02-04 12:12:29.774  1020  1088 D PackageUpdatedTask: Package updated: mOp=UPDATE packages=[com.weatherwidget], user=UserHandle{0}
02-04 12:12:29.783   672  1885 W ActivityManager: Unbind failed: could not find connection for android.os.BinderProxy@8b59ff8
02-04 12:12:29.807   672  1888 W ProcessStats: Tracking association SourceState{507f06 com.google.android.googlequicksearchbox:search/10149 BFgs #7798} whose proc state 4 is better than process ProcessState{a82dfcd com.google.android.adservices.api/10199 pkg=com.google.android.adservices.api} proc state 14 (0 skipped)
02-04 12:12:29.810  1432  7284 I AiAiEcho: AppIndexer Package:[com.weatherwidget] UserProfile:[0] Enabled:[true].
02-04 12:12:29.810  1432  7284 I AiAiEcho: AppFetcherImplV2 updateApps package:[com.weatherwidget], userId:[0], reason:[package is updated.].
02-04 12:12:29.814  1744  2031 W achh    : Abort, client detached.
02-04 12:12:29.814  1744  2031 W achh    : Abort, client detached.
02-04 12:12:29.815  7259  7259 D nativeloader: Load libframework-connectivity-tiramisu-jni.so using APEX ns com_android_tethering for caller /apex/com.android.tethering/javalib/framework-connectivity-t.jar: ok
02-04 12:12:29.816  1744  2031 W achh    : Abort, client detached.
02-04 12:12:29.838  1020  1088 W AllAppsList: updatePackage: no Activities matched updated package, removing any AppInfo with package=com.weatherwidget, user=UserHandle{0}
02-04 12:12:29.879  1200  7261 I Fitness : (REDACTED) FitCleanupIntentOperation received Intent %s
02-04 12:12:29.884  1200  7262 I ProximityAuth: [RecentAppsMediator] Package added: (user=UserHandle{0}) com.weatherwidget
02-04 12:12:29.933  1200  7262 I .gms.persistent: AssetManager2(0x779bea4a85b8) locale list changing from [] to [en-US]
02-04 12:12:29.944   672  1896 V Configuration: Updating configuration, locales updated from [] to [en_US]
02-04 12:12:29.945   672  1896 D IntervalStats: Unable to parse usage stats packages: [240, 253, 254]
02-04 12:12:29.992  1529  7278 I gle.android.gms: AssetManager2(0x779bea4a1858) locale list changing from [] to [en-US]
02-04 12:12:30.098  1529  1529 D BoundBrokerSvc: onBind: Intent { act=com.google.android.gms.common.BIND_SHARED_PREFS xflg=0x4 pkg=com.google.android.gms }
02-04 12:12:30.098  1529  1529 D BoundBrokerSvc: Loading bound service for intent: Intent { act=com.google.android.gms.common.BIND_SHARED_PREFS xflg=0x4 pkg=com.google.android.gms }
02-04 12:12:30.139  1529  7286 I Auth    : (REDACTED) [SupervisedAccountIntentOperation] onHandleIntent: %s
02-04 12:12:30.145  7259  7259 D CompatChangeReporter: Compat change id reported: 242716250; UID 10232; state: ENABLED
02-04 12:12:30.166  1529  7292 I NearbyDiscovery: (REDACTED) processGrantSlicePermission: %s
02-04 12:12:30.313  1529  7286 W SQLiteLog: (28) double-quoted string literal: "com.weatherwidget"
02-04 12:12:30.522  1744  1846 I earchbox:search: AssetManager2(0x779bea4a4738) locale list changing from [] to [en-US]
02-04 12:12:30.725  1063  1074 W id.ext.services: Reducing the number of considered missed Gc histogram windows from 1129 to 100
02-04 12:12:30.733   672   683 W system_server: Suspending all threads took: 15.739ms
02-04 12:12:31.362  7259  7259 D nativeloader: Configuring clns-9 for other apk /data/app/~~o3K0CpEkbmjUZsUxT89UBA==/com.weatherwidget-PetHJR3zcirzCX4XRwctwA==/base.apk. target_sdk_version=34, uses_libraries=, library_path=/data/app/~~o3K0CpEkbmjUZsUxT89UBA==/com.weatherwidget-PetHJR3zcirzCX4XRwctwA==/lib/x86_64, permitted_path=/data:/mnt/expand:/data/user/0/com.weatherwidget
02-04 12:12:31.425  7259  7259 I m.weatherwidget: AssetManager2(0x779bea495ff8) locale list changing from [] to [en-US]
02-04 12:12:31.511  7259  7259 V GraphicsEnvironment: Currently set values for:
02-04 12:12:31.516  7259  7259 V GraphicsEnvironment:   angle_gl_driver_selection_pkgs=[]
02-04 12:12:31.516  7259  7259 V GraphicsEnvironment:   angle_gl_driver_selection_values=[]
02-04 12:12:31.517  7259  7259 V GraphicsEnvironment: com.weatherwidget is not listed in per-application setting
02-04 12:12:31.518  7259  7259 V GraphicsEnvironment: ANGLE allowlist from config: com.dreamgames.royalmatch com.dts.freefiremax com.dxx.firenow com.gramgames.mergedragons com.ludo.king com.mojang.minecraftpe com.my.defense com.nintendo.zaka com.os.airforce com.playrix.fishdomdd.gplay io.teslatech.callbreak jp.konami.prospia net.peakgames.toonblast
02-04 12:12:31.518  7259  7259 V GraphicsEnvironment: com.weatherwidget is not listed in ANGLE allowlist or settings, returning default
02-04 12:12:31.519  7259  7259 V GraphicsEnvironment: Neither updatable production driver nor prerelease driver is supported.
02-04 12:12:31.701   672   866 D BackgroundInstallControlService: Package event received: 0
02-04 12:12:31.745  7259  7259 D WeatherWidgetProvider: onUpdate: Updating 1 widgets
02-04 12:12:31.766  1744  1846 I earchbox:search: AssetManager2(0x779bea4ad0b8) locale list changing from [] to [en-US]
02-04 12:12:31.784   672   846 D AppWidgetServiceImpl: Trying to notify widget update for package com.weatherwidget with widget id: 23
02-04 12:12:31.797  1020  1020 I LauncherAppWidgetHostView: App widget with id: 23 loaded
02-04 12:12:31.853  1020  2369 I s.nexuslauncher: AssetManager2(0x779bea4f83d8) locale list changing from [] to [en-US]
02-04 12:12:31.864  7259  7259 D WM-PackageManagerHelper: Skipping component enablement for androidx.work.impl.background.systemjob.SystemJobService
02-04 12:12:31.864  7259  7259 D WM-Schedulers: Created SystemJobScheduler and enabled SystemJobService
02-04 12:12:31.872  7259  7259 D WeatherWidgetProvider: triggerImmediateUpdate: Enqueueing worker
02-04 12:12:31.873  7259  7259 D WeatherWidgetProvider: triggerImmediateUpdate: Worker enqueued with id=44561440-c211-40c5-aa48-2d9843bebf28
02-04 12:12:31.873  7259  7259 D WeatherWidgetProvider: onReceive: action=android.appwidget.action.APPWIDGET_UPDATE
02-04 12:12:31.909  1744  1846 I earchbox:search: AssetManager2(0x779bea4b5d58) locale list changing from [] to [en-US]
02-04 12:12:31.929  7259  7305 E ashmem  : Pinning is deprecated since Android Q. Please use trim or other methods.
02-04 12:12:32.080  7259  7305 D CompatChangeReporter: Compat change id reported: 253665015; UID 10232; state: ENABLED
02-04 12:12:32.083   672  1886 D CompatChangeReporter: Compat change id reported: 271850009; UID 10232; state: ENABLED
02-04 12:12:32.083   672  1886 D CompatChangeReporter: Compat change id reported: 253665015; UID 10232; state: ENABLED
02-04 12:12:32.129   532   532 E SurfaceFlinger: Out of order buffers detected for RequestedLayerState{com.google.android.apps.nexuslauncher/com.google.android.apps.nexuslauncher.NexusLauncherActivity#143 parentId=55} producedId=6 frameNumber=862 -> producedId=6 frameNumber=82
02-04 12:12:32.160  1744  2036 I akkt    : refreshDeviceAppInfoForAccount done.
02-04 12:12:32.189  1744  2036 W akkt    : No snapshot from geller is available yet.
02-04 12:12:32.206  1377  1526 I .apps.wellbeing: AssetManager2(0x779bea498578) locale list changing from [] to [en-US]
02-04 12:12:32.210  1377  1526 I .apps.wellbeing: AssetManager2(0x779bea49c718) locale list changing from [] to [en-US]
02-04 12:12:32.214  1377  1526 I .apps.wellbeing: AssetManager2(0x779bea496638) locale list changing from [] to [en-US]
02-04 12:12:32.217  1377  1526 I .apps.wellbeing: AssetManager2(0x779bea4b5d58) locale list changing from [] to [en-US]
02-04 12:12:32.227  1377  1526 I .apps.wellbeing: AssetManager2(0x779bea4ae378) locale list changing from [] to [en-US]
02-04 12:12:32.231  1377  1526 I .apps.wellbeing: AssetManager2(0x779bea4b1258) locale list changing from [] to [en-US]
02-04 12:12:32.315  1377  1526 I .apps.wellbeing: AssetManager2(0x779bea49d6b8) locale list changing from [] to [en-US]
02-04 12:12:32.321  1377  1526 I .apps.wellbeing: AssetManager2(0x779bea4b3198) locale list changing from [] to [en-US]
02-04 12:12:32.324  1377  1526 I .apps.wellbeing: AssetManager2(0x779bea4c2558) locale list changing from [] to [en-US]
02-04 12:12:32.327  1377  1526 I .apps.wellbeing: AssetManager2(0x779bea4be6d8) locale list changing from [] to [en-US]
02-04 12:12:32.330  7259  7307 D CompatChangeReporter: Compat change id reported: 263076149; UID 10232; state: ENABLED
02-04 12:12:32.337  1377  1526 I .apps.wellbeing: AssetManager2(0x779bea4bdd78) locale list changing from [] to [en-US]
02-04 12:12:32.340  1377  1526 I .apps.wellbeing: AssetManager2(0x779bea4c3818) locale list changing from [] to [en-US]
02-04 12:12:32.343  1377  1526 I .apps.wellbeing: AssetManager2(0x779bea4be9f8) locale list changing from [] to [en-US]
02-04 12:12:32.346  1377  1526 I .apps.wellbeing: AssetManager2(0x779bea4c0618) locale list changing from [] to [en-US]
02-04 12:12:32.372  1377  1526 I .apps.wellbeing: AssetManager2(0x779bea4bd418) locale list changing from [] to [en-US]
02-04 12:12:32.374  7259  7307 W System.err: SLF4J: Failed to load class "org.slf4j.impl.StaticLoggerBinder".
02-04 12:12:32.374  7259  7307 W System.err: SLF4J: Defaulting to no-operation (NOP) logger implementation
02-04 12:12:32.374  7259  7307 W System.err: SLF4J: See http://www.slf4j.org/codes.html#StaticLoggerBinder for further details.
02-04 12:12:32.377  1377  1526 I .apps.wellbeing: AssetManager2(0x779bea4c2b98) locale list changing from [] to [en-US]
02-04 12:12:32.384  1377  1526 I .apps.wellbeing: AssetManager2(0x779bea4978f8) locale list changing from [] to [en-US]
02-04 12:12:32.393  1377  1526 I .apps.wellbeing: AssetManager2(0x779bea4c2eb8) locale list changing from [] to [en-US]
02-04 12:12:32.395  1377  1526 I .apps.wellbeing: AssetManager2(0x779bea4b7c98) locale list changing from [] to [en-US]
02-04 12:12:32.398  1377  1526 I .apps.wellbeing: AssetManager2(0x779bea4bb7f8) locale list changing from [] to [en-US]
02-04 12:12:32.408  1377  1526 I .apps.wellbeing: AssetManager2(0x779bea4bd738) locale list changing from [] to [en-US]
02-04 12:12:32.411  1377  1526 I .apps.wellbeing: AssetManager2(0x779bea4ba538) locale list changing from [] to [en-US]
02-04 12:12:32.415  1377  1526 I .apps.wellbeing: AssetManager2(0x779bea4bab78) locale list changing from [] to [en-US]
02-04 12:12:32.419  7259  7308 D WeatherWidgetWorker: doWork: Starting weather fetch (uiOnly=false)
02-04 12:12:32.457  7259  7308 D WeatherWidgetWorker: doWork: Location = (37.422, -122.0841)
02-04 12:12:32.459  7259  7308 D WeatherRepository: fetchFromOpenMeteo: Fetching for 37.422, -122.0841 (days=14)
02-04 12:12:32.475  1377  1526 I .apps.wellbeing: AssetManager2(0x779bea4bed18) locale list changing from [] to [en-US]
02-04 12:12:32.478  1377  1526 I .apps.wellbeing: AssetManager2(0x779bea4b98b8) locale list changing from [] to [en-US]
02-04 12:12:32.479  1377  1526 I .apps.wellbeing: AssetManager2(0x779bea4b4a98) locale list changing from [] to [en-US]
02-04 12:12:32.480  1377  1526 I .apps.wellbeing: AssetManager2(0x779bea4b85f8) locale list changing from [] to [en-US]
02-04 12:12:32.482  1377  1526 I .apps.wellbeing: AssetManager2(0x779bea4b9ef8) locale list changing from [] to [en-US]
02-04 12:12:32.493  1377  1526 I .apps.wellbeing: AssetManager2(0x779bea4bae98) locale list changing from [] to [en-US]
02-04 12:12:32.501  1377  1526 I .apps.wellbeing: AssetManager2(0x779bea4b6078) locale list changing from [] to [en-US]
02-04 12:12:32.503  1377  1526 I .apps.wellbeing: AssetManager2(0x779bea4b5a38) locale list changing from [] to [en-US]
02-04 12:12:32.508  1377  1526 I .apps.wellbeing: AssetManager2(0x779bea4a9b98) locale list changing from [] to [en-US]
02-04 12:12:32.510  1377  1526 I .apps.wellbeing: AssetManager2(0x779bea49b778) locale list changing from [] to [en-US]
02-04 12:12:32.513  1377  1526 I .apps.wellbeing: AssetManager2(0x779bea4a9eb8) locale list changing from [] to [en-US]
02-04 12:12:32.516  1377  1526 I .apps.wellbeing: AssetManager2(0x779bea4aab38) locale list changing from [] to [en-US]
02-04 12:12:32.522  1377  1526 I .apps.wellbeing: AssetManager2(0x779bea4a6cb8) locale list changing from [] to [en-US]
02-04 12:12:32.524  1377  1526 I .apps.wellbeing: AssetManager2(0x779bea4a6038) locale list changing from [] to [en-US]
02-04 12:12:32.532  1377  1526 I .apps.wellbeing: AssetManager2(0x779bea4a21b8) locale list changing from [] to [en-US]
02-04 12:12:32.542  1377  1526 I .apps.wellbeing: AssetManager2(0x779bea49d398) locale list changing from [] to [en-US]
02-04 12:12:32.561  1377  1526 I .apps.wellbeing: AssetManager2(0x779bea4a1e98) locale list changing from [] to [en-US]
02-04 12:12:32.573  1377  1526 I .apps.wellbeing: AssetManager2(0x779bea49a198) locale list changing from [] to [en-US]
02-04 12:12:32.605  1377  1526 I .apps.wellbeing: AssetManager2(0x779bea49f2d8) locale list changing from [] to [en-US]
02-04 12:12:32.611  1377  1526 I .apps.wellbeing: AssetManager2(0x779bea4a40f8) locale list changing from [] to [en-US]
02-04 12:12:32.625   672   683 I system_server: Background concurrent mark compact GC freed 33MB AllocSpace bytes, 62(3952KB) LOS objects, 38% free, 37MB/61MB, paused 24.894ms,27.420ms total 5.706s
02-04 12:12:32.627  1377  1526 I .apps.wellbeing: AssetManager2(0x779bea4a08b8) locale list changing from [] to [en-US]
02-04 12:12:32.628  1377  1526 I .apps.wellbeing: AssetManager2(0x779bea49d078) locale list changing from [] to [en-US]
02-04 12:12:32.633  1377  1526 I .apps.wellbeing: AssetManager2(0x779bea49f5f8) locale list changing from [] to [en-US]
02-04 12:12:32.637  1377  1526 I .apps.wellbeing: AssetManager2(0x779bea4a24d8) locale list changing from [] to [en-US]
02-04 12:12:32.638  1432  1432 I AiAiTextClassifier: onDestroyTextClassificationSession = TextClassificationSessionId {28117a60-f7e3-4d7c-bafa-62d4ab5249b1}
02-04 12:12:32.646  1377  1526 I .apps.wellbeing: AssetManager2(0x779bea49e658) locale list changing from [] to [en-US]
02-04 12:12:32.649  1377  1526 I .apps.wellbeing: AssetManager2(0x779bea49ca38) locale list changing from [] to [en-US]
02-04 12:12:32.651  1377  1526 I .apps.wellbeing: AssetManager2(0x779bea4a3ab8) locale list changing from [] to [en-US]
02-04 12:12:32.653  1377  1526 I .apps.wellbeing: AssetManager2(0x779bea4a3158) locale list changing from [] to [en-US]
02-04 12:12:32.657  1377  1526 I .apps.wellbeing: AssetManager2(0x779bea4a85b8) locale list changing from [] to [en-US]
02-04 12:12:32.663  1377  1526 I .apps.wellbeing: AssetManager2(0x779bea4a6fd8) locale list changing from [] to [en-US]
02-04 12:12:32.665  1377  1526 I .apps.wellbeing: AssetManager2(0x779bea4a4a58) locale list changing from [] to [en-US]
02-04 12:12:32.666  1377  1526 I .apps.wellbeing: AssetManager2(0x779bea4a8f18) locale list changing from [] to [en-US]
02-04 12:12:32.669  1377  1526 I .apps.wellbeing: AssetManager2(0x779bea4aa4f8) locale list changing from [] to [en-US]
02-04 12:12:32.672  1377  1526 I .apps.wellbeing: AssetManager2(0x779bea4a4d78) locale list changing from [] to [en-US]
02-04 12:12:32.675  1377  1526 I .apps.wellbeing: AssetManager2(0x779bea4a8298) locale list changing from [] to [en-US]
02-04 12:12:32.678  1377  1526 I .apps.wellbeing: AssetManager2(0x779bea4a9558) locale list changing from [] to [en-US]
02-04 12:12:32.682  1377  1526 I .apps.wellbeing: AssetManager2(0x779bea4a9878) locale list changing from [] to [en-US]
02-04 12:12:32.687  1377  1526 I .apps.wellbeing: AssetManager2(0x779bea4a6358) locale list changing from [] to [en-US]
02-04 12:12:32.690  1377  1526 I .apps.wellbeing: AssetManager2(0x779bea4aae58) locale list changing from [] to [en-US]
02-04 12:12:32.693  1377  1526 I .apps.wellbeing: AssetManager2(0x779bea4aa1d8) locale list changing from [] to [en-US]
02-04 12:12:32.702  1377  1526 I .apps.wellbeing: AssetManager2(0x779bea4ab178) locale list changing from [] to [en-US]
02-04 12:12:32.706  1377  1526 I .apps.wellbeing: AssetManager2(0x779bea4abdf8) locale list changing from [] to [en-US]
02-04 12:12:32.707  1377  1526 I .apps.wellbeing: AssetManager2(0x779bea4a9238) locale list changing from [] to [en-US]
02-04 12:12:32.712  1377  1526 I .apps.wellbeing: AssetManager2(0x779bea4ac118) locale list changing from [] to [en-US]
02-04 12:12:32.716  1377  1526 I .apps.wellbeing: AssetManager2(0x779bea4a72f8) locale list changing from [] to [en-US]
02-04 12:12:32.717  1377  1526 I .apps.wellbeing: AssetManager2(0x779bea4ad0b8) locale list changing from [] to [en-US]
02-04 12:12:32.721  1377  1526 I .apps.wellbeing: AssetManager2(0x779bea4b3af8) locale list changing from [] to [en-US]
02-04 12:12:32.723  1377  1526 I .apps.wellbeing: AssetManager2(0x779bea4aeff8) locale list changing from [] to [en-US]
02-04 12:12:32.728  1377  1526 I .apps.wellbeing: AssetManager2(0x779bea4aca78) locale list changing from [] to [en-US]
02-04 12:12:32.729  1377  1526 I .apps.wellbeing: AssetManager2(0x779bea4b2838) locale list changing from [] to [en-US]
02-04 12:12:32.734  1377  1526 I .apps.wellbeing: AssetManager2(0x779bea4ad6f8) locale list changing from [] to [en-US]
02-04 12:12:32.735   672   685 W System  : A resource failed to call close. 
02-04 12:12:32.737  1377  1526 I .apps.wellbeing: AssetManager2(0x779bea4aff98) locale list changing from [] to [en-US]
02-04 12:12:32.740  1377  1526 I .apps.wellbeing: AssetManager2(0x779bea4b05d8) locale list changing from [] to [en-US]
02-04 12:12:32.741  1377  1526 I .apps.wellbeing: AssetManager2(0x779bea4afc78) locale list changing from [] to [en-US]
02-04 12:12:32.795  1529  6841 I gle.android.gms: Explicit concurrent mark compact GC freed 3942KB AllocSpace bytes, 4(208KB) LOS objects, 24% free, 13MB/17MB, paused 930us,20.640ms total 3.544s
02-04 12:12:32.796  1529  1536 I gle.android.gms: WaitForGcToComplete blocked Background on Explicit for 2.263s
02-04 12:12:32.799  1377  1526 I .apps.wellbeing: AssetManager2(0x779bea4ac438) locale list changing from [] to [en-US]
02-04 12:12:32.800  7259  7325 D WeatherRepository: fetchFromNws: Got 14 periods
02-04 12:12:32.800  7259  7325 D WeatherRepository: fetchFromNws: Fetching hourly forecasts from NWS...
02-04 12:12:32.807  1377  1526 I .apps.wellbeing: AssetManager2(0x779bea49ff58) locale list changing from [] to [en-US]
02-04 12:12:32.811  1377  1526 I .apps.wellbeing: AssetManager2(0x779bea4a3dd8) locale list changing from [] to [en-US]
02-04 12:12:32.816  1377  1526 I .apps.wellbeing: AssetManager2(0x779bea4b0f38) locale list changing from [] to [en-US]
02-04 12:12:32.819  1377  1526 I .apps.wellbeing: AssetManager2(0x779bea49d9d8) locale list changing from [] to [en-US]
02-04 12:12:32.822  1377  1526 I .apps.wellbeing: AssetManager2(0x779bea4af958) locale list changing from [] to [en-US]
02-04 12:12:32.824  1377  1526 I .apps.wellbeing: AssetManager2(0x779bea49d398) locale list changing from [] to [en-US]
02-04 12:12:32.828  1377  1526 I .apps.wellbeing: AssetManager2(0x779bea4a0ef8) locale list changing from [] to [en-US]
02-04 12:12:32.831  1377  1526 I .apps.wellbeing: AssetManager2(0x779bea4abad8) locale list changing from [] to [en-US]
02-04 12:12:32.833  1377  1526 I .apps.wellbeing: AssetManager2(0x779bea4ab498) locale list changing from [] to [en-US]
02-04 12:12:32.835  1377  1526 I .apps.wellbeing: AssetManager2(0x779bea4a9878) locale list changing from [] to [en-US]
02-04 12:12:32.839  1377  1526 I .apps.wellbeing: AssetManager2(0x779bea4aa818) locale list changing from [] to [en-US]
02-04 12:12:32.842  1377  1526 I .apps.wellbeing: AssetManager2(0x779bea4ab178) locale list changing from [] to [en-US]
02-04 12:12:32.845  1377  1526 I .apps.wellbeing: AssetManager2(0x779bea4a6998) locale list changing from [] to [en-US]
02-04 12:12:32.847  1377  1526 I .apps.wellbeing: AssetManager2(0x779bea4a4738) locale list changing from [] to [en-US]
02-04 12:12:32.851  1377  1526 I .apps.wellbeing: AssetManager2(0x779bea4a7c58) locale list changing from [] to [en-US]
02-04 12:12:32.859  1377  1526 I .apps.wellbeing: AssetManager2(0x779bea4a9558) locale list changing from [] to [en-US]
02-04 12:12:32.861  1377  1526 I .apps.wellbeing: AssetManager2(0x779bea4a4d78) locale list changing from [] to [en-US]
02-04 12:12:32.863  1377  1526 I .apps.wellbeing: AssetManager2(0x779bea4aa4f8) locale list changing from [] to [en-US]
02-04 12:12:32.868  1377  1526 I .apps.wellbeing: AssetManager2(0x779bea4a59f8) locale list changing from [] to [en-US]
02-04 12:12:32.874  1377  1526 I .apps.wellbeing: AssetManager2(0x779bea4b2e78) locale list changing from [] to [en-US]
02-04 12:12:32.876  1377  1526 I .apps.wellbeing: AssetManager2(0x779bea4ad6f8) locale list changing from [] to [en-US]
02-04 12:12:32.882  1377  1526 I .apps.wellbeing: AssetManager2(0x779bea4aca78) locale list changing from [] to [en-US]
02-04 12:12:32.888  1377  1526 I .apps.wellbeing: AssetManager2(0x779bea4b2838) locale list changing from [] to [en-US]
02-04 12:12:32.889  1377  1526 I .apps.wellbeing: AssetManager2(0x779bea4a88d8) locale list changing from [] to [en-US]
02-04 12:12:32.896  1377  1526 I .apps.wellbeing: AssetManager2(0x779bea4a72f8) locale list changing from [] to [en-US]
02-04 12:12:32.897  1377  1526 I .apps.wellbeing: AssetManager2(0x779bea4a7f78) locale list changing from [] to [en-US]
02-04 12:12:32.906  1377  1526 I .apps.wellbeing: AssetManager2(0x779bea4a3158) locale list changing from [] to [en-US]
02-04 12:12:32.913  1377  1526 I .apps.wellbeing: AssetManager2(0x779bea49ca38) locale list changing from [] to [en-US]
02-04 12:12:32.915  1377  1526 I .apps.wellbeing: AssetManager2(0x779bea49e658) locale list changing from [] to [en-US]
02-04 12:12:32.917  1377  1526 I .apps.wellbeing: AssetManager2(0x779bea4a2b18) locale list changing from [] to [en-US]
02-04 12:12:32.921  1377  1526 I .apps.wellbeing: AssetManager2(0x779bea4a24d8) locale list changing from [] to [en-US]
02-04 12:12:32.924  1377  1526 I .apps.wellbeing: AssetManager2(0x779bea4a3ab8) locale list changing from [] to [en-US]
02-04 12:12:32.925  1377  1526 I .apps.wellbeing: AssetManager2(0x779bea49d078) locale list changing from [] to [en-US]
02-04 12:12:32.928  1377  1526 I .apps.wellbeing: AssetManager2(0x779bea4a08b8) locale list changing from [] to [en-US]
02-04 12:12:32.930  1377  1526 I .apps.wellbeing: AssetManager2(0x779bea49a198) locale list changing from [] to [en-US]
02-04 12:12:32.931  1377  1526 I .apps.wellbeing: AssetManager2(0x779bea4a1e98) locale list changing from [] to [en-US]
02-04 12:12:32.932  1377  1526 I .apps.wellbeing: AssetManager2(0x779bea48d678) locale list changing from [] to [en-US]
02-04 12:12:32.933  1377  1526 I .apps.wellbeing: AssetManager2(0x779bea49f2d8) locale list changing from [] to [en-US]
02-04 12:12:32.934  1377  1526 I .apps.wellbeing: AssetManager2(0x779bea4a6038) locale list changing from [] to [en-US]
02-04 12:12:32.935  1377  1526 I .apps.wellbeing: AssetManager2(0x779bea4a8bf8) locale list changing from [] to [en-US]
02-04 12:12:32.940  1377  1526 I .apps.wellbeing: AssetManager2(0x779bea4a53b8) locale list changing from [] to [en-US]
02-04 12:12:32.942  1377  1526 I .apps.wellbeing: AssetManager2(0x779bea4a6cb8) locale list changing from [] to [en-US]
02-04 12:12:32.943  1377  1526 I .apps.wellbeing: AssetManager2(0x779bea4a9eb8) locale list changing from [] to [en-US]
02-04 12:12:32.946  1377  1526 I .apps.wellbeing: AssetManager2(0x779bea4a5098) locale list changing from [] to [en-US]
02-04 12:12:32.983  1377  1526 I .apps.wellbeing: AssetManager2(0x779bea4bb4d8) locale list changing from [] to [en-US]
02-04 12:12:32.986  1377  1526 I .apps.wellbeing: AssetManager2(0x779bea4b5a38) locale list changing from [] to [en-US]
02-04 12:12:32.987  1377  1526 I .apps.wellbeing: AssetManager2(0x779bea4b66b8) locale list changing from [] to [en-US]
02-04 12:12:32.989  1377  1526 I .apps.wellbeing: AssetManager2(0x779bea4a9b98) locale list changing from [] to [en-US]
02-04 12:12:32.991  1377  1526 I .apps.wellbeing: AssetManager2(0x779bea4bae98) locale list changing from [] to [en-US]
02-04 12:12:32.996  1377  1526 I .apps.wellbeing: AssetManager2(0x779bea4b69d8) locale list changing from [] to [en-US]
02-04 12:12:32.998  1377  1526 I .apps.wellbeing: AssetManager2(0x779bea4ba858) locale list changing from [] to [en-US]
02-04 12:12:33.011  7259  7309 D WeatherRepository: fetchFromNws: Got 156 NWS hourly periods
02-04 12:12:33.044  7259  7324 D WeatherRepository: saveNwsHourlyForecasts: Saved 156 NWS hourly forecasts, range: 2026-02-04T11:00 to 2026-02-10T22:00
02-04 12:12:33.055  7259  7324 D WeatherRepository: fetchDayObservations: Using cached stations (52 total)
02-04 12:12:33.055  7259  7324 D WeatherRepository: fetchDayObservations: Trying station AW020 (1/5) for 2026-02-04
02-04 12:12:33.077  7259  7324 W WeatherRepository: fetchDayObservations: No observations from AW020 for 2026-02-04 - trying next
02-04 12:12:33.077  7259  7324 D WeatherRepository: fetchDayObservations: Trying station KNUQ (2/5) for 2026-02-04
02-04 12:12:33.133  7259  7314 I WeatherRepository: fetchDayObservations: SUCCESS - Got 35 observations from KNUQ for 2026-02-04
02-04 12:12:33.133  7259  7314 I WeatherRepository: fetchDayObservations: Station KNUQ provided data for 2026-02-04 (H:62 L:42) after 2 attempts
02-04 12:12:33.133  7259  7314 D WeatherRepository: fetchFromNws: Got observations for 2026-02-04 H=62 L=42 from station KNUQ
02-04 12:12:33.134  7259  7314 D WeatherRepository: fetchDayObservations: Using cached stations (52 total)
02-04 12:12:33.134  7259  7314 D WeatherRepository: fetchDayObservations: Trying station AW020 (1/5) for 2026-02-03
02-04 12:12:33.151  7259  7326 W WeatherRepository: fetchDayObservations: No observations from AW020 for 2026-02-03 - trying next
02-04 12:12:33.151  7259  7326 D WeatherRepository: fetchDayObservations: Trying station KNUQ (2/5) for 2026-02-03
02-04 12:12:33.236  7259  7325 I WeatherRepository: fetchDayObservations: SUCCESS - Got 72 observations from KNUQ for 2026-02-03
02-04 12:12:33.236  7259  7325 I WeatherRepository: fetchDayObservations: Station KNUQ provided data for 2026-02-03 (H:68 L:42) after 2 attempts
02-04 12:12:33.236  7259  7325 D WeatherRepository: fetchFromNws: Got observations for 2026-02-03 H=68 L=42 from station KNUQ
02-04 12:12:33.236  7259  7325 D WeatherRepository: fetchDayObservations: Using cached stations (52 total)
02-04 12:12:33.236  7259  7325 D WeatherRepository: fetchDayObservations: Trying station AW020 (1/5) for 2026-02-02
02-04 12:12:33.264  7259  7308 W WeatherRepository: fetchDayObservations: No observations from AW020 for 2026-02-02 - trying next
02-04 12:12:33.264  7259  7308 D WeatherRepository: fetchDayObservations: Trying station KNUQ (2/5) for 2026-02-02
02-04 12:12:33.341  7259  7324 I WeatherRepository: fetchDayObservations: SUCCESS - Got 72 observations from KNUQ for 2026-02-02
02-04 12:12:33.341  7259  7324 I WeatherRepository: fetchDayObservations: Station KNUQ provided data for 2026-02-02 (H:69 L:41) after 2 attempts
02-04 12:12:33.341  7259  7324 D WeatherRepository: fetchFromNws: Got observations for 2026-02-02 H=69 L=41 from station KNUQ
02-04 12:12:33.341  7259  7324 D WeatherRepository: fetchDayObservations: Using cached stations (52 total)
02-04 12:12:33.341  7259  7324 D WeatherRepository: fetchDayObservations: Trying station AW020 (1/5) for 2026-02-01
02-04 12:12:33.360  7259  7326 W WeatherRepository: fetchDayObservations: No observations from AW020 for 2026-02-01 - trying next
02-04 12:12:33.360  7259  7326 D WeatherRepository: fetchDayObservations: Trying station KNUQ (2/5) for 2026-02-01
02-04 12:12:33.433  7259  7314 I WeatherRepository: fetchDayObservations: SUCCESS - Got 71 observations from KNUQ for 2026-02-01
02-04 12:12:33.434  7259  7314 I WeatherRepository: fetchDayObservations: Station KNUQ provided data for 2026-02-01 (H:64 L:42) after 2 attempts
02-04 12:12:33.434  7259  7314 D WeatherRepository: fetchFromNws: Got observations for 2026-02-01 H=64 L=42 from station KNUQ
02-04 12:12:33.434  7259  7314 D WeatherRepository: fetchDayObservations: Using cached stations (52 total)
02-04 12:12:33.434  7259  7314 D WeatherRepository: fetchDayObservations: Trying station AW020 (1/5) for 2026-01-31
02-04 12:12:33.497  7259  7329 I WeatherRepository: fetchDayObservations: SUCCESS - Got 75 observations from AW020 for 2026-01-31
02-04 12:12:33.497  7259  7329 I WeatherRepository: fetchDayObservations: Station AW020 provided data for 2026-01-31 (H:64 L:41) after 1 attempts
02-04 12:12:33.497  7259  7329 D WeatherRepository: fetchFromNws: Got observations for 2026-01-31 H=64 L=41 from station AW020
