02-04 12:10:42.305  2397  3993 I bauth_FPBAuthService: pcf : 0x1012, 0 ,1 ,0 ,0 ,0 ,0, 16.0.0.3
02-04 12:10:42.305  2397  3993 I bauth_FPBAuthService: thread id : 1, preenroll_flag : 0, nd cnt : 0, cso : 0, et : 0
02-04 12:10:42.305  2397  3993 I bauth_FPBAuthService: FPBAuthService, 11434
02-04 12:10:42.330  2712  2832 D MARsPolicyManager: triggerAction called!
02-04 12:10:42.331  2712  2832 I NSLocationMonitor: getGPSUsingApps() called
02-04 12:10:42.332  4732  4822 I NSLocationManager_FLP: getGPSUsingApps, No change
02-04 12:10:42.348  2712  3849 W DeviceStorageMonitorService: updateBroadcasts(/data) oldLevel:0, newLevel:0, seq:1
02-04 12:10:42.349  2712  3849 D DeviceStorageMonitorService: Available File Node Number is [11639206]
02-04 12:10:42.349  2712  3849 W DeviceStorageMonitorService: updateBroadcasts_filenode(/data) fn_oldLevel:0, fn_newLevel:0, seq:1
02-04 12:10:42.943  1989  1995 E HeatmapThread: ECT Thread time in milliseconds: 1770235842
02-04 12:10:42.943  1989  1995 D HeatmapThread: !@ batteryplugType : 0
02-04 12:10:42.943  1989  1995 D HeatmapThread: !@ batteryLevel : 0  batteryTemperature : 0 
02-04 12:10:42.943  1989  1995 D HeatmapThread: !@ Heatmap currtime: 29503930
02-04 12:10:42.944  1989  1995 D HeatmapThread: !@ Heatmap prevtime: 29503903
02-04 12:10:42.944  1989  1995 D HeatmapThread: !@ Heatmap plugstarttime: 35791394
02-04 12:10:42.944  1989  1995 D HeatmapThread: !@ Heatmap prevv_dsoh_update_time: 29503753
02-04 12:10:42.944  1989  1995 E HeatmapThread: !@Could not open '/efs/FactoryApp/bsoh', errno = 13
02-04 12:10:42.944  1989  1995 E HeatmapThread: !@ CAM Could not access BSOH EFS
02-04 12:10:42.944  1989  1995 E HeatmapThread: !@ CAM New BSOH: 0
02-04 12:10:43.029  4267  4267 I wpa_supplicant: Heartbeat 1061
02-04 12:10:43.049  5118  5660 I EPDG -- SIM0 [SMARTWIFI]: isProfiling, hash=91648288, started=true
02-04 12:10:43.049  5118  5660 I EPDG -- SIM0 [SMARTWIFI]: isProfiling, hash=91648288, started=true
02-04 12:10:43.050  5118  5660 I EPDG -- SIM0 [SMARTWIFI]: Rssi : -60 highrange : -75 lowrange : -80 mIsRssiInHystersis : false
02-04 12:10:43.050  5118  5660 I EPDG -- SIM0 [SMARTWIFI]: isL2WHandoverProfilingRunning: returning: false
02-04 12:10:43.050  5118  5660 I EPDG -- SIM0 [SMARTWIFI]: No need to send L2WHandoverProfiling runnable
02-04 12:10:43.050  5118  5660 I EPDG -- SIM0 [SMARTWIFI]: getHandoverThresholdMet: value is: false
02-04 12:10:43.308  2397  3993 I bauth_FPBAuthService: pcf : 0x1012, 0 ,1 ,0 ,0 ,0 ,0, 16.0.0.3
02-04 12:10:43.308  2397  3993 I bauth_FPBAuthService: thread id : 1, preenroll_flag : 0, nd cnt : 0, cso : 0, et : 0
02-04 12:10:43.308  2397  3993 I bauth_FPBAuthService: FPBAuthService, 11434
02-04 12:10:43.473  1146  1146 D io_stats: !@ Write_top(KB): f2fs_ckpt-254:5(1226) 48 init(1) 24
02-04 12:10:43.942  1989  1995 E HeatmapThread: ECT Thread time in milliseconds: 1770235843
02-04 12:10:43.942  1989  1995 D HeatmapThread: !@ batteryplugType : 0
02-04 12:10:43.942  1989  1995 D HeatmapThread: !@ batteryLevel : 0  batteryTemperature : 0 
02-04 12:10:43.943  1989  1995 D HeatmapThread: !@ Heatmap currtime: 29503930
02-04 12:10:43.943  1989  1995 D HeatmapThread: !@ Heatmap prevtime: 29503903
02-04 12:10:43.943  1989  1995 D HeatmapThread: !@ Heatmap plugstarttime: 35791394
02-04 12:10:43.943  1989  1995 D HeatmapThread: !@ Heatmap prevv_dsoh_update_time: 29503753
02-04 12:10:43.943  1989  1995 E HeatmapThread: !@Could not open '/efs/FactoryApp/bsoh', errno = 13
02-04 12:10:43.943  1989  1995 E HeatmapThread: !@ CAM Could not access BSOH EFS
02-04 12:10:43.943  1989  1995 E HeatmapThread: !@ CAM New BSOH: 0
02-04 12:10:44.310  2397  3993 I bauth_FPBAuthService: pcf : 0x1012, 0 ,1 ,0 ,0 ,0 ,0, 16.0.0.3
02-04 12:10:44.311  2397  3993 I bauth_FPBAuthService: thread id : 1, preenroll_flag : 0, nd cnt : 0, cso : 0, et : 0
02-04 12:10:44.311  2397  3993 I bauth_FPBAuthService: FPBAuthService, 11434
02-04 12:10:44.943  1989  1995 E HeatmapThread: ECT Thread time in milliseconds: 1770235844
02-04 12:10:44.944  1989  1995 D HeatmapThread: !@ batteryplugType : 0
02-04 12:10:44.944  1989  1995 D HeatmapThread: !@ batteryLevel : 0  batteryTemperature : 0 
02-04 12:10:44.944  1989  1995 D HeatmapThread: !@ Heatmap currtime: 29503930
02-04 12:10:44.944  1989  1995 D HeatmapThread: !@ Heatmap prevtime: 29503903
02-04 12:10:44.944  1989  1995 D HeatmapThread: !@ Heatmap plugstarttime: 35791394
02-04 12:10:44.944  1989  1995 D HeatmapThread: !@ Heatmap prevv_dsoh_update_time: 29503753
02-04 12:10:44.944  1989  1995 E HeatmapThread: !@Could not open '/efs/FactoryApp/bsoh', errno = 13
02-04 12:10:44.945  1989  1995 E HeatmapThread: !@ CAM Could not access BSOH EFS
02-04 12:10:44.945  1989  1995 E HeatmapThread: !@ CAM New BSOH: 0
02-04 12:10:45.255  1873  1901 D BatteryDump: wait_for_battery_event : occurred : change@/devices/platform/samsung_mobile_device/samsung_mobile_device:battery/power_supply/battery 
02-04 12:10:45.263  1873  1873 I android.hardware.health@2.1-service-samsung: updateLrpSysfs: write: 246
02-04 12:10:45.312  2397  3993 I bauth_FPBAuthService: pcf : 0x1012, 0 ,1 ,0 ,0 ,0 ,0, 16.0.0.3
02-04 12:10:45.312  2397  3993 I bauth_FPBAuthService: thread id : 1, preenroll_flag : 0, nd cnt : 0, cso : 0, et : 0
02-04 12:10:45.312  2397  3993 I bauth_FPBAuthService: FPBAuthService, 11434
02-04 12:10:45.379  1873  1901 E BatteryDump: !@new_battery_dump : 4110,-1,900,3000,79,238,232,242,237,0,245,233,232,Not-charging,NO_CHARGING,Normal,Good,PDIC,0,Normal,0,0,11400,0x8000,0x1010000,0x0,0,0,0000,0000,00000000,4106,4106,0,9,516,4106,7902,990,0,
02-04 12:10:45.476  1146  1146 D io_stats: !@   8,0 r 626956 13606861 w 430478 8157032 d 98561 9421384 f 0 40699 iot 343360 0 th 0 0 0 pt 0 inp 0 0 10678.938
02-04 12:10:45.943  1989  1995 E HeatmapThread: ECT Thread time in milliseconds: 1770235845
02-04 12:10:45.943  1989  1995 D HeatmapThread: !@ batteryplugType : 0
02-04 12:10:45.944  1989  1995 D HeatmapThread: !@ batteryLevel : 0  batteryTemperature : 0 
02-04 12:10:45.944  1989  1995 D HeatmapThread: !@ Heatmap currtime: 29503930
02-04 12:10:45.944  1989  1995 D HeatmapThread: !@ Heatmap prevtime: 29503903
02-04 12:10:45.944  1989  1995 D HeatmapThread: !@ Heatmap plugstarttime: 35791394
02-04 12:10:45.944  1989  1995 D HeatmapThread: !@ Heatmap prevv_dsoh_update_time: 29503753
02-04 12:10:45.944  1989  1995 E HeatmapThread: !@Could not open '/efs/FactoryApp/bsoh', errno = 13
02-04 12:10:45.944  1989  1995 E HeatmapThread: !@ CAM Could not access BSOH EFS
02-04 12:10:45.944  1989  1995 E HeatmapThread: !@ CAM New BSOH: 0
02-04 12:10:46.066  5118  5660 I EPDG -- SIM0 [SMARTWIFI]: isProfiling, hash=91648288, started=true
02-04 12:10:46.066  5118  5660 I EPDG -- SIM0 [SMARTWIFI]: isProfiling, hash=91648288, started=true
02-04 12:10:46.066  5118  5660 I EPDG -- SIM0 [SMARTWIFI]: Rssi : -60 highrange : -75 lowrange : -80 mIsRssiInHystersis : false
02-04 12:10:46.067  5118  5660 I EPDG -- SIM0 [SMARTWIFI]: isL2WHandoverProfilingRunning: returning: false
02-04 12:10:46.067  5118  5660 I EPDG -- SIM0 [SMARTWIFI]: No need to send L2WHandoverProfiling runnable
02-04 12:10:46.067  5118  5660 I EPDG -- SIM0 [SMARTWIFI]: getHandoverThresholdMet: value is: false
02-04 12:10:46.315  2397  3993 I bauth_FPBAuthService: pcf : 0x1012, 0 ,1 ,0 ,0 ,0 ,0, 16.0.0.3
02-04 12:10:46.315  2397  3993 I bauth_FPBAuthService: thread id : 1, preenroll_flag : 0, nd cnt : 0, cso : 0, et : 0
02-04 12:10:46.315  2397  3993 I bauth_FPBAuthService: FPBAuthService, 11434
02-04 12:10:46.942  1989  1995 E HeatmapThread: ECT Thread time in milliseconds: 1770235846
02-04 12:10:46.942  1989  1995 D HeatmapThread: !@ batteryplugType : 0
02-04 12:10:46.942  1989  1995 D HeatmapThread: !@ batteryLevel : 0  batteryTemperature : 0 
02-04 12:10:46.942  1989  1995 D HeatmapThread: !@ Heatmap currtime: 29503930
02-04 12:10:46.942  1989  1995 D HeatmapThread: !@ Heatmap prevtime: 29503903
02-04 12:10:46.942  1989  1995 D HeatmapThread: !@ Heatmap plugstarttime: 35791394
02-04 12:10:46.942  1989  1995 D HeatmapThread: !@ Heatmap prevv_dsoh_update_time: 29503753
02-04 12:10:46.943  1989  1995 E HeatmapThread: !@Could not open '/efs/FactoryApp/bsoh', errno = 13
02-04 12:10:46.943  1989  1995 E HeatmapThread: !@ CAM Could not access BSOH EFS
02-04 12:10:46.943  1989  1995 E HeatmapThread: !@ CAM New BSOH: 0
02-04 12:10:47.318  2397  3993 I bauth_FPBAuthService: pcf : 0x1012, 0 ,1 ,0 ,0 ,0 ,0, 16.0.0.3
02-04 12:10:47.318  2397  3993 I bauth_FPBAuthService: thread id : 1, preenroll_flag : 0, nd cnt : 0, cso : 0, et : 0
02-04 12:10:47.318  2397  3993 I bauth_FPBAuthService: FPBAuthService, 11434
02-04 12:10:47.361  2712  2832 D MARsPolicyManager: triggerAction called!
02-04 12:10:47.361  2712  2832 I NSLocationMonitor: getGPSUsingApps() called
02-04 12:10:47.362  4732  4822 I NSLocationManager_FLP: getGPSUsingApps, No change
02-04 12:10:47.480  1146  1146 D io_stats: !@ Write_top(KB): kworker/u16:3(11625) 2128 android.hardwar(1873) 8
02-04 12:10:47.943  1989  1995 E HeatmapThread: ECT Thread time in milliseconds: 1770235847
02-04 12:10:47.944  1989  1995 D HeatmapThread: !@ batteryplugType : 0
02-04 12:10:47.944  1989  1995 D HeatmapThread: !@ batteryLevel : 0  batteryTemperature : 0 
02-04 12:10:47.944  1989  1995 D HeatmapThread: !@ Heatmap currtime: 29503930
02-04 12:10:47.944  1989  1995 D HeatmapThread: !@ Heatmap prevtime: 29503903
02-04 12:10:47.944  1989  1995 D HeatmapThread: !@ Heatmap plugstarttime: 35791394
02-04 12:10:47.944  1989  1995 D HeatmapThread: !@ Heatmap prevv_dsoh_update_time: 29503753
02-04 12:10:47.944  1989  1995 E HeatmapThread: !@Could not open '/efs/FactoryApp/bsoh', errno = 13
02-04 12:10:47.944  1989  1995 E HeatmapThread: !@ CAM Could not access BSOH EFS
02-04 12:10:47.945  1989  1995 E HeatmapThread: !@ CAM New BSOH: 0
02-04 12:10:48.123  2712  2793 E Watchdog: !@Sync: 356 heap(MB): 106 / 147 FD: 1358 [2026-02-04 12:10:48.123]
02-04 12:10:48.320  2397  3993 I bauth_FPBAuthService: pcf : 0x1012, 0 ,1 ,0 ,0 ,0 ,0, 16.0.0.3
02-04 12:10:48.321  2397  3993 I bauth_FPBAuthService: thread id : 1, preenroll_flag : 0, nd cnt : 0, cso : 0, et : 0
02-04 12:10:48.321  2397  3993 I bauth_FPBAuthService: FPBAuthService, 11434
02-04 12:10:48.942  1989  1995 E HeatmapThread: ECT Thread time in milliseconds: 1770235848
02-04 12:10:48.942  1989  1995 D HeatmapThread: !@ batteryplugType : 0
02-04 12:10:48.942  1989  1995 D HeatmapThread: !@ batteryLevel : 0  batteryTemperature : 0 
02-04 12:10:48.943  1989  1995 D HeatmapThread: !@ Heatmap currtime: 29503930
02-04 12:10:48.943  1989  1995 D HeatmapThread: !@ Heatmap prevtime: 29503903
02-04 12:10:48.943  1989  1995 D HeatmapThread: !@ Heatmap plugstarttime: 35791394
02-04 12:10:48.943  1989  1995 D HeatmapThread: !@ Heatmap prevv_dsoh_update_time: 29503753
02-04 12:10:48.943  1989  1995 E HeatmapThread: !@Could not open '/efs/FactoryApp/bsoh', errno = 13
02-04 12:10:48.943  1989  1995 E HeatmapThread: !@ CAM Could not access BSOH EFS
02-04 12:10:48.943  1989  1995 E HeatmapThread: !@ CAM New BSOH: 0
02-04 12:10:49.073  5118  5660 I EPDG -- SIM0 [SMARTWIFI]: isProfiling, hash=91648288, started=true
02-04 12:10:49.074  5118  5660 I EPDG -- SIM0 [SMARTWIFI]: isProfiling, hash=91648288, started=true
02-04 12:10:49.074  5118  5660 I EPDG -- SIM0 [SMARTWIFI]: Rssi : -60 highrange : -75 lowrange : -80 mIsRssiInHystersis : false
02-04 12:10:49.074  5118  5660 I EPDG -- SIM0 [SMARTWIFI]: isL2WHandoverProfilingRunning: returning: false
02-04 12:10:49.074  5118  5660 I EPDG -- SIM0 [SMARTWIFI]: No need to send L2WHandoverProfiling runnable
02-04 12:10:49.074  5118  5660 I EPDG -- SIM0 [SMARTWIFI]: getHandoverThresholdMet: value is: false
02-04 12:10:49.323  2397  3993 I bauth_FPBAuthService: pcf : 0x1012, 0 ,1 ,0 ,0 ,0 ,0, 16.0.0.3
02-04 12:10:49.323  2397  3993 I bauth_FPBAuthService: thread id : 1, preenroll_flag : 0, nd cnt : 0, cso : 0, et : 0
02-04 12:10:49.323  2397  3993 I bauth_FPBAuthService: FPBAuthService, 11434
02-04 12:10:49.941  1989  1995 E HeatmapThread: ECT Thread time in milliseconds: 1770235849
02-04 12:10:49.941  1989  1995 D HeatmapThread: !@ batteryplugType : 0
02-04 12:10:49.941  1989  1995 D HeatmapThread: !@ batteryLevel : 0  batteryTemperature : 0 
02-04 12:10:49.941  1989  1995 D HeatmapThread: !@ Heatmap currtime: 29503930
02-04 12:10:49.941  1989  1995 D HeatmapThread: !@ Heatmap prevtime: 29503903
02-04 12:10:49.941  1989  1995 D HeatmapThread: !@ Heatmap plugstarttime: 35791394
02-04 12:10:49.941  1989  1995 D HeatmapThread: !@ Heatmap prevv_dsoh_update_time: 29503753
02-04 12:10:49.942  1989  1995 E HeatmapThread: !@Could not open '/efs/FactoryApp/bsoh', errno = 13
02-04 12:10:49.942  1989  1995 E HeatmapThread: !@ CAM Could not access BSOH EFS
02-04 12:10:49.942  1989  1995 E HeatmapThread: !@ CAM New BSOH: 0
02-04 12:10:50.326  2397  3993 I bauth_FPBAuthService: pcf : 0x1012, 0 ,1 ,0 ,0 ,0 ,0, 16.0.0.3
02-04 12:10:50.326  2397  3993 I bauth_FPBAuthService: thread id : 1, preenroll_flag : 0, nd cnt : 0, cso : 0, et : 0
02-04 12:10:50.326  2397  3993 I bauth_FPBAuthService: FPBAuthService, 11434
02-04 12:10:50.943  1989  1995 E HeatmapThread: ECT Thread time in milliseconds: 1770235850
02-04 12:10:50.943  1989  1995 D HeatmapThread: !@ batteryplugType : 0
02-04 12:10:50.944  1989  1995 D HeatmapThread: !@ batteryLevel : 0  batteryTemperature : 0 
02-04 12:10:50.944  1989  1995 D HeatmapThread: !@ Heatmap currtime: 29503930
02-04 12:10:50.944  1989  1995 D HeatmapThread: !@ Heatmap prevtime: 29503903
02-04 12:10:50.944  1989  1995 D HeatmapThread: !@ Heatmap plugstarttime: 35791394
02-04 12:10:50.944  1989  1995 D HeatmapThread: !@ Heatmap prevv_dsoh_update_time: 29503753
02-04 12:10:50.944  1989  1995 E HeatmapThread: !@Could not open '/efs/FactoryApp/bsoh', errno = 13
02-04 12:10:50.944  1989  1995 E HeatmapThread: !@ CAM Could not access BSOH EFS
02-04 12:10:50.944  1989  1995 E HeatmapThread: !@ CAM New BSOH: 0
02-04 12:10:51.327  2397  3993 I bauth_FPBAuthService: pcf : 0x1012, 0 ,1 ,0 ,0 ,0 ,0, 16.0.0.3
02-04 12:10:51.328  2397  3993 I bauth_FPBAuthService: thread id : 1, preenroll_flag : 0, nd cnt : 0, cso : 0, et : 0
02-04 12:10:51.328  2397  3993 I bauth_FPBAuthService: FPBAuthService, 11434
02-04 12:10:51.485  1146  1146 D io_stats: !@   8,0 r 626956 13606861 w 430513 8157200 d 98575 9421500 f 0 40704 iot 343372 0 th 0 0 0 pt 0 inp 0 0 10684.946
02-04 12:10:51.485  1146  1146 D io_stats: !@ Write_top(KB): f2fs_ckpt-254:5(1226) 32 init(1) 24
02-04 12:10:51.942  1989  1995 E HeatmapThread: ECT Thread time in milliseconds: 1770235851
02-04 12:10:51.942  1989  1995 D HeatmapThread: !@ batteryplugType : 0
02-04 12:10:51.942  1989  1995 D HeatmapThread: !@ batteryLevel : 0  batteryTemperature : 0 
02-04 12:10:51.943  1989  1995 D HeatmapThread: !@ Heatmap currtime: 29503930
02-04 12:10:51.943  1989  1995 D HeatmapThread: !@ Heatmap prevtime: 29503903
02-04 12:10:51.943  1989  1995 D HeatmapThread: !@ Heatmap plugstarttime: 35791394
02-04 12:10:51.943  1989  1995 D HeatmapThread: !@ Heatmap prevv_dsoh_update_time: 29503753
02-04 12:10:51.943  1989  1995 E HeatmapThread: !@Could not open '/efs/FactoryApp/bsoh', errno = 13
02-04 12:10:51.943  1989  1995 E HeatmapThread: !@ CAM Could not access BSOH EFS
02-04 12:10:51.943  1989  1995 E HeatmapThread: !@ CAM New BSOH: 0
02-04 12:10:52.092  5118  5660 I EPDG -- SIM0 [SMARTWIFI]: isProfiling, hash=91648288, started=true
02-04 12:10:52.093  5118  5660 I EPDG -- SIM0 [SMARTWIFI]: isProfiling, hash=91648288, started=true
02-04 12:10:52.093  5118  5660 I EPDG -- SIM0 [SMARTWIFI]: Rssi : -61 highrange : -75 lowrange : -80 mIsRssiInHystersis : false
02-04 12:10:52.093  5118  5660 I EPDG -- SIM0 [SMARTWIFI]: isL2WHandoverProfilingRunning: returning: false
02-04 12:10:52.093  5118  5660 I EPDG -- SIM0 [SMARTWIFI]: No need to send L2WHandoverProfiling runnable
02-04 12:10:52.093  5118  5660 I EPDG -- SIM0 [SMARTWIFI]: getHandoverThresholdMet: value is: false
02-04 12:10:52.330  2397  3993 I bauth_FPBAuthService: pcf : 0x1012, 0 ,1 ,0 ,0 ,0 ,0, 16.0.0.3
02-04 12:10:52.330  2397  3993 I bauth_FPBAuthService: thread id : 1, preenroll_flag : 0, nd cnt : 0, cso : 0, et : 0
02-04 12:10:52.330  2397  3993 I bauth_FPBAuthService: FPBAuthService, 11434
02-04 12:10:52.393  2712  2832 D MARsPolicyManager: triggerAction called!
02-04 12:10:52.395  2712  2832 I NSLocationMonitor: getGPSUsingApps() called
02-04 12:10:52.396  4732  4822 I NSLocationManager_FLP: getGPSUsingApps, No change
02-04 12:10:52.941  1989  1995 E HeatmapThread: ECT Thread time in milliseconds: 1770235852
02-04 12:10:52.941  1989  1995 D HeatmapThread: !@ batteryplugType : 0
02-04 12:10:52.941  1989  1995 D HeatmapThread: !@ batteryLevel : 0  batteryTemperature : 0 
02-04 12:10:52.941  1989  1995 D HeatmapThread: !@ Heatmap currtime: 29503930
02-04 12:10:52.941  1989  1995 D HeatmapThread: !@ Heatmap prevtime: 29503903
02-04 12:10:52.941  1989  1995 D HeatmapThread: !@ Heatmap plugstarttime: 35791394
02-04 12:10:52.941  1989  1995 D HeatmapThread: !@ Heatmap prevv_dsoh_update_time: 29503753
02-04 12:10:52.942  1989  1995 E HeatmapThread: !@Could not open '/efs/FactoryApp/bsoh', errno = 13
02-04 12:10:52.942  1989  1995 E HeatmapThread: !@ CAM Could not access BSOH EFS
02-04 12:10:52.942  1989  1995 E HeatmapThread: !@ CAM New BSOH: 0
02-04 12:10:53.042  4267  4267 I wpa_supplicant: Heartbeat 1062
02-04 12:10:53.333  2397  3993 I bauth_FPBAuthService: pcf : 0x1012, 0 ,1 ,0 ,0 ,0 ,0, 16.0.0.3
02-04 12:10:53.333  2397  3993 I bauth_FPBAuthService: thread id : 1, preenroll_flag : 0, nd cnt : 0, cso : 0, et : 0
02-04 12:10:53.333  2397  3993 I bauth_FPBAuthService: FPBAuthService, 11434
02-04 12:10:53.942  1989  1995 E HeatmapThread: ECT Thread time in milliseconds: 1770235853
02-04 12:10:53.942  1989  1995 D HeatmapThread: !@ batteryplugType : 0
02-04 12:10:53.942  1989  1995 D HeatmapThread: !@ batteryLevel : 0  batteryTemperature : 0 
02-04 12:10:53.942  1989  1995 D HeatmapThread: !@ Heatmap currtime: 29503930
02-04 12:10:53.943  1989  1995 D HeatmapThread: !@ Heatmap prevtime: 29503903
02-04 12:10:53.943  1989  1995 D HeatmapThread: !@ Heatmap plugstarttime: 35791394
02-04 12:10:53.943  1989  1995 D HeatmapThread: !@ Heatmap prevv_dsoh_update_time: 29503753
02-04 12:10:53.943  1989  1995 E HeatmapThread: !@Could not open '/efs/FactoryApp/bsoh', errno = 13
02-04 12:10:53.943  1989  1995 E HeatmapThread: !@ CAM Could not access BSOH EFS
02-04 12:10:53.943  1989  1995 E HeatmapThread: !@ CAM New BSOH: 0
02-04 12:10:54.336  2397  3993 I bauth_FPBAuthService: pcf : 0x1012, 0 ,1 ,0 ,0 ,0 ,0, 16.0.0.3
02-04 12:10:54.336  2397  3993 I bauth_FPBAuthService: thread id : 1, preenroll_flag : 0, nd cnt : 0, cso : 0, et : 0
02-04 12:10:54.336  2397  3993 I bauth_FPBAuthService: FPBAuthService, 11434
02-04 12:10:54.943  1989  1995 E HeatmapThread: ECT Thread time in milliseconds: 1770235854
02-04 12:10:54.944  1989  1995 D HeatmapThread: !@ batteryplugType : 0
02-04 12:10:54.944  1989  1995 D HeatmapThread: !@ batteryLevel : 0  batteryTemperature : 0 
02-04 12:10:54.944  1989  1995 D HeatmapThread: !@ Heatmap currtime: 29503930
02-04 12:10:54.944  1989  1995 D HeatmapThread: !@ Heatmap prevtime: 29503903
02-04 12:10:54.944  1989  1995 D HeatmapThread: !@ Heatmap plugstarttime: 35791394
02-04 12:10:54.944  1989  1995 D HeatmapThread: !@ Heatmap prevv_dsoh_update_time: 29503753
02-04 12:10:54.944  1989  1995 E HeatmapThread: !@Could not open '/efs/FactoryApp/bsoh', errno = 13
02-04 12:10:54.944  1989  1995 E HeatmapThread: !@ CAM Could not access BSOH EFS
02-04 12:10:54.944  1989  1995 E HeatmapThread: !@ CAM New BSOH: 0
02-04 12:10:55.108  5118  5660 I EPDG -- SIM0 [SMARTWIFI]: isProfiling, hash=91648288, started=true
02-04 12:10:55.109  5118  5660 I EPDG -- SIM0 [SMARTWIFI]: isProfiling, hash=91648288, started=true
02-04 12:10:55.109  5118  5660 I EPDG -- SIM0 [SMARTWIFI]: Rssi : -62 highrange : -75 lowrange : -80 mIsRssiInHystersis : false
02-04 12:10:55.109  5118  5660 I EPDG -- SIM0 [SMARTWIFI]: isL2WHandoverProfilingRunning: returning: false
02-04 12:10:55.109  5118  5660 I EPDG -- SIM0 [SMARTWIFI]: No need to send L2WHandoverProfiling runnable
02-04 12:10:55.110  5118  5660 I EPDG -- SIM0 [SMARTWIFI]: getHandoverThresholdMet: value is: false
02-04 12:10:55.337  2397  3993 I bauth_FPBAuthService: pcf : 0x1012, 0 ,1 ,0 ,0 ,0 ,0, 16.0.0.3
02-04 12:10:55.337  2397  3993 I bauth_FPBAuthService: thread id : 1, preenroll_flag : 0, nd cnt : 0, cso : 0, et : 0
02-04 12:10:55.337  2397  3993 I bauth_FPBAuthService: FPBAuthService, 11434
02-04 12:10:55.487  1146  1146 D io_stats: !@   8,0 r 626956 13606861 w 430516 8159000 d 98575 9421500 f 0 40704 iot 343388 0 th 0 0 0 pt 0 inp 0 0 10688.949
02-04 12:10:55.488  1146  1146 D io_stats: !@ Write_top(KB): kworker/u16:0(31520) 1800
02-04 12:10:55.495  1873  1901 D BatteryDump: wait_for_battery_event : occurred : change@/devices/platform/samsung_mobile_device/samsung_mobile_device:battery/power_supply/battery 
02-04 12:10:55.508  1873  1873 I android.hardware.health@2.1-service-samsung: updateLrpSysfs: write: 246
02-04 12:10:55.631  1873  1901 E BatteryDump: !@new_battery_dump : 4110,-1,900,3000,79,237,232,241,237,0,246,233,231,Not-charging,NO_CHARGING,Normal,Good,PDIC,0,Normal,0,0,11400,0x8000,0x1010000,0x0,0,0,0000,0000,00000000,4107,4106,-3,4,516,4106,7901,990,0,
02-04 12:10:55.942  1989  1995 E HeatmapThread: ECT Thread time in milliseconds: 1770235855
02-04 12:10:55.942  1989  1995 D HeatmapThread: !@ batteryplugType : 0
02-04 12:10:55.942  1989  1995 D HeatmapThread: !@ batteryLevel : 0  batteryTemperature : 0 
02-04 12:10:55.942  1989  1995 D HeatmapThread: !@ Heatmap currtime: 29503930
02-04 12:10:55.942  1989  1995 D HeatmapThread: !@ Heatmap prevtime: 29503903
02-04 12:10:55.942  1989  1995 D HeatmapThread: !@ Heatmap plugstarttime: 35791394
02-04 12:10:55.943  1989  1995 D HeatmapThread: !@ Heatmap prevv_dsoh_update_time: 29503753
02-04 12:10:55.943  1989  1995 E HeatmapThread: !@Could not open '/efs/FactoryApp/bsoh', errno = 13
02-04 12:10:55.943  1989  1995 E HeatmapThread: !@ CAM Could not access BSOH EFS
02-04 12:10:55.943  1989  1995 E HeatmapThread: !@ CAM New BSOH: 0
02-04 12:10:56.339  2397  3993 I bauth_FPBAuthService: pcf : 0x1012, 0 ,1 ,0 ,0 ,0 ,0, 16.0.0.3
02-04 12:10:56.339  2397  3993 I bauth_FPBAuthService: thread id : 1, preenroll_flag : 0, nd cnt : 0, cso : 0, et : 0
02-04 12:10:56.339  2397  3993 I bauth_FPBAuthService: FPBAuthService, 11434
02-04 12:10:56.634  4374  5286 D SatelliteController: isInCarrierRoamingNbIotNtn: satellite is disabled
02-04 12:10:56.635  2712  3912 D SemCellularStateManager: onSignalStrengthsChanged: mCellularSignalLevel=2
02-04 12:10:56.637  5118  5118 I EPDG -- SIM0 [SMARTCELLULAR]: onSignalStrengthsChanged: SignalStrength:{mCdma=Invalid,mGsm=Invalid,mWcdma=Invalid,mTdscdma=Invalid,mLte=CellSignalStrengthLte: rssi=-87 rsrp=-118 rsrq=-14 rssnr=5 cqiTableIndex=2147483647 cqi=2147483647 ta=2147483647 level=2 parametersUseForLevel=0,mNr=Invalid,SignalBarInfo{ lteLevel=2 },rat=14,primary=CellSignalStrengthLte}
02-04 12:10:56.640  5118  6169 I EPDG -- SIM0 [SMARTCELLULAR]: lastLteRSRP is -119 currentLteRSRP is -118 lastLteRSRQ is -14 currentLteRSRQ is -14 lastLteSNR is 4 currentLteSNR is 5
02-04 12:10:56.640  4038  4208 D MobileSignalTransitionManager: updateSignalTransition
02-04 12:10:56.643  4528  4635 I HoneySpace.StatusIconTracker: invokeEvent() called with: event = Mobile(bundle=Bundle[mParcelledData.dataSize=256])
02-04 12:10:56.643  4374  4374 D Telephony: SamsungWfcCapabilityNotificationMgr: onSignalStrengthsChanged: level=2
02-04 12:10:56.643  4374  4374 D Telephony: SamsungWfcCapabilityNotificationMgr: onSignalStrengthsChanged: mRsrp=-118
02-04 12:10:56.654  4374  4374 I Telephony: SamsungWifiCallRepositoryImpl: getInt() wifi_call_enable : 1 , phoneId0
02-04 12:10:56.657  4374  4374 I Telephony: SamsungWifiCallRepositoryImpl: isWifiCallEnabled [ 0] : 1
02-04 12:10:56.659  4374  4374 I Telephony: SamsungWifiCallRepositoryImpl: getWfcCapaNotiCount count :3
02-04 12:10:56.659  4374  4374 I Telephony: SamsungWifiCallRepositoryImpl: isWifiCallMenuEnabled: true
02-04 12:10:56.659  4374  4374 D Telephony: SamsungWfcCapabilityNotificationMgr: updateWFCCapabilityNotification: tryCount=3 isWiFiCallEnable=true isWifiConnected=true isWifiCallMenuEnabled=true
02-04 12:10:56.659  4374  4374 D Telephony: SamsungWfcCapabilityNotificationMgr: updateWFCCapabilityNotification: canShowWfcCapableNotification=false shouldShowWfcCapableNotification=true isShowingNotification=false rsrp=-118
02-04 12:10:56.944  1989  1995 E HeatmapThread: ECT Thread time in milliseconds: 1770235856
02-04 12:10:56.944  1989  1995 D HeatmapThread: !@ batteryplugType : 0
02-04 12:10:56.944  1989  1995 D HeatmapThread: !@ batteryLevel : 0  batteryTemperature : 0 
02-04 12:10:56.944  1989  1995 D HeatmapThread: !@ Heatmap currtime: 29503930
02-04 12:10:56.944  1989  1995 D HeatmapThread: !@ Heatmap prevtime: 29503903
02-04 12:10:56.944  1989  1995 D HeatmapThread: !@ Heatmap plugstarttime: 35791394
02-04 12:10:56.944  1989  1995 D HeatmapThread: !@ Heatmap prevv_dsoh_update_time: 29503753
02-04 12:10:56.944  1989  1995 E HeatmapThread: !@Could not open '/efs/FactoryApp/bsoh', errno = 13
02-04 12:10:56.945  1989  1995 E HeatmapThread: !@ CAM Could not access BSOH EFS
02-04 12:10:56.945  1989  1995 E HeatmapThread: !@ CAM New BSOH: 0
02-04 12:10:57.342  2397  3993 I bauth_FPBAuthService: pcf : 0x1012, 0 ,1 ,0 ,0 ,0 ,0, 16.0.0.3
02-04 12:10:57.342  2397  3993 I bauth_FPBAuthService: thread id : 1, preenroll_flag : 0, nd cnt : 0, cso : 0, et : 0
02-04 12:10:57.342  2397  3993 I bauth_FPBAuthService: FPBAuthService, 11434
02-04 12:10:57.424  2712  2832 D MARsPolicyManager: triggerAction called!
02-04 12:10:57.424  2712  2832 I NSLocationMonitor: getGPSUsingApps() called
02-04 12:10:57.425  4732  4822 I NSLocationManager_FLP: getGPSUsingApps, No change
02-04 12:10:57.489  1146  1146 D io_stats: !@   8,0 r 626956 13606861 w 430518 8159008 d 98575 9421500 f 0 40704 iot 343400 0 th 0 0 0 pt 0 inp 0 0 10690.950
02-04 12:10:57.943  1989  1995 E HeatmapThread: ECT Thread time in milliseconds: 1770235857
02-04 12:10:57.944  1989  1995 D HeatmapThread: !@ batteryplugType : 0
02-04 12:10:57.944  1989  1995 D HeatmapThread: !@ batteryLevel : 0  batteryTemperature : 0 
02-04 12:10:57.944  1989  1995 D HeatmapThread: !@ Heatmap currtime: 29503930
02-04 12:10:57.944  1989  1995 D HeatmapThread: !@ Heatmap prevtime: 29503903
02-04 12:10:57.944  1989  1995 D HeatmapThread: !@ Heatmap plugstarttime: 35791394
02-04 12:10:57.944  1989  1995 D HeatmapThread: !@ Heatmap prevv_dsoh_update_time: 29503753
02-04 12:10:57.944  1989  1995 E HeatmapThread: !@Could not open '/efs/FactoryApp/bsoh', errno = 13
02-04 12:10:57.945  1989  1995 E HeatmapThread: !@ CAM Could not access BSOH EFS
02-04 12:10:57.945  1989  1995 E HeatmapThread: !@ CAM New BSOH: 0
02-04 12:10:58.127  5118  5660 I EPDG -- SIM0 [SMARTWIFI]: isProfiling, hash=91648288, started=true
02-04 12:10:58.128  5118  5660 I EPDG -- SIM0 [SMARTWIFI]: isProfiling, hash=91648288, started=true
02-04 12:10:58.128  5118  5660 I EPDG -- SIM0 [SMARTWIFI]: Rssi : -62 highrange : -75 lowrange : -80 mIsRssiInHystersis : false
02-04 12:10:58.128  5118  5660 I EPDG -- SIM0 [SMARTWIFI]: isL2WHandoverProfilingRunning: returning: false
02-04 12:10:58.128  5118  5660 I EPDG -- SIM0 [SMARTWIFI]: No need to send L2WHandoverProfiling runnable
02-04 12:10:58.128  5118  5660 I EPDG -- SIM0 [SMARTWIFI]: getHandoverThresholdMet: value is: false
02-04 12:10:58.345  2397  3993 I bauth_FPBAuthService: pcf : 0x1012, 0 ,1 ,0 ,0 ,0 ,0, 16.0.0.3
02-04 12:10:58.345  2397  3993 I bauth_FPBAuthService: thread id : 1, preenroll_flag : 0, nd cnt : 0, cso : 0, et : 0
02-04 12:10:58.345  2397  3993 I bauth_FPBAuthService: FPBAuthService, 11434
02-04 12:10:58.943  1989  1995 E HeatmapThread: ECT Thread time in milliseconds: 1770235858
02-04 12:10:58.943  1989  1995 D HeatmapThread: !@ batteryplugType : 0
02-04 12:10:58.943  1989  1995 D HeatmapThread: !@ batteryLevel : 0  batteryTemperature : 0 
02-04 12:10:58.944  1989  1995 D HeatmapThread: !@ Heatmap currtime: 29503930
02-04 12:10:58.944  1989  1995 D HeatmapThread: !@ Heatmap prevtime: 29503903
02-04 12:10:58.944  1989  1995 D HeatmapThread: !@ Heatmap plugstarttime: 35791394
02-04 12:10:58.944  1989  1995 D HeatmapThread: !@ Heatmap prevv_dsoh_update_time: 29503753
02-04 12:10:58.944  1989  1995 E HeatmapThread: !@Could not open '/efs/FactoryApp/bsoh', errno = 13
02-04 12:10:58.944  1989  1995 E HeatmapThread: !@ CAM Could not access BSOH EFS
02-04 12:10:58.944  1989  1995 E HeatmapThread: !@ CAM New BSOH: 0
02-04 12:10:59.346  2397  3993 I bauth_FPBAuthService: pcf : 0x1012, 0 ,1 ,0 ,0 ,0 ,0, 16.0.0.3
02-04 12:10:59.346  2397  3993 I bauth_FPBAuthService: thread id : 1, preenroll_flag : 0, nd cnt : 0, cso : 0, et : 0
02-04 12:10:59.347  2397  3993 I bauth_FPBAuthService: FPBAuthService, 11434
02-04 12:10:59.491  1146  1146 D io_stats: !@ Write_top(KB): android.hardwar(1873) 8
02-04 12:10:59.942  1989  1995 E HeatmapThread: ECT Thread time in milliseconds: 1770235859
02-04 12:10:59.942  1989  1995 D HeatmapThread: !@ batteryplugType : 0
02-04 12:10:59.943  1989  1995 D HeatmapThread: !@ batteryLevel : 0  batteryTemperature : 0 
02-04 12:10:59.943  1989  1995 D HeatmapThread: !@ Heatmap currtime: 29503930
02-04 12:10:59.943  1989  1995 D HeatmapThread: !@ Heatmap prevtime: 29503903
02-04 12:10:59.943  1989  1995 D HeatmapThread: !@ Heatmap plugstarttime: 35791394
02-04 12:10:59.943  1989  1995 D HeatmapThread: !@ Heatmap prevv_dsoh_update_time: 29503753
02-04 12:10:59.943  1989  1995 E HeatmapThread: !@Could not open '/efs/FactoryApp/bsoh', errno = 13
02-04 12:10:59.943  1989  1995 E HeatmapThread: !@ CAM Could not access BSOH EFS
02-04 12:10:59.943  1989  1995 E HeatmapThread: !@ CAM New BSOH: 0
02-04 12:11:00.349  2397  3993 I bauth_FPBAuthService: pcf : 0x1012, 0 ,1 ,0 ,0 ,0 ,0, 16.0.0.3
02-04 12:11:00.349  2397  3993 I bauth_FPBAuthService: thread id : 1, preenroll_flag : 0, nd cnt : 0, cso : 0, et : 0
02-04 12:11:00.349  2397  3993 I bauth_FPBAuthService: FPBAuthService, 11434
02-04 12:11:00.942  1989  1995 E HeatmapThread: ECT Thread time in milliseconds: 1770235860
02-04 12:11:00.943  1989  1995 D HeatmapThread: !@ batteryplugType : 0
02-04 12:11:00.943  1989  1995 D HeatmapThread: !@ batteryLevel : 0  batteryTemperature : 0 
02-04 12:11:00.943  1989  1995 D HeatmapThread: !@ Heatmap currtime: 29503931
02-04 12:11:00.943  1989  1995 D HeatmapThread: !@ Heatmap prevtime: 29503903
02-04 12:11:00.943  1989  1995 D HeatmapThread: !@ Heatmap plugstarttime: 35791394
02-04 12:11:00.943  1989  1995 D HeatmapThread: !@ Heatmap prevv_dsoh_update_time: 29503753
02-04 12:11:00.943  1989  1995 E HeatmapThread: !@Could not open '/efs/FactoryApp/bsoh', errno = 13
02-04 12:11:00.943  1989  1995 E HeatmapThread: !@ CAM Could not access BSOH EFS
02-04 12:11:00.943  1989  1995 E HeatmapThread: !@ CAM New BSOH: 0
02-04 12:11:01.144  5118  5660 I EPDG -- SIM0 [SMARTWIFI]: isProfiling, hash=91648288, started=true
02-04 12:11:01.145  5118  5660 I EPDG -- SIM0 [SMARTWIFI]: isProfiling, hash=91648288, started=true
02-04 12:11:01.145  5118  5660 I EPDG -- SIM0 [SMARTWIFI]: Rssi : -62 highrange : -75 lowrange : -80 mIsRssiInHystersis : false
02-04 12:11:01.145  5118  5660 I EPDG -- SIM0 [SMARTWIFI]: isL2WHandoverProfilingRunning: returning: false
02-04 12:11:01.145  5118  5660 I EPDG -- SIM0 [SMARTWIFI]: No need to send L2WHandoverProfiling runnable
02-04 12:11:01.145  5118  5660 I EPDG -- SIM0 [SMARTWIFI]: getHandoverThresholdMet: value is: false
02-04 12:11:01.352  2397  3993 I bauth_FPBAuthService: pcf : 0x1012, 0 ,1 ,0 ,0 ,0 ,0, 16.0.0.3
02-04 12:11:01.352  2397  3993 I bauth_FPBAuthService: thread id : 1, preenroll_flag : 0, nd cnt : 0, cso : 0, et : 0
02-04 12:11:01.352  2397  3993 I bauth_FPBAuthService: FPBAuthService, 11434
02-04 12:11:01.495  1146  1146 D io_stats: !@   8,0 r 626956 13606861 w 430552 8159152 d 98587 9421584 f 0 40709 iot 343412 0 th 0 0 0 pt 0 inp 0 0 10694.956
02-04 12:11:01.941  1989  1995 E HeatmapThread: ECT Thread time in milliseconds: 1770235861
02-04 12:11:01.941  1989  1995 D HeatmapThread: !@ batteryplugType : 0
02-04 12:11:01.941  1989  1995 D HeatmapThread: !@ batteryLevel : 0  batteryTemperature : 0 
02-04 12:11:01.941  1989  1995 D HeatmapThread: !@ Heatmap currtime: 29503931
02-04 12:11:01.941  1989  1995 D HeatmapThread: !@ Heatmap prevtime: 29503903
02-04 12:11:01.941  1989  1995 D HeatmapThread: !@ Heatmap plugstarttime: 35791394
02-04 12:11:01.941  1989  1995 D HeatmapThread: !@ Heatmap prevv_dsoh_update_time: 29503753
02-04 12:11:01.942  1989  1995 E HeatmapThread: !@Could not open '/efs/FactoryApp/bsoh', errno = 13
02-04 12:11:01.942  1989  1995 E HeatmapThread: !@ CAM Could not access BSOH EFS
02-04 12:11:01.942  1989  1995 E HeatmapThread: !@ CAM New BSOH: 0
02-04 12:11:02.354  2397  3993 I bauth_FPBAuthService: pcf : 0x1012, 0 ,1 ,0 ,0 ,0 ,0, 16.0.0.3
02-04 12:11:02.354  2397  3993 I bauth_FPBAuthService: thread id : 1, preenroll_flag : 0, nd cnt : 0, cso : 0, et : 0
02-04 12:11:02.354  2397  3993 I bauth_FPBAuthService: FPBAuthService, 11434
02-04 12:11:02.455  2712  2832 D MARsPolicyManager: triggerAction called!
02-04 12:11:02.456  2712  2832 I NSLocationMonitor: getGPSUsingApps() called
02-04 12:11:02.457  4732  4822 I NSLocationManager_FLP: getGPSUsingApps, No change
02-04 12:11:02.943  1989  1995 E HeatmapThread: ECT Thread time in milliseconds: 1770235862
02-04 12:11:02.944  1989  1995 D HeatmapThread: !@ batteryplugType : 0
02-04 12:11:02.944  1989  1995 D HeatmapThread: !@ batteryLevel : 0  batteryTemperature : 0 
02-04 12:11:02.944  1989  1995 D HeatmapThread: !@ Heatmap currtime: 29503931
02-04 12:11:02.944  1989  1995 D HeatmapThread: !@ Heatmap prevtime: 29503903
02-04 12:11:02.944  1989  1995 D HeatmapThread: !@ Heatmap plugstarttime: 35791394
02-04 12:11:02.944  1989  1995 D HeatmapThread: !@ Heatmap prevv_dsoh_update_time: 29503753
02-04 12:11:02.944  1989  1995 E HeatmapThread: !@Could not open '/efs/FactoryApp/bsoh', errno = 13
02-04 12:11:02.944  1989  1995 E HeatmapThread: !@ CAM Could not access BSOH EFS
02-04 12:11:02.944  1989  1995 E HeatmapThread: !@ CAM New BSOH: 0
02-04 12:11:03.054  4267  4267 I wpa_supplicant: Heartbeat 1063
02-04 12:11:03.357  2397  3993 I bauth_FPBAuthService: pcf : 0x1012, 0 ,1 ,0 ,0 ,0 ,0, 16.0.0.3
02-04 12:11:03.357  2397  3993 I bauth_FPBAuthService: thread id : 1, preenroll_flag : 0, nd cnt : 0, cso : 0, et : 0
02-04 12:11:03.357  2397  3993 I bauth_FPBAuthService: FPBAuthService, 11434
02-04 12:11:03.499  1146  1146 D io_stats: !@ Write_top(KB): f2fs_ckpt-254:5(1226) 24 init(1) 24
02-04 12:11:03.942  1989  1995 E HeatmapThread: ECT Thread time in milliseconds: 1770235863
02-04 12:11:03.942  1989  1995 D HeatmapThread: !@ batteryplugType : 0
02-04 12:11:03.942  1989  1995 D HeatmapThread: !@ batteryLevel : 0  batteryTemperature : 0 
02-04 12:11:03.942  1989  1995 D HeatmapThread: !@ Heatmap currtime: 29503931
02-04 12:11:03.942  1989  1995 D HeatmapThread: !@ Heatmap prevtime: 29503903
02-04 12:11:03.942  1989  1995 D HeatmapThread: !@ Heatmap plugstarttime: 35791394
02-04 12:11:03.943  1989  1995 D HeatmapThread: !@ Heatmap prevv_dsoh_update_time: 29503753
02-04 12:11:03.943  1989  1995 E HeatmapThread: !@Could not open '/efs/FactoryApp/bsoh', errno = 13
02-04 12:11:03.943  1989  1995 E HeatmapThread: !@ CAM Could not access BSOH EFS
02-04 12:11:03.943  1989  1995 E HeatmapThread: !@ CAM New BSOH: 0
02-04 12:11:04.183  5118  5660 I EPDG -- SIM0 [SMARTWIFI]: isProfiling, hash=91648288, started=true
02-04 12:11:04.184  5118  5660 I EPDG -- SIM0 [SMARTWIFI]: isProfiling, hash=91648288, started=true
02-04 12:11:04.184  5118  5660 I EPDG -- SIM0 [SMARTWIFI]: Rssi : -62 highrange : -75 lowrange : -80 mIsRssiInHystersis : false
02-04 12:11:04.184  5118  5660 I EPDG -- SIM0 [SMARTWIFI]: isL2WHandoverProfilingRunning: returning: false
02-04 12:11:04.184  5118  5660 I EPDG -- SIM0 [SMARTWIFI]: No need to send L2WHandoverProfiling runnable
02-04 12:11:04.184  5118  5660 I EPDG -- SIM0 [SMARTWIFI]: getHandoverThresholdMet: value is: false
02-04 12:11:04.358  2397  3993 I bauth_FPBAuthService: pcf : 0x1012, 0 ,1 ,0 ,0 ,0 ,0, 16.0.0.3
02-04 12:11:04.359  2397  3993 I bauth_FPBAuthService: thread id : 1, preenroll_flag : 0, nd cnt : 0, cso : 0, et : 0
02-04 12:11:04.359  2397  3993 I bauth_FPBAuthService: FPBAuthService, 11434
02-04 12:11:04.943  1989  1995 E HeatmapThread: ECT Thread time in milliseconds: 1770235864
02-04 12:11:04.943  1989  1995 D HeatmapThread: !@ batteryplugType : 0
02-04 12:11:04.944  1989  1995 D HeatmapThread: !@ batteryLevel : 0  batteryTemperature : 0 
02-04 12:11:04.944  1989  1995 D HeatmapThread: !@ Heatmap currtime: 29503931
02-04 12:11:04.944  1989  1995 D HeatmapThread: !@ Heatmap prevtime: 29503903
02-04 12:11:04.944  1989  1995 D HeatmapThread: !@ Heatmap plugstarttime: 35791394
02-04 12:11:04.944  1989  1995 D HeatmapThread: !@ Heatmap prevv_dsoh_update_time: 29503753
02-04 12:11:04.944  1989  1995 E HeatmapThread: !@Could not open '/efs/FactoryApp/bsoh', errno = 13
02-04 12:11:04.944  1989  1995 E HeatmapThread: !@ CAM Could not access BSOH EFS
02-04 12:11:04.944  1989  1995 E HeatmapThread: !@ CAM New BSOH: 0
02-04 12:11:05.361  2397  3993 I bauth_FPBAuthService: pcf : 0x1012, 0 ,1 ,0 ,0 ,0 ,0, 16.0.0.3
02-04 12:11:05.361  2397  3993 I bauth_FPBAuthService: thread id : 1, preenroll_flag : 0, nd cnt : 0, cso : 0, et : 0
02-04 12:11:05.361  2397  3993 I bauth_FPBAuthService: FPBAuthService, 11434
02-04 12:11:05.723  1873  1901 D BatteryDump: wait_for_battery_event : occurred : change@/devices/platform/samsung_mobile_device/samsung_mobile_device:battery/power_supply/battery 
02-04 12:11:05.732  1873  1873 I android.hardware.health@2.1-service-samsung: updateLrpSysfs: write: 245
02-04 12:11:05.846  1873  1901 E BatteryDump: !@new_battery_dump : 4109,16,900,3000,79,237,232,241,237,0,246,232,231,Not-charging,NO_CHARGING,Normal,Good,PDIC,0,Normal,0,0,11400,0x8000,0x1010000,0x0,0,0,0000,0000,00000000,4106,4106,-3,3,516,4106,7901,990,0,
02-04 12:11:05.942  1989  1995 E HeatmapThread: ECT Thread time in milliseconds: 1770235865
02-04 12:11:05.942  1989  1995 D HeatmapThread: !@ batteryplugType : 0
02-04 12:11:05.942  1989  1995 D HeatmapThread: !@ batteryLevel : 0  batteryTemperature : 0 
02-04 12:11:05.942  1989  1995 D HeatmapThread: !@ Heatmap currtime: 29503931
02-04 12:11:05.943  1989  1995 D HeatmapThread: !@ Heatmap prevtime: 29503903
02-04 12:11:05.943  1989  1995 D HeatmapThread: !@ Heatmap plugstarttime: 35791394
02-04 12:11:05.943  1989  1995 D HeatmapThread: !@ Heatmap prevv_dsoh_update_time: 29503753
02-04 12:11:05.943  1989  1995 E HeatmapThread: !@Could not open '/efs/FactoryApp/bsoh', errno = 13
02-04 12:11:05.943  1989  1995 E HeatmapThread: !@ CAM Could not access BSOH EFS
02-04 12:11:05.943  1989  1995 E HeatmapThread: !@ CAM New BSOH: 0
02-04 12:11:06.363  2397  3993 I bauth_FPBAuthService: pcf : 0x1012, 0 ,1 ,0 ,0 ,0 ,0, 16.0.0.3
02-04 12:11:06.363  2397  3993 I bauth_FPBAuthService: thread id : 1, preenroll_flag : 0, nd cnt : 0, cso : 0, et : 0
02-04 12:11:06.363  2397  3993 I bauth_FPBAuthService: FPBAuthService, 11434
02-04 12:11:06.943  1989  1995 E HeatmapThread: ECT Thread time in milliseconds: 1770235866
02-04 12:11:06.944  1989  1995 D HeatmapThread: !@ batteryplugType : 0
02-04 12:11:06.944  1989  1995 D HeatmapThread: !@ batteryLevel : 0  batteryTemperature : 0 
02-04 12:11:06.944  1989  1995 D HeatmapThread: !@ Heatmap currtime: 29503931
02-04 12:11:06.944  1989  1995 D HeatmapThread: !@ Heatmap prevtime: 29503903
02-04 12:11:06.944  1989  1995 D HeatmapThread: !@ Heatmap plugstarttime: 35791394
02-04 12:11:06.944  1989  1995 D HeatmapThread: !@ Heatmap prevv_dsoh_update_time: 29503753
02-04 12:11:06.944  1989  1995 E HeatmapThread: !@Could not open '/efs/FactoryApp/bsoh', errno = 13
02-04 12:11:06.945  1989  1995 E HeatmapThread: !@ CAM Could not access BSOH EFS
02-04 12:11:06.945  1989  1995 E HeatmapThread: !@ CAM New BSOH: 0
02-04 12:11:07.205  5118  5660 I EPDG -- SIM0 [SMARTWIFI]: isProfiling, hash=91648288, started=true
02-04 12:11:07.205  5118  5660 I EPDG -- SIM0 [SMARTWIFI]: isProfiling, hash=91648288, started=true
02-04 12:11:07.205  5118  5660 I EPDG -- SIM0 [SMARTWIFI]: Rssi : -62 highrange : -75 lowrange : -80 mIsRssiInHystersis : false
02-04 12:11:07.205  5118  5660 I EPDG -- SIM0 [SMARTWIFI]: isL2WHandoverProfilingRunning: returning: false
02-04 12:11:07.205  5118  5660 I EPDG -- SIM0 [SMARTWIFI]: No need to send L2WHandoverProfiling runnable
02-04 12:11:07.205  5118  5660 I EPDG -- SIM0 [SMARTWIFI]: getHandoverThresholdMet: value is: false
02-04 12:11:07.365  2397  3993 I bauth_FPBAuthService: pcf : 0x1012, 0 ,1 ,0 ,0 ,0 ,0, 16.0.0.3
02-04 12:11:07.365  2397  3993 I bauth_FPBAuthService: thread id : 1, preenroll_flag : 0, nd cnt : 0, cso : 0, et : 0
02-04 12:11:07.365  2397  3993 I bauth_FPBAuthService: FPBAuthService, 11434
02-04 12:11:07.485  2712  2832 D MARsPolicyManager: triggerAction called!
02-04 12:11:07.485  2712  2832 I NSLocationMonitor: getGPSUsingApps() called
02-04 12:11:07.486  4732  4822 I NSLocationManager_FLP: getGPSUsingApps, No change
02-04 12:11:07.501  1146  1146 D io_stats: !@   8,0 r 626956 13606861 w 430558 8161208 d 98587 9421584 f 0 40709 iot 343440 0 th 0 0 0 pt 0 inp 0 0 10700.963
02-04 12:11:07.501  1146  1146 D io_stats: !@ Write_top(KB): kworker/u16:1(8700) 2048 android.hardwar(1873) 8
02-04 12:11:07.942  1989  1995 E HeatmapThread: ECT Thread time in milliseconds: 1770235867
02-04 12:11:07.942  1989  1995 D HeatmapThread: !@ batteryplugType : 0
02-04 12:11:07.942  1989  1995 D HeatmapThread: !@ batteryLevel : 0  batteryTemperature : 0 
02-04 12:11:07.942  1989  1995 D HeatmapThread: !@ Heatmap currtime: 29503931
02-04 12:11:07.942  1989  1995 D HeatmapThread: !@ Heatmap prevtime: 29503903
02-04 12:11:07.942  1989  1995 D HeatmapThread: !@ Heatmap plugstarttime: 35791394
02-04 12:11:07.942  1989  1995 D HeatmapThread: !@ Heatmap prevv_dsoh_update_time: 29503753
02-04 12:11:07.943  1989  1995 E HeatmapThread: !@Could not open '/efs/FactoryApp/bsoh', errno = 13
02-04 12:11:07.943  1989  1995 E HeatmapThread: !@ CAM Could not access BSOH EFS
02-04 12:11:07.943  1989  1995 E HeatmapThread: !@ CAM New BSOH: 0
02-04 12:11:08.367  2397  3993 I bauth_FPBAuthService: pcf : 0x1012, 0 ,1 ,0 ,0 ,0 ,0, 16.0.0.3
02-04 12:11:08.367  2397  3993 I bauth_FPBAuthService: thread id : 1, preenroll_flag : 0, nd cnt : 0, cso : 0, et : 0
02-04 12:11:08.367  2397  3993 I bauth_FPBAuthService: FPBAuthService, 11434
02-04 12:11:08.690  1996  1996 I SurfaceFlinger: SFWD update time=10702151645654
02-04 12:11:08.941  1989  1995 E HeatmapThread: ECT Thread time in milliseconds: 1770235868
02-04 12:11:08.941  1989  1995 D HeatmapThread: !@ batteryplugType : 0
02-04 12:11:08.941  1989  1995 D HeatmapThread: !@ batteryLevel : 0  batteryTemperature : 0 
02-04 12:11:08.941  1989  1995 D HeatmapThread: !@ Heatmap currtime: 29503931
02-04 12:11:08.941  1989  1995 D HeatmapThread: !@ Heatmap prevtime: 29503903
02-04 12:11:08.942  1989  1995 D HeatmapThread: !@ Heatmap plugstarttime: 35791394
02-04 12:11:08.942  1989  1995 D HeatmapThread: !@ Heatmap prevv_dsoh_update_time: 29503753
02-04 12:11:08.942  1989  1995 E HeatmapThread: !@Could not open '/efs/FactoryApp/bsoh', errno = 13
02-04 12:11:08.942  1989  1995 E HeatmapThread: !@ CAM Could not access BSOH EFS
02-04 12:11:08.942  1989  1995 E HeatmapThread: !@ CAM New BSOH: 0
02-04 12:11:09.368  2397  3993 I bauth_FPBAuthService: pcf : 0x1012, 0 ,1 ,0 ,0 ,0 ,0, 16.0.0.3
02-04 12:11:09.368  2397  3993 I bauth_FPBAuthService: thread id : 1, preenroll_flag : 0, nd cnt : 0, cso : 0, et : 0
02-04 12:11:09.369  2397  3993 I bauth_FPBAuthService: FPBAuthService, 11434
02-04 12:11:09.824  7013  8794 I SDHMS:x : SIOP:: AP:240 BAT:237 USB:232 CHG:241 PA:253 CF:239 BLK:0 SUBBAT:232 SKIN:245 SKINF:244 SKINB:245 LRP:245 APT:244 APR:245 RCV:269 SPK:269 CAPR:244 CRCV:258 CSPK:292 RCV2:269 SPK2:269 UPSPK:238 DNSPK:238 VAP02:240 AMB:230 AVGCUR:0 POWER:0
02-04 12:11:09.941  1989  1995 E HeatmapThread: ECT Thread time in milliseconds: 1770235869
02-04 12:11:09.941  1989  1995 D HeatmapThread: !@ batteryplugType : 0
02-04 12:11:09.941  1989  1995 D HeatmapThread: !@ batteryLevel : 0  batteryTemperature : 0 
02-04 12:11:09.941  1989  1995 D HeatmapThread: !@ Heatmap currtime: 29503931
02-04 12:11:09.941  1989  1995 D HeatmapThread: !@ Heatmap prevtime: 29503903
02-04 12:11:09.941  1989  1995 D HeatmapThread: !@ Heatmap plugstarttime: 35791394
02-04 12:11:09.941  1989  1995 D HeatmapThread: !@ Heatmap prevv_dsoh_update_time: 29503753
02-04 12:11:09.942  1989  1995 E HeatmapThread: !@Could not open '/efs/FactoryApp/bsoh', errno = 13
02-04 12:11:09.942  1989  1995 E HeatmapThread: !@ CAM Could not access BSOH EFS
02-04 12:11:09.942  1989  1995 E HeatmapThread: !@ CAM New BSOH: 0
02-04 12:11:10.220  5118  5660 I EPDG -- SIM0 [SMARTWIFI]: isProfiling, hash=91648288, started=true
02-04 12:11:10.225  5118  5660 I EPDG -- SIM0 [SMARTWIFI]: isProfiling, hash=91648288, started=true
02-04 12:11:10.226  5118  5660 I EPDG -- SIM0 [SMARTWIFI]: Rssi : -63 highrange : -75 lowrange : -80 mIsRssiInHystersis : false
02-04 12:11:10.226  5118  5660 I EPDG -- SIM0 [SMARTWIFI]: isL2WHandoverProfilingRunning: returning: false
02-04 12:11:10.226  5118  5660 I EPDG -- SIM0 [SMARTWIFI]: No need to send L2WHandoverProfiling runnable
02-04 12:11:10.226  5118  5660 I EPDG -- SIM0 [SMARTWIFI]: getHandoverThresholdMet: value is: false
02-04 12:11:10.369  2397  3993 I bauth_FPBAuthService: pcf : 0x1012, 0 ,1 ,0 ,0 ,0 ,0, 16.0.0.3
02-04 12:11:10.369  2397  3993 I bauth_FPBAuthService: thread id : 1, preenroll_flag : 0, nd cnt : 0, cso : 0, et : 0
02-04 12:11:10.369  2397  3993 I bauth_FPBAuthService: FPBAuthService, 11434
02-04 12:11:10.378  2712  4296 D NetdEventListenerService: CSC Feature value: true
02-04 12:11:10.383  2712  4296 D NetdEventListenerService: CSC Feature value: true
