--------- beginning of main
02-04 12:12:09.239 17716 17745 D WeatherWidgetProvider: buildHourDataList: hour[18] 2026-02-04T22:00 label=10p showLabel=true isClosest=false
02-04 12:12:09.239 17716 17745 D WeatherWidgetProvider: buildHourDataList: hour[20] 2026-02-05T00:00 label=12a showLabel=true isClosest=false
02-04 12:12:09.240 17716 17745 D WeatherWidgetProvider: buildHourDataList: hour[22] 2026-02-05T02:00 label=2a showLabel=true isClosest=false
02-04 12:12:09.241 17716 17759 I WM-WorkerWrapper: Worker result SUCCESS for Work [ id=26df4b90-08cd-4667-bbcb-d12c71946d7c, tags={ com.weatherwidget.widget.WeatherWidgetWorker } ]
02-04 12:12:09.242 17716 17745 D WeatherWidgetProvider: buildHourDataList: hour[24] 2026-02-05T04:00 label=4a showLabel=true isClosest=false
02-04 12:12:09.243 17716 17745 D WeatherWidgetProvider: buildHourDataList: Built 25 hours, first=2026-02-04T04:00, last=2026-02-05T04:00
02-04 12:12:09.243 17716 17745 D WeatherWidgetProvider: getOptimalBitmapSize: 318dp×180dp → Downscaling from 834x472px (1537KB) to 630x356px (876KB), scale=0.75602686, rawPixels=393648
02-04 12:12:09.245 17716 17745 D HourlyGraph: Widget: 630px × 356px (240dp × 135dp) | heightScaleFactor=1.0 | baseLabel=9dp, finalLabel=9dp
02-04 12:12:09.246 17716 17745 D HourlyGraph: Font sizes: hourLabel=23.625px (9.0dp), tempLabel=23.625px (9.0dp)
02-04 12:12:09.259  1429  1492 I .apps.wellbeing: AssetManager2(0x7ded86deeab8) locale list changing from [] to [en-US]
--------- beginning of system
02-04 12:12:09.264   696   866 D AppWidgetServiceImpl: Trying to notify widget update for package com.weatherwidget with widget id: 10
02-04 12:12:09.271 17716 17769 D WeatherWidgetProvider: getWidgetSize: widgetId=10, minWidth=360, minHeight=137 -> cols=5, rows=2
02-04 12:12:09.272 17716 17769 D WeatherWidgetProvider: updateWidgetWithHourlyData: widgetId=10, cols=5, rows=2, hourlyCount=93
02-04 12:12:09.275 17716 17769 D TemperatureInterpolator: getInterpolatedTemperature: source=NWS, sourcesInData=[OPEN_METEO, NWS], totalForecasts=93
02-04 12:12:09.276 17716 17769 D TemperatureInterpolator: getInterpolatedTemperature: filteredForecasts=49, sources=[OPEN_METEO, NWS]
02-04 12:12:09.276 17716 17769 D TemperatureInterpolator: getInterpolatedTemperature: currentHour=2026-02-04T12:00 found=NWS:65.0, nextHour=2026-02-04T13:00 found=NWS:69.0
02-04 12:12:09.276 17716 17769 D TemperatureInterpolator: Interpolating: time=12:12, current=65.0@2026-02-04T12:00, next=69.0@2026-02-04T13:00, factor=0.2, result=65.8
02-04 12:12:09.277 17716 17769 D WeatherWidgetProvider: buildHourDataList: now=2026-02-04T12:12:09.277149, centerTime=2026-02-04T12:12:09.269879, alignedCenter=2026-02-04T12:00
02-04 12:12:09.277 17716 17769 D WeatherWidgetProvider: buildHourDataList: startHour=2026-02-04T04:00, endHour=2026-02-05T04:00 (4:00 to 4:00)
02-04 12:12:09.277 17716 17769 D WeatherWidgetProvider: buildHourDataList: forecastsByTime has 49 entries, labelInterval=2
02-04 12:12:09.277 17716 17769 D WeatherWidgetProvider: buildHourDataList: forecastsByTime keys=[2026-02-03T12:00, 2026-02-03T13:00, 2026-02-03T14:00, 2026-02-03T15:00, 2026-02-03T16:00, 2026-02-03T17:00, 2026-02-03T18:00, 2026-02-03T19:00, 2026-02-03T20:00, 2026-02-03T21:00, 2026-02-03T22:00, 2026-02-03T23:00, 2026-02-04T00:00, 2026-02-04T01:00, 2026-02-04T02:00, 2026-02-04T03:00, 2026-02-04T04:00, 2026-02-04T05:00, 2026-02-04T06:00, 2026-02-04T07:00, 2026-02-04T08:00, 2026-02-04T09:00, 2026-02-04T10:00, 2026-02-04T11:00, 2026-02-04T12:00, 2026-02-04T13:00, 2026-02-04T14:00, 2026-02-04T15:00, 2026-02-04T16:00, 2026-02-04T17:00, 2026-02-04T18:00, 2026-02-04T19:00, 2026-02-04T20:00, 2026-02-04T21:00, 2026-02-04T22:00, 2026-02-04T23:00, 2026-02-05T00:00, 2026-02-05T01:00, 2026-02-05T02:00, 2026-02-05T03:00, 2026-02-05T04:00, 2026-02-05T05:00, 2026-02-05T06:00, 2026-02-05T07:00, 2026-02-05T08:00, 2026-02-05T09:00, 2026-02-05T10:00, 2026-02-05T11:00, 2026-02-05T12:00]
02-04 12:12:09.278 17716 17769 D WeatherWidgetProvider: buildHourDataList: hour[0] 2026-02-04T04:00 label=4a showLabel=true isClosest=false
02-04 12:12:09.278 17716 17769 D WeatherWidgetProvider: buildHourDataList: hour[2] 2026-02-04T06:00 label=6a showLabel=true isClosest=false
02-04 12:12:09.278 17716 17769 D WeatherWidgetProvider: buildHourDataList: hour[4] 2026-02-04T08:00 label=8a showLabel=true isClosest=false
02-04 12:12:09.278 17716 17769 D WeatherWidgetProvider: buildHourDataList: hour[6] 2026-02-04T10:00 label=10a showLabel=true isClosest=false
02-04 12:12:09.279 17716 17769 D WeatherWidgetProvider: buildHourDataList: hour[8] 2026-02-04T12:00 label=12p showLabel=true isClosest=true
02-04 12:12:09.279 17716 17769 D WeatherWidgetProvider: buildHourDataList: hour[10] 2026-02-04T14:00 label=2p showLabel=true isClosest=false
02-04 12:12:09.279 17716 17769 D WeatherWidgetProvider: buildHourDataList: hour[12] 2026-02-04T16:00 label=4p showLabel=true isClosest=false
02-04 12:12:09.280 17716 17769 D WeatherWidgetProvider: buildHourDataList: hour[14] 2026-02-04T18:00 label=6p showLabel=true isClosest=false
02-04 12:12:09.280 17716 17769 D WeatherWidgetProvider: buildHourDataList: hour[16] 2026-02-04T20:00 label=8p showLabel=true isClosest=false
02-04 12:12:09.281 17716 17769 D WeatherWidgetProvider: buildHourDataList: hour[18] 2026-02-04T22:00 label=10p showLabel=true isClosest=false
02-04 12:12:09.281 17716 17769 D WeatherWidgetProvider: buildHourDataList: hour[20] 2026-02-05T00:00 label=12a showLabel=true isClosest=false
02-04 12:12:09.281 17716 17769 D WeatherWidgetProvider: buildHourDataList: hour[22] 2026-02-05T02:00 label=2a showLabel=true isClosest=false
02-04 12:12:09.281 17716 17769 D WeatherWidgetProvider: buildHourDataList: hour[24] 2026-02-05T04:00 label=4a showLabel=true isClosest=false
02-04 12:12:09.281 17716 17769 D WeatherWidgetProvider: buildHourDataList: Built 25 hours, first=2026-02-04T04:00, last=2026-02-05T04:00
02-04 12:12:09.282 17716 17769 D WeatherWidgetProvider: getOptimalBitmapSize: 318dp×180dp → Downscaling from 834x472px (1537KB) to 630x356px (876KB), scale=0.75602686, rawPixels=393648
02-04 12:12:09.282 17716 17769 D HourlyGraph: Widget: 630px × 356px (240dp × 135dp) | heightScaleFactor=1.0 | baseLabel=9dp, finalLabel=9dp
02-04 12:12:09.282 17716 17759 I WM-WorkerWrapper: Worker result SUCCESS for Work [ id=b1277214-c203-462c-a6b5-91cf59ef1eed, tags={ com.weatherwidget.widget.WeatherWidgetWorker } ]
02-04 12:12:09.282 17716 17769 D HourlyGraph: Font sizes: hourLabel=23.625px (9.0dp), tempLabel=23.625px (9.0dp)
02-04 12:12:09.294  1429  1492 I .apps.wellbeing: AssetManager2(0x7ded86dece98) locale list changing from [] to [en-US]
02-04 12:12:09.304 17716 17759 I WM-WorkerWrapper: Worker result SUCCESS for Work [ id=77098256-0a2e-4d00-b1f3-444f5111acc4, tags={ com.weatherwidget.widget.WeatherWidgetWorker } ]
02-04 12:12:09.307 17716 17759 I WM-WorkerWrapper: Worker result SUCCESS for Work [ id=41d47ba1-e400-485c-ac82-29e74aaf1097, tags={ com.weatherwidget.widget.WeatherWidgetWorker } ]
02-04 12:12:09.312 17716 17757 I WM-WorkerWrapper: Worker result SUCCESS for Work [ id=05a3b842-1f5e-44d6-877f-a1c7c5835efd, tags={ com.weatherwidget.widget.WeatherWidgetWorker } ]
02-04 12:12:09.333   696   866 D AppWidgetServiceImpl: Trying to notify widget update for package com.weatherwidget with widget id: 10
02-04 12:12:09.362 17716 17769 D WeatherWidgetProvider: getWidgetSize: widgetId=10, minWidth=360, minHeight=137 -> cols=5, rows=2
02-04 12:12:09.362 17716 17769 D WeatherWidgetProvider: updateWidgetWithHourlyData: widgetId=10, cols=5, rows=2, hourlyCount=93
02-04 12:12:09.363 17716 17766 D WeatherWidgetProvider: getWidgetSize: widgetId=10, minWidth=360, minHeight=137 -> cols=5, rows=2
02-04 12:12:09.363 17716 17766 D WeatherWidgetProvider: updateWidgetWithHourlyData: widgetId=10, cols=5, rows=2, hourlyCount=93
02-04 12:12:09.365 17716 17745 D WeatherWidgetProvider: getWidgetSize: widgetId=10, minWidth=360, minHeight=137 -> cols=5, rows=2
02-04 12:12:09.365 17716 17745 D WeatherWidgetProvider: updateWidgetWithHourlyData: widgetId=10, cols=5, rows=2, hourlyCount=93
02-04 12:12:09.366   696   866 D AppWidgetServiceImpl: Trying to notify widget update for package com.weatherwidget with widget id: 10
02-04 12:12:09.369   696   866 D AppWidgetServiceImpl: Trying to notify widget update for package com.weatherwidget with widget id: 10
02-04 12:12:09.369 17716 17769 D TemperatureInterpolator: getInterpolatedTemperature: source=NWS, sourcesInData=[OPEN_METEO, NWS], totalForecasts=93
02-04 12:12:09.369 17716 17745 D TemperatureInterpolator: getInterpolatedTemperature: source=NWS, sourcesInData=[OPEN_METEO, NWS], totalForecasts=93
02-04 12:12:09.369   696   866 D AppWidgetServiceImpl: Trying to notify widget update for package com.weatherwidget with widget id: 10
02-04 12:12:09.369 17716 17769 D TemperatureInterpolator: getInterpolatedTemperature: filteredForecasts=49, sources=[OPEN_METEO, NWS]
02-04 12:12:09.369 17716 17769 D TemperatureInterpolator: getInterpolatedTemperature: currentHour=2026-02-04T12:00 found=NWS:65.0, nextHour=2026-02-04T13:00 found=NWS:69.0
02-04 12:12:09.370 17716 17745 D TemperatureInterpolator: getInterpolatedTemperature: filteredForecasts=49, sources=[OPEN_METEO, NWS]
02-04 12:12:09.370 17716 17769 D TemperatureInterpolator: Interpolating: time=12:12, current=65.0@2026-02-04T12:00, next=69.0@2026-02-04T13:00, factor=0.2, result=65.8
02-04 12:12:09.370   696   866 D AppWidgetServiceImpl: Trying to notify widget update for package com.weatherwidget with widget id: 10
02-04 12:12:09.370 17716 17745 D TemperatureInterpolator: getInterpolatedTemperature: currentHour=2026-02-04T12:00 found=NWS:65.0, nextHour=2026-02-04T13:00 found=NWS:69.0
02-04 12:12:09.370 17716 17745 D TemperatureInterpolator: Interpolating: time=12:12, current=65.0@2026-02-04T12:00, next=69.0@2026-02-04T13:00, factor=0.2, result=65.8
02-04 12:12:09.370 17716 17769 D WeatherWidgetProvider: buildHourDataList: now=2026-02-04T12:12:09.370294, centerTime=2026-02-04T12:12:09.361989, alignedCenter=2026-02-04T12:00
02-04 12:12:09.370 17716 17769 D WeatherWidgetProvider: buildHourDataList: startHour=2026-02-04T04:00, endHour=2026-02-05T04:00 (4:00 to 4:00)
02-04 12:12:09.370 17716 17769 D WeatherWidgetProvider: buildHourDataList: forecastsByTime has 49 entries, labelInterval=2
02-04 12:12:09.370 17716 17745 D WeatherWidgetProvider: buildHourDataList: now=2026-02-04T12:12:09.370447, centerTime=2026-02-04T12:12:09.364874, alignedCenter=2026-02-04T12:00
02-04 12:12:09.370 17716 17745 D WeatherWidgetProvider: buildHourDataList: startHour=2026-02-04T04:00, endHour=2026-02-05T04:00 (4:00 to 4:00)
02-04 12:12:09.370 17716 17745 D WeatherWidgetProvider: buildHourDataList: forecastsByTime has 49 entries, labelInterval=2
02-04 12:12:09.371 17716 17769 D WeatherWidgetProvider: buildHourDataList: forecastsByTime keys=[2026-02-03T12:00, 2026-02-03T13:00, 2026-02-03T14:00, 2026-02-03T15:00, 2026-02-03T16:00, 2026-02-03T17:00, 2026-02-03T18:00, 2026-02-03T19:00, 2026-02-03T20:00, 2026-02-03T21:00, 2026-02-03T22:00, 2026-02-03T23:00, 2026-02-04T00:00, 2026-02-04T01:00, 2026-02-04T02:00, 2026-02-04T03:00, 2026-02-04T04:00, 2026-02-04T05:00, 2026-02-04T06:00, 2026-02-04T07:00, 2026-02-04T08:00, 2026-02-04T09:00, 2026-02-04T10:00, 2026-02-04T11:00, 2026-02-04T12:00, 2026-02-04T13:00, 2026-02-04T14:00, 2026-02-04T15:00, 2026-02-04T16:00, 2026-02-04T17:00, 2026-02-04T18:00, 2026-02-04T19:00, 2026-02-04T20:00, 2026-02-04T21:00, 2026-02-04T22:00, 2026-02-04T23:00, 2026-02-05T00:00, 2026-02-05T01:00, 2026-02-05T02:00, 2026-02-05T03:00, 2026-02-05T04:00, 2026-02-05T05:00, 2026-02-05T06:00, 2026-02-05T07:00, 2026-02-05T08:00, 2026-02-05T09:00, 2026-02-05T10:00, 2026-02-05T11:00, 2026-02-05T12:00]
02-04 12:12:09.371 17716 17745 D WeatherWidgetProvider: buildHourDataList: forecastsByTime keys=[2026-02-03T12:00, 2026-02-03T13:00, 2026-02-03T14:00, 2026-02-03T15:00, 2026-02-03T16:00, 2026-02-03T17:00, 2026-02-03T18:00, 2026-02-03T19:00, 2026-02-03T20:00, 2026-02-03T21:00, 2026-02-03T22:00, 2026-02-03T23:00, 2026-02-04T00:00, 2026-02-04T01:00, 2026-02-04T02:00, 2026-02-04T03:00, 2026-02-04T04:00, 2026-02-04T05:00, 2026-02-04T06:00, 2026-02-04T07:00, 2026-02-04T08:00, 2026-02-04T09:00, 2026-02-04T10:00, 2026-02-04T11:00, 2026-02-04T12:00, 2026-02-04T13:00, 2026-02-04T14:00, 2026-02-04T15:00, 2026-02-04T16:00, 2026-02-04T17:00, 2026-02-04T18:00, 2026-02-04T19:00, 2026-02-04T20:00, 2026-02-04T21:00, 2026-02-04T22:00, 2026-02-04T23:00, 2026-02-05T00:00, 2026-02-05T01:00, 2026-02-05T02:00, 2026-02-05T03:00, 2026-02-05T04:00, 2026-02-05T05:00, 2026-02-05T06:00, 2026-02-05T07:00, 2026-02-05T08:00, 2026-02-05T09:00, 2026-02-05T10:00, 2026-02-05T11:00, 2026-02-05T12:00]
02-04 12:12:09.371 17716 17745 D WeatherWidgetProvider: buildHourDataList: hour[0] 2026-02-04T04:00 label=4a showLabel=true isClosest=false
02-04 12:12:09.371 17716 17745 D WeatherWidgetProvider: buildHourDataList: hour[2] 2026-02-04T06:00 label=6a showLabel=true isClosest=false
02-04 12:12:09.371 17716 17745 D WeatherWidgetProvider: buildHourDataList: hour[4] 2026-02-04T08:00 label=8a showLabel=true isClosest=false
02-04 12:12:09.371 17716 17745 D WeatherWidgetProvider: buildHourDataList: hour[6] 2026-02-04T10:00 label=10a showLabel=true isClosest=false
02-04 12:12:09.372 17716 17766 D TemperatureInterpolator: getInterpolatedTemperature: source=NWS, sourcesInData=[OPEN_METEO, NWS], totalForecasts=93
02-04 12:12:09.372 17716 17745 D WeatherWidgetProvider: buildHourDataList: hour[8] 2026-02-04T12:00 label=12p showLabel=true isClosest=true
02-04 12:12:09.372 17716 17745 D WeatherWidgetProvider: buildHourDataList: hour[10] 2026-02-04T14:00 label=2p showLabel=true isClosest=false
02-04 12:12:09.372 17716 17745 D WeatherWidgetProvider: buildHourDataList: hour[12] 2026-02-04T16:00 label=4p showLabel=true isClosest=false
02-04 12:12:09.372 17716 17766 D TemperatureInterpolator: getInterpolatedTemperature: filteredForecasts=49, sources=[OPEN_METEO, NWS]
02-04 12:12:09.372 17716 17745 D WeatherWidgetProvider: buildHourDataList: hour[14] 2026-02-04T18:00 label=6p showLabel=true isClosest=false
02-04 12:12:09.372 17716 17766 D TemperatureInterpolator: getInterpolatedTemperature: currentHour=2026-02-04T12:00 found=NWS:65.0, nextHour=2026-02-04T13:00 found=NWS:69.0
02-04 12:12:09.373 17716 17766 D TemperatureInterpolator: Interpolating: time=12:12, current=65.0@2026-02-04T12:00, next=69.0@2026-02-04T13:00, factor=0.2, result=65.8
02-04 12:12:09.373 17716 17745 D WeatherWidgetProvider: buildHourDataList: hour[16] 2026-02-04T20:00 label=8p showLabel=true isClosest=false
02-04 12:12:09.373 17716 17745 D WeatherWidgetProvider: buildHourDataList: hour[18] 2026-02-04T22:00 label=10p showLabel=true isClosest=false
02-04 12:12:09.373 17716 17745 D WeatherWidgetProvider: buildHourDataList: hour[20] 2026-02-05T00:00 label=12a showLabel=true isClosest=false
02-04 12:12:09.373 17716 17745 D WeatherWidgetProvider: buildHourDataList: hour[22] 2026-02-05T02:00 label=2a showLabel=true isClosest=false
02-04 12:12:09.373 17716 17745 D WeatherWidgetProvider: buildHourDataList: hour[24] 2026-02-05T04:00 label=4a showLabel=true isClosest=false
02-04 12:12:09.373 17716 17766 D WeatherWidgetProvider: buildHourDataList: now=2026-02-04T12:12:09.373072, centerTime=2026-02-04T12:12:09.362973, alignedCenter=2026-02-04T12:00
02-04 12:12:09.373 17716 17766 D WeatherWidgetProvider: buildHourDataList: startHour=2026-02-04T04:00, endHour=2026-02-05T04:00 (4:00 to 4:00)
02-04 12:12:09.374 17716 17766 D WeatherWidgetProvider: buildHourDataList: forecastsByTime has 49 entries, labelInterval=2
02-04 12:12:09.374 17716 17766 D WeatherWidgetProvider: buildHourDataList: forecastsByTime keys=[2026-02-03T12:00, 2026-02-03T13:00, 2026-02-03T14:00, 2026-02-03T15:00, 2026-02-03T16:00, 2026-02-03T17:00, 2026-02-03T18:00, 2026-02-03T19:00, 2026-02-03T20:00, 2026-02-03T21:00, 2026-02-03T22:00, 2026-02-03T23:00, 2026-02-04T00:00, 2026-02-04T01:00, 2026-02-04T02:00, 2026-02-04T03:00, 2026-02-04T04:00, 2026-02-04T05:00, 2026-02-04T06:00, 2026-02-04T07:00, 2026-02-04T08:00, 2026-02-04T09:00, 2026-02-04T10:00, 2026-02-04T11:00, 2026-02-04T12:00, 2026-02-04T13:00, 2026-02-04T14:00, 2026-02-04T15:00, 2026-02-04T16:00, 2026-02-04T17:00, 2026-02-04T18:00, 2026-02-04T19:00, 2026-02-04T20:00, 2026-02-04T21:00, 2026-02-04T22:00, 2026-02-04T23:00, 2026-02-05T00:00, 2026-02-05T01:00, 2026-02-05T02:00, 2026-02-05T03:00, 2026-02-05T04:00, 2026-02-05T05:00, 2026-02-05T06:00, 2026-02-05T07:00, 2026-02-05T08:00, 2026-02-05T09:00, 2026-02-05T10:00, 2026-02-05T11:00, 2026-02-05T12:00]
02-04 12:12:09.374 17716 17745 D WeatherWidgetProvider: buildHourDataList: Built 25 hours, first=2026-02-04T04:00, last=2026-02-05T04:00
02-04 12:12:09.374 17716 17745 D WeatherWidgetProvider: getOptimalBitmapSize: 318dp×180dp → Downscaling from 834x472px (1537KB) to 630x356px (876KB), scale=0.75602686, rawPixels=393648
02-04 12:12:09.375 17716 17745 D HourlyGraph: Widget: 630px × 356px (240dp × 135dp) | heightScaleFactor=1.0 | baseLabel=9dp, finalLabel=9dp
02-04 12:12:09.375 17716 17745 D HourlyGraph: Font sizes: hourLabel=23.625px (9.0dp), tempLabel=23.625px (9.0dp)
02-04 12:12:09.379 17716 17769 D WeatherWidgetProvider: buildHourDataList: hour[0] 2026-02-04T04:00 label=4a showLabel=true isClosest=false
02-04 12:12:09.379 17716 17766 D WeatherWidgetProvider: buildHourDataList: hour[0] 2026-02-04T04:00 label=4a showLabel=true isClosest=false
02-04 12:12:09.380 17716 17769 D WeatherWidgetProvider: buildHourDataList: hour[2] 2026-02-04T06:00 label=6a showLabel=true isClosest=false
02-04 12:12:09.380 17716 17766 D WeatherWidgetProvider: buildHourDataList: hour[2] 2026-02-04T06:00 label=6a showLabel=true isClosest=false
02-04 12:12:09.380 17716 17769 D WeatherWidgetProvider: buildHourDataList: hour[4] 2026-02-04T08:00 label=8a showLabel=true isClosest=false
02-04 12:12:09.380 17716 17766 D WeatherWidgetProvider: buildHourDataList: hour[4] 2026-02-04T08:00 label=8a showLabel=true isClosest=false
02-04 12:12:09.380 17716 17769 D WeatherWidgetProvider: buildHourDataList: hour[6] 2026-02-04T10:00 label=10a showLabel=true isClosest=false
02-04 12:12:09.381 17716 17769 D WeatherWidgetProvider: buildHourDataList: hour[8] 2026-02-04T12:00 label=12p showLabel=true isClosest=true
02-04 12:12:09.382 17716 17769 D WeatherWidgetProvider: buildHourDataList: hour[10] 2026-02-04T14:00 label=2p showLabel=true isClosest=false
02-04 12:12:09.383 17716 17766 D WeatherWidgetProvider: buildHourDataList: hour[6] 2026-02-04T10:00 label=10a showLabel=true isClosest=false
02-04 12:12:09.383 17716 17744 I WM-WorkerWrapper: Worker result SUCCESS for Work [ id=bd9cedaa-0b49-425c-9cc9-ed9f2d5eac11, tags={ com.weatherwidget.widget.WeatherWidgetWorker } ]
02-04 12:12:09.383 17716 17769 D WeatherWidgetProvider: buildHourDataList: hour[12] 2026-02-04T16:00 label=4p showLabel=true isClosest=false
02-04 12:12:09.383 17716 17769 D WeatherWidgetProvider: buildHourDataList: hour[14] 2026-02-04T18:00 label=6p showLabel=true isClosest=false
02-04 12:12:09.383 17716 17766 D WeatherWidgetProvider: buildHourDataList: hour[8] 2026-02-04T12:00 label=12p showLabel=true isClosest=true
02-04 12:12:09.383 17716 17769 D WeatherWidgetProvider: buildHourDataList: hour[16] 2026-02-04T20:00 label=8p showLabel=true isClosest=false
02-04 12:12:09.383 17716 17766 D WeatherWidgetProvider: buildHourDataList: hour[10] 2026-02-04T14:00 label=2p showLabel=true isClosest=false
02-04 12:12:09.383 17716 17769 D WeatherWidgetProvider: buildHourDataList: hour[18] 2026-02-04T22:00 label=10p showLabel=true isClosest=false
02-04 12:12:09.384 17716 17766 D WeatherWidgetProvider: buildHourDataList: hour[12] 2026-02-04T16:00 label=4p showLabel=true isClosest=false
02-04 12:12:09.384 17716 17769 D WeatherWidgetProvider: buildHourDataList: hour[20] 2026-02-05T00:00 label=12a showLabel=true isClosest=false
02-04 12:12:09.384 17716 17766 D WeatherWidgetProvider: buildHourDataList: hour[14] 2026-02-04T18:00 label=6p showLabel=true isClosest=false
02-04 12:12:09.384 17716 17769 D WeatherWidgetProvider: buildHourDataList: hour[22] 2026-02-05T02:00 label=2a showLabel=true isClosest=false
02-04 12:12:09.384 17716 17766 D WeatherWidgetProvider: buildHourDataList: hour[16] 2026-02-04T20:00 label=8p showLabel=true isClosest=false
02-04 12:12:09.384 17716 17766 D WeatherWidgetProvider: buildHourDataList: hour[18] 2026-02-04T22:00 label=10p showLabel=true isClosest=false
02-04 12:12:09.385 17716 17766 D WeatherWidgetProvider: buildHourDataList: hour[20] 2026-02-05T00:00 label=12a showLabel=true isClosest=false
02-04 12:12:09.385 17716 17766 D WeatherWidgetProvider: buildHourDataList: hour[22] 2026-02-05T02:00 label=2a showLabel=true isClosest=false
02-04 12:12:09.385 17716 17766 D WeatherWidgetProvider: buildHourDataList: hour[24] 2026-02-05T04:00 label=4a showLabel=true isClosest=false
02-04 12:12:09.385 17716 17766 D WeatherWidgetProvider: buildHourDataList: Built 25 hours, first=2026-02-04T04:00, last=2026-02-05T04:00
02-04 12:12:09.385 17716 17766 D WeatherWidgetProvider: getOptimalBitmapSize: 318dp×180dp → Downscaling from 834x472px (1537KB) to 630x356px (876KB), scale=0.75602686, rawPixels=393648
02-04 12:12:09.386 17716 17769 D WeatherWidgetProvider: buildHourDataList: hour[24] 2026-02-05T04:00 label=4a showLabel=true isClosest=false
02-04 12:12:09.386 17716 17766 D HourlyGraph: Widget: 630px × 356px (240dp × 135dp) | heightScaleFactor=1.0 | baseLabel=9dp, finalLabel=9dp
02-04 12:12:09.386 17716 17769 D WeatherWidgetProvider: buildHourDataList: Built 25 hours, first=2026-02-04T04:00, last=2026-02-05T04:00
02-04 12:12:09.386 17716 17769 D WeatherWidgetProvider: getOptimalBitmapSize: 318dp×180dp → Downscaling from 834x472px (1537KB) to 630x356px (876KB), scale=0.75602686, rawPixels=393648
02-04 12:12:09.386 17716 17766 D HourlyGraph: Font sizes: hourLabel=23.625px (9.0dp), tempLabel=23.625px (9.0dp)
02-04 12:12:09.386  1429  1492 I .apps.wellbeing: AssetManager2(0x7ded86ded7f8) locale list changing from [] to [en-US]
02-04 12:12:09.387 17716 17769 D HourlyGraph: Widget: 630px × 356px (240dp × 135dp) | heightScaleFactor=1.0 | baseLabel=9dp, finalLabel=9dp
02-04 12:12:09.387 17716 17769 D HourlyGraph: Font sizes: hourLabel=23.625px (9.0dp), tempLabel=23.625px (9.0dp)
02-04 12:12:09.390   696   866 D AppWidgetServiceImpl: Trying to notify widget update for package com.weatherwidget with widget id: 10
02-04 12:12:09.391  1429  1492 I .apps.wellbeing: AssetManager2(0x7ded86dedb18) locale list changing from [] to [en-US]
02-04 12:12:09.455 17716 17759 I WM-WorkerWrapper: Worker result SUCCESS for Work [ id=6db3e519-adbb-4afb-a43a-a07bec7d4067, tags={ com.weatherwidget.widget.WeatherWidgetWorker } ]
02-04 12:12:09.457 17716 17758 I WM-WorkerWrapper: Worker result SUCCESS for Work [ id=264f03ee-c19a-41de-84cd-aa1ef5e69ec1, tags={ com.weatherwidget.widget.WeatherWidgetWorker } ]
02-04 12:12:09.462 17716 17758 I WM-WorkerWrapper: Worker result SUCCESS for Work [ id=41a3b795-fdf2-4ee4-ace5-901c722b9148, tags={ com.weatherwidget.widget.WeatherWidgetWorker } ]
02-04 12:12:09.482   696   866 D AppWidgetServiceImpl: Trying to notify widget update for package com.weatherwidget with widget id: 10
02-04 12:12:09.488 17716 17757 I WM-WorkerWrapper: Worker result SUCCESS for Work [ id=0d0c64c3-9344-4abf-b361-f5e5c9adca1d, tags={ com.weatherwidget.widget.WeatherWidgetWorker } ]
02-04 12:12:09.510 17716 17744 I WM-WorkerWrapper: Worker result SUCCESS for Work [ id=198d0f9d-5978-4d48-bcf6-de9dd98630f1, tags={ com.weatherwidget.widget.WeatherWidgetWorker } ]
02-04 12:12:09.568   696   866 D AppWidgetServiceImpl: Trying to notify widget update for package com.weatherwidget with widget id: 10
02-04 12:12:09.576   696   866 D AppWidgetServiceImpl: Trying to notify widget update for package com.weatherwidget with widget id: 10
02-04 12:12:09.576 17716 17758 I WM-WorkerWrapper: Worker result SUCCESS for Work [ id=3acdb717-4dd5-4980-ac82-6506f1d44278, tags={ com.weatherwidget.widget.WeatherWidgetWorker } ]
02-04 12:12:09.647  1429  1492 I .apps.wellbeing: AssetManager2(0x7ded86de8398) locale list changing from [] to [en-US]
02-04 12:12:09.672 17716 17758 I WM-WorkerWrapper: Worker result SUCCESS for Work [ id=eca7916e-1492-455b-8806-e48d99e47135, tags={ com.weatherwidget.widget.WeatherWidgetWorker } ]
02-04 12:12:09.695 17716 17744 I WM-WorkerWrapper: Worker result SUCCESS for Work [ id=63cd8169-1166-4f4e-a549-c0764f368f44, tags={ com.weatherwidget.widget.WeatherWidgetWorker } ]
02-04 12:12:09.697  1429  1492 I .apps.wellbeing: AssetManager2(0x7ded86deb8b8) locale list changing from [] to [en-US]
02-04 12:12:09.697 17716 17744 I WM-WorkerWrapper: Worker result SUCCESS for Work [ id=1d8de7aa-ccbd-4fc4-8eec-d8842318d59c, tags={ com.weatherwidget.widget.WeatherWidgetWorker } ]
02-04 12:12:09.720  1429  1492 I .apps.wellbeing: AssetManager2(0x7ded86de9978) locale list changing from [] to [en-US]
02-04 12:12:09.734  1429  1492 I .apps.wellbeing: AssetManager2(0x7ded86deedd8) locale list changing from [] to [en-US]
02-04 12:12:09.776 17716 17745 D WeatherRepository: fetchFromNws: Got 14 periods
02-04 12:12:09.776 17716 17745 D WeatherRepository: fetchFromNws: Fetching hourly forecasts from NWS...
02-04 12:12:09.837  1429  1492 I .apps.wellbeing: AssetManager2(0x7ded86de2c18) locale list changing from [] to [en-US]
02-04 12:12:09.918 17716 17769 D OpenMeteoApi: getForecast: Raw response length=14379
02-04 12:12:09.926  1429  1492 I .apps.wellbeing: AssetManager2(0x7ded86dee798) locale list changing from [] to [en-US]
02-04 12:12:09.937  1429  1492 I .apps.wellbeing: AssetManager2(0x7ded86df1fd8) locale list changing from [] to [en-US]
02-04 12:12:09.948  1429  1492 I .apps.wellbeing: AssetManager2(0x7ded86dfaf98) locale list changing from [] to [en-US]
02-04 12:12:09.949 17716 17769 D OpenMeteoApi: getForecast: daily object keys=[time, temperature_2m_max, temperature_2m_min, weather_code]
02-04 12:12:09.949 17716 17769 D OpenMeteoApi: getForecast: parsed 21 dates: [2026-01-28, 2026-01-29, 2026-01-30, 2026-01-31, 2026-02-01, 2026-02-02, 2026-02-03, 2026-02-04, 2026-02-05, 2026-02-06, 2026-02-07, 2026-02-08, 2026-02-09, 2026-02-10, 2026-02-11, 2026-02-12, 2026-02-13, 2026-02-14, 2026-02-15, 2026-02-16, 2026-02-17]
02-04 12:12:09.972  1429  1492 I .apps.wellbeing: AssetManager2(0x7ded86dfdb58) locale list changing from [] to [en-US]
02-04 12:12:09.997  1429  1492 I .apps.wellbeing: AssetManager2(0x7ded86dfc578) locale list changing from [] to [en-US]
02-04 12:12:10.009  1429  1492 I .apps.wellbeing: AssetManager2(0x7ded86dfe198) locale list changing from [] to [en-US]
02-04 12:12:10.024  1429  1492 I .apps.wellbeing: AssetManager2(0x7ded86dfac78) locale list changing from [] to [en-US]
02-04 12:12:10.027 17716 17746 D WeatherRepository: fetchFromNws: Got 156 NWS hourly periods
02-04 12:12:10.044  1429  1492 I .apps.wellbeing: AssetManager2(0x7ded86df7438) locale list changing from [] to [en-US]
02-04 12:12:10.071 17716 17769 D OpenMeteoApi: getForecast: parsed 504 hourly forecasts
02-04 12:12:10.072 17716 17769 D WeatherRepository: fetchFromOpenMeteo: Got 21 days from API
02-04 12:12:10.072 17716 17769 D WeatherRepository:   API day: 2026-01-28 H=63 L=49
02-04 12:12:10.072 17716 17769 D WeatherRepository:   API day: 2026-01-29 H=64 L=42
02-04 12:12:10.072 17716 17769 D WeatherRepository:   API day: 2026-01-30 H=64 L=42
02-04 12:12:10.072 17716 17769 D WeatherRepository:   API day: 2026-01-31 H=64 L=42
02-04 12:12:10.072 17716 17769 D WeatherRepository:   API day: 2026-02-01 H=64 L=42
02-04 12:12:10.072 17716 17769 D WeatherRepository:   API day: 2026-02-02 H=67 L=41
02-04 12:12:10.072 17716 17769 D WeatherRepository:   API day: 2026-02-03 H=67 L=40
02-04 12:12:10.072 17716 17769 D WeatherRepository:   API day: 2026-02-04 H=69 L=40
02-04 12:12:10.072 17716 17769 D WeatherRepository:   API day: 2026-02-05 H=68 L=44
02-04 12:12:10.072 17716 17769 D WeatherRepository:   API day: 2026-02-06 H=69 L=49
02-04 12:12:10.072 17716 17769 D WeatherRepository:   API day: 2026-02-07 H=67 L=53
02-04 12:12:10.072 17716 17769 D WeatherRepository:   API day: 2026-02-08 H=66 L=51
02-04 12:12:10.072 17716 17769 D WeatherRepository:   API day: 2026-02-09 H=61 L=51
02-04 12:12:10.072 17716 17769 D WeatherRepository:   API day: 2026-02-10 H=58 L=49
02-04 12:12:10.072 17716 17769 D WeatherRepository:   API day: 2026-02-11 H=54 L=46
02-04 12:12:10.072 17716 17769 D WeatherRepository:   API day: 2026-02-12 H=56 L=44
02-04 12:12:10.072 17716 17769 D WeatherRepository:   API day: 2026-02-13 H=60 L=45
02-04 12:12:10.072 17716 17769 D WeatherRepository:   API day: 2026-02-14 H=52 L=43
02-04 12:12:10.072 17716 17769 D WeatherRepository:   API day: 2026-02-15 H=50 L=41
02-04 12:12:10.072 17716 17769 D WeatherRepository:   API day: 2026-02-16 H=54 L=39
02-04 12:12:10.072 17716 17769 D WeatherRepository:   API day: 2026-02-17 H=54 L=46
02-04 12:12:10.083 17716 17746 D WeatherRepository: saveNwsHourlyForecasts: Saved 156 NWS hourly forecasts, range: 2026-02-04T11:00 to 2026-02-10T22:00
02-04 12:12:10.088 17716 17746 D WeatherRepository: fetchDayObservations: Using cached stations (52 total)
02-04 12:12:10.088 17716 17746 D WeatherRepository: fetchDayObservations: Trying station AW020 (1/5) for 2026-02-04
02-04 12:12:10.112 17716 17765 W WeatherRepository: fetchDayObservations: No observations from AW020 for 2026-02-04 - trying next
02-04 12:12:10.113 17716 17765 D WeatherRepository: fetchDayObservations: Trying station KNUQ (2/5) for 2026-02-04
02-04 12:12:10.117 17716 17746 D WeatherRepository: saveHourlyForecasts: Saved 504 Open-Meteo hourly forecasts, range: 2026-01-28T00:00 to 2026-02-17T23:00
02-04 12:12:10.128   696  1167 D CompatChangeReporter: Compat change id reported: 161145287; UID 10231; state: ENABLED
02-04 12:12:10.129 17716 17746 D WeatherRepository: isDevicePluggedIn: status=4, plugType=0 -> isPlugged=false
02-04 12:12:10.129 17716 17746 D WeatherRepository: fetchClimateNormalsGap: Checking if plugged in: false (Source Context: Open-Meteo)
02-04 12:12:10.129 17716 17746 D ApiLogger: logApiCall: Open-Meteo, success=true, error=null
02-04 12:12:10.140  1429  1492 I .apps.wellbeing: AssetManager2(0x7ded86dfb2b8) locale list changing from [] to [en-US]
02-04 12:12:10.161  1429  1492 I .apps.wellbeing: AssetManager2(0x7ded86df9ff8) locale list changing from [] to [en-US]
02-04 12:12:10.185  1429  1492 I .apps.wellbeing: AssetManager2(0x7ded86dfb5d8) locale list changing from [] to [en-US]
02-04 12:12:10.202 17716 17746 D ApiLogger: Successfully saved 100 entries
02-04 12:12:10.202 17716 17746 D WeatherRepository: fetchFromBothApis: Open-Meteo succeeded
02-04 12:12:10.232 17716 17766 I WeatherRepository: fetchDayObservations: SUCCESS - Got 35 observations from KNUQ for 2026-02-04
02-04 12:12:10.232 17716 17766 I WeatherRepository: fetchDayObservations: Station KNUQ provided data for 2026-02-04 (H:62 L:42) after 2 attempts
02-04 12:12:10.233 17716 17766 D WeatherRepository: fetchFromNws: Got observations for 2026-02-04 H=62 L=42 from station KNUQ
02-04 12:12:10.233 17716 17766 D WeatherRepository: fetchDayObservations: Using cached stations (52 total)
02-04 12:12:10.233 17716 17766 D WeatherRepository: fetchDayObservations: Trying station AW020 (1/5) for 2026-02-03
02-04 12:12:10.252 17716 17766 W WeatherRepository: fetchDayObservations: No observations from AW020 for 2026-02-03 - trying next
02-04 12:12:10.253 17716 17766 D WeatherRepository: fetchDayObservations: Trying station KNUQ (2/5) for 2026-02-03
02-04 12:12:10.283  1429  1492 I .apps.wellbeing: AssetManager2(0x7ded86de09b8) locale list changing from [] to [en-US]
02-04 12:12:10.308  1429  1492 I .apps.wellbeing: AssetManager2(0x7ded86dfa318) locale list changing from [] to [en-US]
02-04 12:12:10.314  1429  1492 I .apps.wellbeing: AssetManager2(0x7ded86df83d8) locale list changing from [] to [en-US]
02-04 12:12:10.332  1429  1492 I .apps.wellbeing: AssetManager2(0x7ded86de5af8) locale list changing from [] to [en-US]
02-04 12:12:10.359  1429  1492 I .apps.wellbeing: AssetManager2(0x7ded86dfe7d8) locale list changing from [] to [en-US]
02-04 12:12:10.368 17716 17745 I WeatherRepository: fetchDayObservations: SUCCESS - Got 72 observations from KNUQ for 2026-02-03
02-04 12:12:10.368 17716 17745 I WeatherRepository: fetchDayObservations: Station KNUQ provided data for 2026-02-03 (H:68 L:42) after 2 attempts
02-04 12:12:10.368 17716 17745 D WeatherRepository: fetchFromNws: Got observations for 2026-02-03 H=68 L=42 from station KNUQ
02-04 12:12:10.369 17716 17745 D WeatherRepository: fetchDayObservations: Using cached stations (52 total)
02-04 12:12:10.369 17716 17745 D WeatherRepository: fetchDayObservations: Trying station AW020 (1/5) for 2026-02-02
02-04 12:12:10.371  1429  1492 I .apps.wellbeing: AssetManager2(0x7ded86df9698) locale list changing from [] to [en-US]
02-04 12:12:10.377  1429  1492 I .apps.wellbeing: AssetManager2(0x7ded86df9378) locale list changing from [] to [en-US]
02-04 12:12:10.382  1429  1492 I .apps.wellbeing: AssetManager2(0x7ded86df8d38) locale list changing from [] to [en-US]
02-04 12:12:10.387  1429  1492 I .apps.wellbeing: AssetManager2(0x7ded86df9cd8) locale list changing from [] to [en-US]
02-04 12:12:10.388 17716 17745 W WeatherRepository: fetchDayObservations: No observations from AW020 for 2026-02-02 - trying next
02-04 12:12:10.388 17716 17745 D WeatherRepository: fetchDayObservations: Trying station KNUQ (2/5) for 2026-02-02
02-04 12:12:10.392  1429  1492 I .apps.wellbeing: AssetManager2(0x7ded86df80b8) locale list changing from [] to [en-US]
02-04 12:12:10.396  1429  1492 I .apps.wellbeing: AssetManager2(0x7ded86dfa958) locale list changing from [] to [en-US]
02-04 12:12:10.400  1429  1492 I .apps.wellbeing: AssetManager2(0x7ded86dfc898) locale list changing from [] to [en-US]
02-04 12:12:10.413  1429  1492 I .apps.wellbeing: AssetManager2(0x7ded86dfee18) locale list changing from [] to [en-US]
02-04 12:12:10.417  1429  1492 I .apps.wellbeing: AssetManager2(0x7ded86df8a18) locale list changing from [] to [en-US]
02-04 12:12:10.429  1429  1492 I .apps.wellbeing: AssetManager2(0x7ded86dfb8f8) locale list changing from [] to [en-US]
02-04 12:12:10.433  1429  1492 I .apps.wellbeing: AssetManager2(0x7ded86dfbc18) locale list changing from [] to [en-US]
02-04 12:12:10.445  1429  1492 I .apps.wellbeing: AssetManager2(0x7ded86dfd1f8) locale list changing from [] to [en-US]
02-04 12:12:10.470  1429  1492 I .apps.wellbeing: AssetManager2(0x7ded86dfced8) locale list changing from [] to [en-US]
02-04 12:12:10.480  1429  1492 I .apps.wellbeing: AssetManager2(0x7ded86df7d98) locale list changing from [] to [en-US]
02-04 12:12:10.490  1429  1492 I .apps.wellbeing: AssetManager2(0x7ded86dfa638) locale list changing from [] to [en-US]
02-04 12:12:10.492 17716 17746 I WeatherRepository: fetchDayObservations: SUCCESS - Got 72 observations from KNUQ for 2026-02-02
02-04 12:12:10.492 17716 17746 I WeatherRepository: fetchDayObservations: Station KNUQ provided data for 2026-02-02 (H:69 L:41) after 2 attempts
02-04 12:12:10.492 17716 17746 D WeatherRepository: fetchFromNws: Got observations for 2026-02-02 H=69 L=41 from station KNUQ
02-04 12:12:10.493 17716 17746 D WeatherRepository: fetchDayObservations: Using cached stations (52 total)
02-04 12:12:10.493 17716 17746 D WeatherRepository: fetchDayObservations: Trying station AW020 (1/5) for 2026-02-01
02-04 12:12:10.495  1429  1492 I .apps.wellbeing: AssetManager2(0x7ded86e035f8) locale list changing from [] to [en-US]
02-04 12:12:10.497  1429  1492 I .apps.wellbeing: AssetManager2(0x7ded86df7758) locale list changing from [] to [en-US]
02-04 12:12:10.510 17716 17746 W WeatherRepository: fetchDayObservations: No observations from AW020 for 2026-02-01 - trying next
02-04 12:12:10.510 17716 17746 D WeatherRepository: fetchDayObservations: Trying station KNUQ (2/5) for 2026-02-01
02-04 12:12:10.524  1429  1492 I .apps.wellbeing: AssetManager2(0x7ded86e048b8) locale list changing from [] to [en-US]
02-04 12:12:10.534  1429  1492 I .apps.wellbeing: AssetManager2(0x7ded86e00718) locale list changing from [] to [en-US]
02-04 12:12:10.542  1429  1492 I .apps.wellbeing: AssetManager2(0x7ded86dfeaf8) locale list changing from [] to [en-US]
02-04 12:12:10.584 17716 17747 I WeatherRepository: fetchDayObservations: SUCCESS - Got 71 observations from KNUQ for 2026-02-01
02-04 12:12:10.584 17716 17747 I WeatherRepository: fetchDayObservations: Station KNUQ provided data for 2026-02-01 (H:64 L:42) after 2 attempts
02-04 12:12:10.584 17716 17747 D WeatherRepository: fetchFromNws: Got observations for 2026-02-01 H=64 L=42 from station KNUQ
02-04 12:12:10.584 17716 17747 D WeatherRepository: fetchDayObservations: Using cached stations (52 total)
02-04 12:12:10.584 17716 17747 D WeatherRepository: fetchDayObservations: Trying station AW020 (1/5) for 2026-01-31
02-04 12:12:10.665 17716 17769 I WeatherRepository: fetchDayObservations: SUCCESS - Got 75 observations from AW020 for 2026-01-31
02-04 12:12:10.665 17716 17769 I WeatherRepository: fetchDayObservations: Station AW020 provided data for 2026-01-31 (H:64 L:41) after 1 attempts
02-04 12:12:10.665 17716 17769 D WeatherRepository: fetchFromNws: Got observations for 2026-01-31 H=64 L=41 from station AW020
02-04 12:12:10.665 17716 17769 D WeatherRepository: fetchDayObservations: Using cached stations (52 total)
02-04 12:12:10.665 17716 17769 D WeatherRepository: fetchDayObservations: Trying station AW020 (1/5) for 2026-01-30
02-04 12:12:10.679  1429  1492 I .apps.wellbeing: AssetManager2(0x7ded86e032d8) locale list changing from [] to [en-US]
02-04 12:12:10.688  1429  1492 I .apps.wellbeing: AssetManager2(0x7ded86e04ef8) locale list changing from [] to [en-US]
02-04 12:12:10.707  1429  1492 I .apps.wellbeing: AssetManager2(0x7ded86e02018) locale list changing from [] to [en-US]
02-04 12:12:10.720  1429  1492 I .apps.wellbeing: AssetManager2(0x7ded86e0acb8) locale list changing from [] to [en-US]
02-04 12:12:10.753  1429  1492 I .apps.wellbeing: AssetManager2(0x7ded86e01398) locale list changing from [] to [en-US]
02-04 12:12:10.772  1429  1492 I .apps.wellbeing: AssetManager2(0x7ded86de1958) locale list changing from [] to [en-US]
02-04 12:12:10.777  1429  1492 I .apps.wellbeing: AssetManager2(0x7ded86e019d8) locale list changing from [] to [en-US]
02-04 12:12:10.781  1429  1492 I .apps.wellbeing: AssetManager2(0x7ded86de70d8) locale list changing from [] to [en-US]
02-04 12:12:10.805 17716 17747 I WeatherRepository: fetchDayObservations: SUCCESS - Got 142 observations from AW020 for 2026-01-30
02-04 12:12:10.806 17716 17747 I WeatherRepository: fetchDayObservations: Station AW020 provided data for 2026-01-30 (H:68 L:42) after 1 attempts
02-04 12:12:10.806 17716 17747 D WeatherRepository: fetchFromNws: Got observations for 2026-01-30 H=68 L=42 from station AW020
02-04 12:12:10.806 17716 17747 D WeatherRepository: fetchDayObservations: Using cached stations (52 total)
02-04 12:12:10.806 17716 17747 D WeatherRepository: fetchDayObservations: Trying station AW020 (1/5) for 2026-01-29
02-04 12:12:10.823  1429  1492 I .apps.wellbeing: AssetManager2(0x7ded86dea918) locale list changing from [] to [en-US]
02-04 12:12:10.831  1429  1492 I .apps.wellbeing: AssetManager2(0x7ded86de7a38) locale list changing from [] to [en-US]
02-04 12:12:10.844   696   840 D InetDiagMessage: Destroyed 0 sockets, proto=IPPROTO_TCP, family=AF_INET, states=14
02-04 12:12:10.845  1454  1460 W gle.android.gms: Suspending all threads took: 6.008ms
02-04 12:12:10.848   696   840 D InetDiagMessage: Destroyed 0 sockets, proto=IPPROTO_TCP, family=AF_INET6, states=14
02-04 12:12:10.848   696   840 D InetDiagMessage: Destroyed live tcp sockets for uids={10207} in 6ms
02-04 12:12:10.848   696   840 D InetDiagMessage: Destroyed 0 sockets, proto=IPPROTO_TCP, family=AF_INET, states=14
02-04 12:12:10.848  1429  1492 I .apps.wellbeing: AssetManager2(0x7ded86dec538) locale list changing from [] to [en-US]
02-04 12:12:10.848   696   840 D InetDiagMessage: Destroyed 0 sockets, proto=IPPROTO_TCP, family=AF_INET6, states=14
02-04 12:12:10.848   696   840 D InetDiagMessage: Destroyed live tcp sockets for uids={20207} in 1ms
02-04 12:12:10.857  1429  1492 I .apps.wellbeing: AssetManager2(0x7ded86de3578) locale list changing from [] to [en-US]
02-04 12:12:10.918  1429  1492 I .apps.wellbeing: AssetManager2(0x7ded86dd8038) locale list changing from [] to [en-US]
02-04 12:12:10.930  1429  1492 I .apps.wellbeing: AssetManager2(0x7ded86ddfd38) locale list changing from [] to [en-US]
02-04 12:12:10.942 17716 17768 I WeatherRepository: fetchDayObservations: SUCCESS - Got 142 observations from AW020 for 2026-01-29
02-04 12:12:10.943 17716 17768 I WeatherRepository: fetchDayObservations: Station AW020 provided data for 2026-01-29 (H:69 L:41) after 1 attempts
02-04 12:12:10.943 17716 17768 D WeatherRepository: fetchFromNws: Got observations for 2026-01-29 H=69 L=41 from station AW020
02-04 12:12:10.943 17716 17768 D WeatherRepository: fetchDayObservations: Using cached stations (52 total)
02-04 12:12:10.943 17716 17768 D WeatherRepository: fetchDayObservations: Trying station AW020 (1/5) for 2026-01-28
02-04 12:12:10.966  1429  1492 I .apps.wellbeing: AssetManager2(0x7ded86e09d18) locale list changing from [] to [en-US]
02-04 12:12:10.973  1429  1492 I .apps.wellbeing: AssetManager2(0x7ded86e08418) locale list changing from [] to [en-US]
02-04 12:12:11.034 17716 17768 I WeatherRepository: fetchDayObservations: SUCCESS - Got 74 observations from AW020 for 2026-01-28
02-04 12:12:11.034 17716 17768 I WeatherRepository: fetchDayObservations: Station AW020 provided data for 2026-01-28 (H:64 L:48) after 1 attempts
02-04 12:12:11.034 17716 17768 D WeatherRepository: fetchFromNws: Got observations for 2026-01-28 H=64 L=48 from station AW020
02-04 12:12:11.035 17716 17768 D WeatherRepository:   Period 0: Today isDaytime=true temp=72 startTime=2026-02-04T06:00:00-08:00 -> date=2026-02-04
02-04 12:12:11.035 17716 17768 D WeatherRepository:   Period 1: Tonight isDaytime=false temp=46 startTime=2026-02-04T18:00:00-08:00 -> date=2026-02-04
02-04 12:12:11.035 17716 17768 D WeatherRepository:   Period 2: Thursday isDaytime=true temp=73 startTime=2026-02-05T06:00:00-08:00 -> date=2026-02-05
02-04 12:12:11.035 17716 17768 D WeatherRepository:   Period 3: Thursday Night isDaytime=false temp=51 startTime=2026-02-05T18:00:00-08:00 -> date=2026-02-05
02-04 12:12:11.035 17716 17768 D WeatherRepository:   Period 4: Friday isDaytime=true temp=68 startTime=2026-02-06T06:00:00-08:00 -> date=2026-02-06
02-04 12:12:11.036 17716 17768 D WeatherRepository:   Period 5: Friday Night isDaytime=false temp=47 startTime=2026-02-06T18:00:00-08:00 -> date=2026-02-06
02-04 12:12:11.036 17716 17768 D WeatherRepository:   Period 6: Saturday isDaytime=true temp=66 startTime=2026-02-07T06:00:00-08:00 -> date=2026-02-07
02-04 12:12:11.036 17716 17768 D WeatherRepository:   Period 7: Saturday Night isDaytime=false temp=47 startTime=2026-02-07T18:00:00-08:00 -> date=2026-02-07
02-04 12:12:11.036 17716 17768 D WeatherRepository:   Period 8: Sunday isDaytime=true temp=64 startTime=2026-02-08T06:00:00-08:00 -> date=2026-02-08
02-04 12:12:11.036 17716 17768 D WeatherRepository:   Period 9: Sunday Night isDaytime=false temp=46 startTime=2026-02-08T18:00:00-08:00 -> date=2026-02-08
02-04 12:12:11.036 17716 17768 D WeatherRepository:   Period 10: Monday isDaytime=true temp=59 startTime=2026-02-09T06:00:00-08:00 -> date=2026-02-09
02-04 12:12:11.036 17716 17768 D WeatherRepository:   Period 11: Monday Night isDaytime=false temp=44 startTime=2026-02-09T18:00:00-08:00 -> date=2026-02-09
02-04 12:12:11.036 17716 17768 D WeatherRepository:   Period 12: Tuesday isDaytime=true temp=57 startTime=2026-02-10T06:00:00-08:00 -> date=2026-02-10
02-04 12:12:11.037 17716 17768 D WeatherRepository:   Period 13: Tuesday Night isDaytime=false temp=43 startTime=2026-02-10T18:00:00-08:00 -> date=2026-02-10
02-04 12:12:11.037 17716 17768 D WeatherRepository: fetchFromNws: Parsed 14 days
02-04 12:12:11.038 17716 17768 D WeatherRepository: isDevicePluggedIn: status=4, plugType=0 -> isPlugged=false
02-04 12:12:11.038 17716 17768 D WeatherRepository: fetchClimateNormalsGap: Checking if plugged in: false (Source Context: NWS)
02-04 12:12:11.038 17716 17768 D ApiLogger: logApiCall: NWS, success=true, error=null
02-04 12:12:11.048 17716 17768 D ApiLogger: Successfully saved 100 entries
02-04 12:12:11.048 17716 17768 D WeatherRepository: fetchFromBothApis: NWS succeeded
02-04 12:12:11.053 17716 17768 D WeatherRepository: saveForecastSnapshot: Saved 7 snapshots for NWS (IncludeToday=true). Range: 2026-02-04 to 2026-02-10
02-04 12:12:11.056 17716 17768 D WeatherRepository: saveForecastSnapshot: Saved 14 snapshots for OPEN_METEO (IncludeToday=true). Range: 2026-02-04 to 2026-02-17
02-04 12:12:11.069 17716 17768 D WeatherWidgetWorker: doWork: Got 35 weather entries
02-04 12:12:11.069 17716 17768 D WeatherWidgetWorker:   2026-01-28: H=64 L=48
02-04 12:12:11.069 17716 17768 D WeatherWidgetWorker:   2026-01-28: H=63 L=49
02-04 12:12:11.069 17716 17768 D WeatherWidgetWorker:   2026-01-29: H=69 L=41
02-04 12:12:11.069 17716 17768 D WeatherWidgetWorker:   2026-01-29: H=64 L=42
02-04 12:12:11.069 17716 17768 D WeatherWidgetWorker:   2026-01-30: H=68 L=42
02-04 12:12:11.069 17716 17768 D WeatherWidgetWorker:   2026-01-30: H=64 L=42
02-04 12:12:11.069 17716 17768 D WeatherWidgetWorker:   2026-01-31: H=64 L=41
02-04 12:12:11.069 17716 17768 D WeatherWidgetWorker:   2026-01-31: H=64 L=42
02-04 12:12:11.069 17716 17768 D WeatherWidgetWorker:   2026-02-01: H=64 L=42
02-04 12:12:11.069 17716 17768 D WeatherWidgetWorker:   2026-02-01: H=64 L=42
02-04 12:12:11.069 17716 17768 D WeatherWidgetWorker:   2026-02-02: H=69 L=41
02-04 12:12:11.069 17716 17768 D WeatherWidgetWorker:   2026-02-02: H=67 L=41
02-04 12:12:11.069 17716 17768 D WeatherWidgetWorker:   2026-02-03: H=68 L=42
02-04 12:12:11.069 17716 17768 D WeatherWidgetWorker:   2026-02-03: H=67 L=40
02-04 12:12:11.069 17716 17768 D WeatherWidgetWorker:   2026-02-04: H=72 L=46
02-04 12:12:11.069 17716 17768 D WeatherWidgetWorker:   2026-02-04: H=69 L=40
02-04 12:12:11.069 17716 17768 D WeatherWidgetWorker:   2026-02-05: H=73 L=51
02-04 12:12:11.069 17716 17768 D WeatherWidgetWorker:   2026-02-05: H=68 L=44
02-04 12:12:11.069 17716 17768 D WeatherWidgetWorker:   2026-02-06: H=68 L=47
02-04 12:12:11.069 17716 17768 D WeatherWidgetWorker:   2026-02-06: H=69 L=49
02-04 12:12:11.069 17716 17768 D WeatherWidgetWorker:   2026-02-07: H=66 L=47
02-04 12:12:11.069 17716 17768 D WeatherWidgetWorker:   2026-02-07: H=67 L=53
02-04 12:12:11.069 17716 17768 D WeatherWidgetWorker:   2026-02-08: H=64 L=46
02-04 12:12:11.069 17716 17768 D WeatherWidgetWorker:   2026-02-08: H=66 L=51
02-04 12:12:11.069 17716 17768 D WeatherWidgetWorker:   2026-02-09: H=59 L=44
02-04 12:12:11.069 17716 17768 D WeatherWidgetWorker:   2026-02-09: H=61 L=51
02-04 12:12:11.069 17716 17768 D WeatherWidgetWorker:   2026-02-10: H=57 L=43
02-04 12:12:11.069 17716 17768 D WeatherWidgetWorker:   2026-02-10: H=58 L=49
02-04 12:12:11.069 17716 17768 D WeatherWidgetWorker:   2026-02-11: H=54 L=46
02-04 12:12:11.069 17716 17768 D WeatherWidgetWorker:   2026-02-12: H=56 L=44
02-04 12:12:11.069 17716 17768 D WeatherWidgetWorker:   2026-02-13: H=60 L=45
02-04 12:12:11.069 17716 17768 D WeatherWidgetWorker:   2026-02-14: H=52 L=43
02-04 12:12:11.069 17716 17768 D WeatherWidgetWorker:   2026-02-15: H=50 L=41
02-04 12:12:11.069 17716 17768 D WeatherWidgetWorker:   2026-02-16: H=54 L=39
02-04 12:12:11.069 17716 17768 D WeatherWidgetWorker:   2026-02-17: H=54 L=46
02-04 12:12:11.074 17716 17768 D WeatherWidgetProvider: getWidgetSize: widgetId=10, minWidth=360, minHeight=137 -> cols=5, rows=2
02-04 12:12:11.074 17716 17768 D WeatherWidgetProvider: updateWidgetWithHourlyData: widgetId=10, cols=5, rows=2, hourlyCount=93
02-04 12:12:11.077 17716 17768 D TemperatureInterpolator: getInterpolatedTemperature: source=NWS, sourcesInData=[OPEN_METEO, NWS], totalForecasts=93
02-04 12:12:11.078 17716 17768 D TemperatureInterpolator: getInterpolatedTemperature: filteredForecasts=49, sources=[OPEN_METEO, NWS]
02-04 12:12:11.078 17716 17768 D TemperatureInterpolator: getInterpolatedTemperature: currentHour=2026-02-04T12:00 found=NWS:65.0, nextHour=2026-02-04T13:00 found=NWS:69.0
02-04 12:12:11.078 17716 17768 D TemperatureInterpolator: Interpolating: time=12:12, current=65.0@2026-02-04T12:00, next=69.0@2026-02-04T13:00, factor=0.2, result=65.8
02-04 12:12:11.079 17716 17768 D WeatherWidgetProvider: buildHourDataList: now=2026-02-04T12:12:11.078776, centerTime=2026-02-04T12:12:11.074057, alignedCenter=2026-02-04T12:00
02-04 12:12:11.079 17716 17768 D WeatherWidgetProvider: buildHourDataList: startHour=2026-02-04T04:00, endHour=2026-02-05T04:00 (4:00 to 4:00)
02-04 12:12:11.079 17716 17768 D WeatherWidgetProvider: buildHourDataList: forecastsByTime has 49 entries, labelInterval=2
