02-04 12:12:18.866  1548  1830 D StrictMode: 	at nxw.transactAndReadException(PG:11)
02-04 12:12:18.866  1548  1830 D StrictMode: 	at cwkp.g(PG:42)
02-04 12:12:18.866  1548  1830 D StrictMode: 	at cwkp.c(PG:1)
02-04 12:12:18.866  1548  1830 D StrictMode: 	at abgs.test(PG:5)
02-04 12:12:18.866  1548  1830 D StrictMode: 	at j$.util.stream.y0.accept(SourceFile:7)
02-04 12:12:18.866  1548  1830 D StrictMode: 	at j$.util.m0.tryAdvance(SourceFile:20)
02-04 12:12:18.866  1548  1830 D StrictMode: 	at j$.util.stream.r2.y(SourceFile:7)
02-04 12:12:18.866  1548  1830 D StrictMode: 	at j$.util.stream.a.q(SourceFile:16)
02-04 12:12:18.866  1548  1830 D StrictMode: 	at j$.util.stream.a.n(SourceFile:28)
02-04 12:12:18.866  1548  1830 D StrictMode: 	at j$.util.stream.a.J(SourceFile:8)
02-04 12:12:18.866  1548  1830 D StrictMode: 	at j$.nio.file.G.a(SourceFile:11)
02-04 12:12:18.866  1548  1830 D StrictMode: 	at j$.util.stream.a.u(SourceFile:35)
02-04 12:12:18.866  1548  1830 D StrictMode: 	at j$.util.stream.r2.allMatch(SourceFile:7)
02-04 12:12:18.866  1548  1830 D StrictMode: 	at abgj.b(PG:40)
02-04 12:12:18.866  1548  1830 D StrictMode: 	at abgj.a(PG:49)
02-04 12:12:18.866  1548  1830 D StrictMode: 	at abgj.dispatchTransaction(PG:28)
02-04 12:12:18.866  1548  1830 D StrictMode: 	at nxx.onTransact(PG:13)
02-04 12:12:18.866  1548  1830 D StrictMode: 	at android.os.Binder.execTransactInternal(Binder.java:1421)
02-04 12:12:18.866  1548  1830 D StrictMode: 	at android.os.Binder.execTransact(Binder.java:1365)
02-04 12:12:18.866  1548  1830 D StrictMode: # via Binder call with stack:
02-04 12:12:18.866  1548  1830 D StrictMode: 	at android.os.StrictMode.readAndHandleBinderCallViolations(StrictMode.java:2671)
02-04 12:12:18.866  1548  1830 D StrictMode: 	at android.os.Parcel.readExceptionCode(Parcel.java:3285)
02-04 12:12:18.866  1548  1830 D StrictMode: 	at android.os.Parcel.readException(Parcel.java:3246)
02-04 12:12:18.866  1548  1830 D StrictMode: 	at nxw.transactAndReadException(PG:11)
02-04 12:12:18.866  1548  1830 D StrictMode: 	at com.google.android.gms.dynamite.DynamiteModule.d(PG:282)
02-04 12:12:18.866  1548  1830 D StrictMode: 	at cwkh.c(PG:24)
02-04 12:12:18.866  1548  1830 D StrictMode: 	at cwkp.g(PG:32)
02-04 12:12:18.866  1548  1830 D StrictMode: 	at cwkp.c(PG:1)
02-04 12:12:18.866  1548  1830 D StrictMode: 	at abgs.test(PG:5)
02-04 12:12:18.866  1548  1830 D StrictMode: 	at j$.util.stream.y0.accept(SourceFile:7)
02-04 12:12:18.866  1548  1830 D StrictMode: 	at j$.util.m0.tryAdvance(SourceFile:20)
02-04 12:12:18.866  1548  1830 D StrictMode: 	at j$.util.stream.r2.y(SourceFile:7)
02-04 12:12:18.866  1548  1830 D StrictMode: 	at j$.util.stream.a.q(SourceFile:16)
02-04 12:12:18.866  1548  1830 D StrictMode: 	at j$.util.stream.a.n(SourceFile:28)
02-04 12:12:18.866  1548  1830 D StrictMode: 	at j$.util.stream.a.J(SourceFile:8)
02-04 12:12:18.866  1548  1830 D StrictMode: 	at j$.nio.file.G.a(SourceFile:11)
02-04 12:12:18.866  1548  1830 D StrictMode: 	at j$.util.stream.a.u(SourceFile:35)
02-04 12:12:18.866  1548  1830 D StrictMode: 	at j$.util.stream.r2.allMatch(SourceFile:7)
02-04 12:12:18.866  1548  1830 D StrictMode: 	at abgj.b(PG:40)
02-04 12:12:18.866  1548  1830 D StrictMode: 	at abgj.a(PG:49)
02-04 12:12:18.866  1548  1830 D StrictMode: 	at abgj.dispatchTransaction(PG:28)
02-04 12:12:18.866  1548  1830 D StrictMode: 	at nxx.onTransact(PG:13)
02-04 12:12:18.866  1548  1830 D StrictMode: 	at android.os.Binder.execTransactInternal(Binder.java:1421)
02-04 12:12:18.866  1548  1830 D StrictMode: 	at android.os.Binder.execTransact(Binder.java:1365)
02-04 12:12:18.866  1548  1830 D StrictMode: # via Binder call with stack:
02-04 12:12:18.866  1548  1830 D StrictMode: 	at android.os.StrictMode.readAndHandleBinderCallViolations(StrictMode.java:2671)
02-04 12:12:18.866  1548  1830 D StrictMode: 	at android.os.Parcel.readExceptionCode(Parcel.java:3285)
02-04 12:12:18.866  1548  1830 D StrictMode: 	at android.database.DatabaseUtils.readExceptionFromParcel(DatabaseUtils.java:150)
02-04 12:12:18.866  1548  1830 D StrictMode: 	at android.content.ContentProviderProxy.query(ContentProviderNative.java:495)
02-04 12:12:18.866  1548  1830 D StrictMode: 	at android.content.ContentProviderClient.query(ContentProviderClient.java:196)
02-04 12:12:18.866  1548  1830 D StrictMode: 	at android.content.ContentProviderClient.query(ContentProviderClient.java:178)
02-04 12:12:18.866  1548  1830 D StrictMode: 	at android.content.ContentProviderClient.query(ContentProviderClient.java:168)
02-04 12:12:18.866  1548  1830 D StrictMode: 	at com.google.android.gms.dynamite.DynamiteModule.e(PG:80)
02-04 12:12:18.866  1548  1830 D StrictMode: 	at com.google.android.gms.dynamite.DynamiteModule.b(PG:87)
02-04 12:12:18.866  1548  1830 D StrictMode: 	at cwzb.b(PG:1)
02-04 12:12:18.866  1548  1830 D StrictMode: 	at cwzc.a(PG:65)
02-04 12:12:18.866  1548  1830 D StrictMode: 	at com.google.android.gms.dynamite.DynamiteModule.d(PG:58)
02-04 12:12:18.866  1548  1830 D StrictMode: 	at cwkh.c(PG:24)
02-04 12:12:18.866  1548  1830 D StrictMode: 	at cwkp.g(PG:32)
02-04 12:12:18.866  1548  1830 D StrictMode: 	at cwkp.c(PG:1)
02-04 12:12:18.866  1548  1830 D StrictMode: 	at abgs.test(PG:5)
02-04 12:12:18.866  1548  1830 D StrictMode: 	at j$.util.stream.y0.accept(SourceFile:7)
02-04 12:12:18.866  1548  1830 D StrictMode: 	at j$.util.m0.tryAdvance(SourceFile:20)
02-04 12:12:18.866  1548  1830 D StrictMode: 	at j$.util.stream.r2.y(SourceFile:7)
02-04 12:12:18.866  1548  1830 D StrictMode: 	at j$.util.stream.a.q(SourceFile:16)
02-04 12:12:18.866  1548  1830 D StrictMode: 	at j$.util.stream.a.n(SourceFile:28)
02-04 12:12:18.866  1548  1830 D StrictMode: 	at j$.util.stream.a.J(SourceFile:8)
02-04 12:12:18.866  1548  1830 D StrictMode: 	at j$.nio.file.G.a(SourceFile:11)
02-04 12:12:18.866  1548  1830 D StrictMode: 	at j$.util.stream.a.u(SourceFile:35)
02-04 12:12:18.866  1548  1830 D StrictMode: 	at j$.util.stream.r2.allMatch(SourceFile:7)
02-04 12:12:18.866  1548  1830 D StrictMode: 	at abgj.b(PG:40)
02-04 12:12:18.866  1548  1830 D StrictMode: 	at abgj.a(PG:49)
02-04 12:12:18.866  1548  1830 D StrictMode: 	at abgj.dispatchTransaction(PG:28)
02-04 12:12:18.866  1548  1830 D StrictMode: 	at nxx.onTransact(PG:13)
02-04 12:12:18.866  1548  1830 D StrictMode: 	at android.os.Binder.execTransactInternal(Binder.java:1421)
02-04 12:12:18.866  1548  1830 D StrictMode: 	at android.os.Binder.execTransact(Binder.java:1365)
02-04 12:12:18.867  1548  1830 I aosl    : (REDACTED) State changed: %s => %s
02-04 12:12:18.879  1548  1830 I aosl    : (REDACTED) State changed: %s => %s (%s)
02-04 12:12:19.153   696   840 D InetDiagMessage: Destroyed 0 sockets, proto=IPPROTO_TCP, family=AF_INET, states=14
02-04 12:12:19.156   696   840 D InetDiagMessage: Destroyed 2 sockets, proto=IPPROTO_TCP, family=AF_INET6, states=14
02-04 12:12:19.156   696   840 D InetDiagMessage: Destroyed live tcp sockets for uids={10146} in 5ms
02-04 12:12:19.611 17784 17808 I fbgv    : Validating WorkManager process
02-04 12:12:19.612 17784 17807 I fbgv    : (REDACTED) Processes: %s, %s, %s, %s
02-04 12:12:19.612 17784 17799 E ashmem  : Pinning is deprecated since Android Q. Please use trim or other methods.
02-04 12:12:19.618 17784 17808 D WM-PackageManagerHelper: Skipping component enablement for androidx.work.impl.background.systemjob.SystemJobService
02-04 12:12:19.618 17784 17808 D WM-Schedulers: Created SystemJobScheduler and enabled SystemJobService
02-04 12:12:19.619 17784 17818 D WM-ForceStopRunnable: Is default app process = true
02-04 12:12:19.619 17784 17818 D WM-ForceStopRunnable: Performing cleanup operations.
02-04 12:12:19.620 17784 17808 I abvk    : Getting accounts.
02-04 12:12:19.634 17784 17808 I anyq    : send OpaEligibilityChange broadcast to CommonBroadcastReceiver
02-04 12:12:19.644 17784 17815 I aznj    : (REDACTED) Set Assistant Enabled to %s
02-04 12:12:19.656 17784 17819 I acie    : (REDACTED) Event Bus thread starting with TID %d
02-04 12:12:19.657 17784 17784 I achh    : We were killed and are starting back!
02-04 12:12:19.670 17784 17819 I agyo    : (REDACTED) Util.isLowRamDevice: %b, canUsePreemptibleAudioSource: %b
02-04 12:12:19.697 17784 17818 D WM-PackageManagerHelper: Skipping component enablement for androidx.work.impl.background.systemalarm.RescheduleReceiver
02-04 12:12:19.707   696  1167 W ParceledListSlice: Element #4 is 19520 bytes.
02-04 12:12:19.715 17784 17821 I aznd    : Set Assistant eligibility status
02-04 12:12:19.753  1454  1454 D BoundBrokerSvc: onBind: Intent { act=com.google.android.gms.audit.service.START xflg=0x4 pkg=com.google.android.gms }
02-04 12:12:19.753  1454  1454 D BoundBrokerSvc: Loading bound service for intent: Intent { act=com.google.android.gms.audit.service.START xflg=0x4 pkg=com.google.android.gms }
02-04 12:12:19.764 17784 17799 I alhi    : NGA enabled in interactor.
02-04 12:12:19.766 17784 17799 I alhi    : (REDACTED) Nga state changed to %s
02-04 12:12:19.766 17784 17799 I alhi    : (REDACTED) isTngActive=%s
02-04 12:12:19.769 17784 17799 I alhi    : NGA enabled in interactor.
02-04 12:12:19.814 17784 17818 D nativeloader: Load /product/priv-app/Velvet/Velvet.apk!/lib/x86_64/libgeller_jni_lib.so using class loader ns product-clns-10 (caller=/product/priv-app/Velvet/Velvet.apk!classes2.dex): ok
02-04 12:12:19.829 17784 17808 I dmkr    : (REDACTED) Setting isLegacySQLite mode to %s.
02-04 12:12:19.830   696   885 D BackgroundInstallControlService: Package event received: 0
02-04 12:12:19.844   696   885 D BackgroundInstallControlService: Package event received: 0
02-04 12:12:19.887 17784 17819 W cdac    : No value provided for the places model index flag.
02-04 12:12:19.887 17784 17819 W cdac    : No value provided for the places model index flag.
02-04 12:12:19.904  1548  1830 I tuc     : (REDACTED) on opa visibility changed %s
02-04 12:12:19.919 17784 17819 I agyw    : getLocaleToModelSpecsMap
02-04 12:12:19.919 17784 17819 I agyw    : Fetching latest config from MDD...
02-04 12:12:19.926  1548  1830 I tuc     : (REDACTED) on opa visibility changed %s
02-04 12:12:19.928 17784 17819 I agyw    : (REDACTED) Found map of size: %d
02-04 12:12:19.931 17784 17834 W acto    : (REDACTED) isEligible(): Absent status for permission %s. Calling ensureCachedSettingsLoaded().
02-04 12:12:19.932 17784 17834 W acto    : (REDACTED) Absent status for permission %s. Calling ensureCachedSettingsLoaded().
02-04 12:12:19.933 17784 17834 W acto    : (REDACTED) isEligible(): Absent status for permission %s. Calling ensureCachedSettingsLoaded().
02-04 12:12:19.934 17784 17834 W acto    : (REDACTED) Absent status for permission %s. Calling ensureCachedSettingsLoaded().
02-04 12:12:19.935 17784 17834 W acto    : (REDACTED) isEligible(): Absent status for permission %s. Calling ensureCachedSettingsLoaded().
02-04 12:12:19.936 17784 17834 W acto    : (REDACTED) Absent status for permission %s. Calling ensureCachedSettingsLoaded().
02-04 12:12:19.936  1291  2669 I FacsCacheGmsModule: (REDACTED) Receiving API connection to FACS API from package '%s'...
02-04 12:12:19.941 17784 17819 I aldy    : (REDACTED) Initializing MicroDataManager InitializeType-%d, isForced-%b, isActivePhoneEnrollment-%b isActiveGoogleHomeEnrollment-%b
02-04 12:12:19.943  1548  1865 I tkr     : (REDACTED) Nga on-device enabled based on TNG:MA active state: %b
02-04 12:12:19.945 17784 17819 I acrf    : Returning false in #takeChangeMicroDetectorMode without doing anything.
02-04 12:12:19.946 17784 17842 I abue    : (REDACTED) Successfully received auth token for scope: %s in time %d ms
02-04 12:12:19.947 17784 17799 I agyw    : getLocaleToModelSpecsMap
02-04 12:12:19.947 17784 17799 I agyw    : Fetching latest config from MDD...
02-04 12:12:19.947 17784 17799 I agyw    : (REDACTED) Found map of size: %d
02-04 12:12:19.948 17784 17799 I ahau    : (REDACTED) Location for model with model type: %s and locale: %s, is : %s
02-04 12:12:19.948 17784 17799 I ahbb    : (REDACTED) #getHotwordModel [locale: %s, modelType: %s]
02-04 12:12:19.948 17784 17784 I fsoa    : (REDACTED) Scoped context discovery schemas: %s.
02-04 12:12:19.954 17784 17784 I ssSettingsReceiver: #SmartspaceSettingsChangeReceiver
02-04 12:12:19.954 17784 17815 I eoet    : (REDACTED) %s TNG App is logging Clearcut event named %s with the %s account state and %s source
02-04 12:12:19.955 17784 17784 I ssSettingsReceiver: (REDACTED) #onReceive:%s result code: %d, extras: %s
02-04 12:12:19.956 17784 17784 I ssSettingsReceiver: Received intent which is not a smartspace settings change signal.
02-04 12:12:19.971  1291  2669 I FacsCacheGmsModule: API connection successful!
02-04 12:12:19.973  1454  1454 D BoundBrokerSvc: onBind: Intent { act=com.google.android.gms.facs.internal.service.START dat=chimera-action:/... xflg=0x4 cmp=com.google.android.gms/.chimera.GmsInternalApiService }
02-04 12:12:19.973  1454  1454 D BoundBrokerSvc: Loading bound service for intent: Intent { act=com.google.android.gms.facs.internal.service.START dat=chimera-action:/... xflg=0x4 cmp=com.google.android.gms/.chimera.GmsInternalApiService }
02-04 12:12:19.978  1454  3348 I FacsCacheGmsModule: Receiving API connection to internal FACS API...
02-04 12:12:19.981  1454  3348 I FacsCacheGmsModule: API connection successful!
02-04 12:12:19.984 17784 17799 I ahbb    : (REDACTED) #getHotwordModelFromMobstore [mobstoreUri: %s]
02-04 12:12:20.082 17784 17815 I ahau    : (REDACTED) MicroDataManager InitializationTask. googleHotwordData is null: true, hotwordModel is null: %b , sourceLocationOfCurrentHotwordModel %s
02-04 12:12:20.083 17784 17819 I agyw    : getLocaleToModelSpecsMap
02-04 12:12:20.083 17784 17819 I agyw    : Fetching latest config from MDD...
02-04 12:12:20.083 17784 17819 I agyw    : (REDACTED) Found map of size: %d
02-04 12:12:20.084 17784 17819 I acrf    : Returning false in #takeChangeMicroDetectorMode without doing anything.
02-04 12:12:20.182  1548  1558 W hbox:interactor: Reducing the number of considered missed Gc histogram windows from 425 to 100
02-04 12:12:20.265  1548  1548 I AmbBrdcstRcvrServClient: (REDACTED) handleRefreshAction(): handling %s
02-04 12:12:20.265  1548  1845 I BrdcstRcvrMsgr: (REDACTED) sendMessage(): received broadcast id:%d with action:%s
02-04 12:12:20.268   696   885 D BackgroundInstallControlService: Package event received: 0
02-04 12:12:20.270 17784 17844 I A       : Calling beginBinderSession().
02-04 12:12:20.304   696  1167 D ConnectivityService: requestNetwork for uid/pid:10149/17784 activeRequest: null callbackRequest: 266 [NetworkRequest [ REQUEST id=267, [ Capabilities: INTERNET&NOT_RESTRICTED&TRUSTED&NOT_VCN_MANAGED&NOT_BANDWIDTH_CONSTRAINED Uid: 10149 RequestorUid: 10149 RequestorPkg: com.google.android.googlequicksearchbox UnderlyingNetworks: Null] ]] callback flags: 0 order: 2147483647 isUidTracked: false declaredMethods: AVAIL|LOST
02-04 12:12:20.311   696   840 D ConnectivityService: NetReassign [267 : null → 100] [c 1] [a 3] [i 2]
02-04 12:12:20.311   696   834 D WifiNetworkFactory: got request NetworkRequest [ REQUEST id=267, [ Capabilities: INTERNET&NOT_RESTRICTED&TRUSTED&NOT_VCN_MANAGED&NOT_BANDWIDTH_CONSTRAINED Uid: 10149 RequestorUid: 10149 RequestorPkg: com.google.android.googlequicksearchbox UnderlyingNetworks: Null] ]
02-04 12:12:20.312   696   834 D UntrustedWifiNetworkFactory: got request NetworkRequest [ REQUEST id=267, [ Capabilities: INTERNET&NOT_RESTRICTED&TRUSTED&NOT_VCN_MANAGED&NOT_BANDWIDTH_CONSTRAINED Uid: 10149 RequestorUid: 10149 RequestorPkg: com.google.android.googlequicksearchbox UnderlyingNetworks: Null] ]
02-04 12:12:20.313   696   834 D OemPaidWifiNetworkFactory: got request NetworkRequest [ REQUEST id=267, [ Capabilities: INTERNET&NOT_RESTRICTED&TRUSTED&NOT_VCN_MANAGED&NOT_BANDWIDTH_CONSTRAINED Uid: 10149 RequestorUid: 10149 RequestorPkg: com.google.android.googlequicksearchbox UnderlyingNetworks: Null] ]
02-04 12:12:20.313   696   834 D MultiInternetWifiNetworkFactory: got request NetworkRequest [ REQUEST id=267, [ Capabilities: INTERNET&NOT_RESTRICTED&TRUSTED&NOT_VCN_MANAGED&NOT_BANDWIDTH_CONSTRAINED Uid: 10149 RequestorUid: 10149 RequestorPkg: com.google.android.googlequicksearchbox UnderlyingNetworks: Null] ]
02-04 12:12:20.319 17784 17815 I A       : HeadsetState: startMonitoring
02-04 12:12:20.319 17784 17820 I A       : Restoring UserContext and chips from storage.
02-04 12:12:20.320 17784 17815 I A       : (REDACTED) %s(%s): shouldRegister: %b
02-04 12:12:20.320 17784 17844 I A       : (REDACTED) Forwarding trigger sources: %d
02-04 12:12:20.321 17784 17844 I A       : beginBinderSession(): calling binder
02-04 12:12:20.321  1548  1845 I BrdcstRcvrMsgr: SvcConn: messenger connected
02-04 12:12:20.322 17784 17817 I BrdcstRcvrBProvider: (REDACTED) handleMessage(): id:%d action:%s
02-04 12:12:20.323 17784 17817 I AmbBrdcstRcvrBProvider: (REDACTED) receive(): %s
02-04 12:12:20.324 17784 17817 I A       : (REDACTED) handleIntent(): action:%s
02-04 12:12:20.325 17784 17815 I A       : No UserContext was restored.
02-04 12:12:20.370 17784 17807 W CPDataMediator: Missing weather card from content store
02-04 12:12:20.371 17784 17807 I A       : refreshSmartspaceChip
02-04 12:12:20.371 17784 17807 I A       : refreshSmartspaceChip
02-04 12:12:20.372 17784 17807 I A       : #sendEchoUpdates
02-04 12:12:20.374 17784 17807 W WeatherUtils: Weather cards are missing from cache.
02-04 12:12:20.377 17784 17807 W WeatherUtils: Weather cards are missing from cache.
02-04 12:12:20.377 17784 17807 I A       : Trigger SS weather background task via Tng
02-04 12:12:20.378 17784 17815 I A       : transmitSmartspaceContent
02-04 12:12:20.378 17784 17815 I A       : logCardsSentInAmbientLogs
02-04 12:12:20.379 17784 17815 I A       : (REDACTED) sending card %s , pre event title : %s, during event title: %s, post event title: %s, event start time: %d, updated at time: %d, isTriggeringUpdate? %b, is from work profile? %b, expirationTimeMillis %d
02-04 12:12:20.381 17784 17808 I agyw    : getLocaleToModelSpecsMap
02-04 12:12:20.382 17784 17808 I agyw    : Fetching latest config from MDD...
02-04 12:12:20.382 17784 17808 I agyw    : (REDACTED) Found map of size: %d
02-04 12:12:20.383 17784 17808 I ahaf    : (REDACTED) hasHotwordEverywhere-%b
02-04 12:12:20.383 17784 17808 I BCSsUpdateIntent: (REDACTED) Legacy disabled set is: %s
02-04 12:12:20.385 17784 17807 I TemplateParserPvdImpl: (REDACTED) UI template for: %s for surfacce: %s is disabled. Skipping...
02-04 12:12:20.386 17784 17807 I BCSsUpdateIntent: (REDACTED) Non-empty bluechip card list, size: %d, types: %s
02-04 12:12:20.387 17784 17807 I BCSsUpdateIntent: (REDACTED) Sending filtered bluechip card list, size %d, types: %s
02-04 12:12:20.387 17784 17807 I BCSsUpdateIntent: attempt to aiaiConnect
02-04 12:12:20.414 17784 17807 I aukg    : Using pair HTTP connection
02-04 12:12:20.416   696  1167 D CompatChangeReporter: Compat change id reported: 297989574; UID 10149; state: ENABLED
02-04 12:12:20.422 17784 17850 I abhp    : [Upload] Connected
02-04 12:12:20.424 17784 17807 I awec    : (REDACTED) #shareData for %s with pending task count: %d
02-04 12:12:20.425 17784 17807 I ContentCaptureHelper: Setting logging level to OFF
02-04 12:12:20.442 17784 17842 I abue    : (REDACTED) Successfully received auth token for scope: %s in time %d ms
02-04 12:12:20.443   696   885 D BackgroundInstallControlService: Package event received: 0
02-04 12:12:20.457 17784 17818 W ccsv    : No feature type found for Smartspace card - not logging!
02-04 12:12:20.467   696  1798 I ContentCaptureManagerService: Data share request accepted by Content Capture service
02-04 12:12:20.468 17784 17851 I cn_CronetLibraryLoader: HTTP flags log line: Using live production flag values from Google
02-04 12:12:20.470 17784 17799 I awec    : (REDACTED) #shareData onWrite success: %s
02-04 12:12:20.470 17784 17799 I awec    : (REDACTED) %s completed with unretriable status %s on retry attempt %d
02-04 12:12:20.471 17784 17818 I awec    : (REDACTED) #shareData for %s done
02-04 12:12:20.471   696  1161 D ConnectivityService: requestNetwork for uid/pid:10149/17784 activeRequest: null callbackRequest: 268 [NetworkRequest [ REQUEST id=269, [ Capabilities: INTERNET&NOT_RESTRICTED&TRUSTED&NOT_VCN_MANAGED&NOT_BANDWIDTH_CONSTRAINED Uid: 10149 RequestorUid: 10149 RequestorPkg: com.google.android.googlequicksearchbox UnderlyingNetworks: Null] ]] callback flags: 0 order: 2147483647 isUidTracked: false declaredMethods: AVAIL|LOST|NC|LP
02-04 12:12:20.471 17784 17818 I agre    : (REDACTED) cardId: %d, card type: %s, update time: %s, expireTime: %s
02-04 12:12:20.472 17784 17818 I agre    : (REDACTED) Sending successful with locus ID %s
02-04 12:12:20.473   696  1790 D CompatChangeReporter: Compat change id reported: 319212206; UID 10149; state: ENABLED
02-04 12:12:20.473  1515  2496 I AiAiEcho: EchoDataShareHandler starts to process file, locusId=smartspace_update
02-04 12:12:20.474 17784 17822 I BrdcstRcvrBProvider: (REDACTED) handleMessage(): DONE id:%d
02-04 12:12:20.475  1548  1845 I BrdcstRcvrMsgr: (REDACTED) handleMessage(): id:%d, DEC to %d
02-04 12:12:20.476  1548  1845 I BrdcstRcvrMsgr: disconnect()
02-04 12:12:20.476  1548  1876 I AmbBrdcstRcvrServClient: disconnectInternal(): unregisterReceiver failed
02-04 12:12:20.477  1548  1876 I BrdcstRcvrMsgr: disconnect()
02-04 12:12:20.477  1548  1876 I AmbBrdcstRcvrServClient: (REDACTED) stopping trigger monitor: %s
02-04 12:12:20.477   696   834 D WifiNetworkFactory: got request NetworkRequest [ REQUEST id=269, [ Capabilities: INTERNET&NOT_RESTRICTED&TRUSTED&NOT_VCN_MANAGED&NOT_BANDWIDTH_CONSTRAINED Uid: 10149 RequestorUid: 10149 RequestorPkg: com.google.android.googlequicksearchbox UnderlyingNetworks: Null] ]
02-04 12:12:20.477   696   834 D UntrustedWifiNetworkFactory: got request NetworkRequest [ REQUEST id=269, [ Capabilities: INTERNET&NOT_RESTRICTED&TRUSTED&NOT_VCN_MANAGED&NOT_BANDWIDTH_CONSTRAINED Uid: 10149 RequestorUid: 10149 RequestorPkg: com.google.android.googlequicksearchbox UnderlyingNetworks: Null] ]
02-04 12:12:20.477  1548  1876 I A       : (REDACTED) HeadsetState(%s): stopMonitoring
02-04 12:12:20.478   696   834 D OemPaidWifiNetworkFactory: got request NetworkRequest [ REQUEST id=269, [ Capabilities: INTERNET&NOT_RESTRICTED&TRUSTED&NOT_VCN_MANAGED&NOT_BANDWIDTH_CONSTRAINED Uid: 10149 RequestorUid: 10149 RequestorPkg: com.google.android.googlequicksearchbox UnderlyingNetworks: Null] ]
02-04 12:12:20.478   696   834 D MultiInternetWifiNetworkFactory: got request NetworkRequest [ REQUEST id=269, [ Capabilities: INTERNET&NOT_RESTRICTED&TRUSTED&NOT_VCN_MANAGED&NOT_BANDWIDTH_CONSTRAINED Uid: 10149 RequestorUid: 10149 RequestorPkg: com.google.android.googlequicksearchbox UnderlyingNetworks: Null] ]
02-04 12:12:20.479   696   840 D ConnectivityService: NetReassign [269 : null → 100] [c 1] [a 1] [i 5]
02-04 12:12:20.479  1548  1876 I AmbBrdcstRcvrServClient: handleRefreshAction(): disconnect success
02-04 12:12:20.479  1548  1876 D StrictMode: StrictMode policy violation: android.os.strictmode.DiskReadViolation
02-04 12:12:20.479  1548  1876 D StrictMode: 	at android.os.StrictMode$AndroidBlockGuardPolicy.onReadFromDisk(StrictMode.java:1728)
02-04 12:12:20.479  1548  1876 D StrictMode: 	at android.app.SharedPreferencesImpl.hasFileChangedUnexpectedly(SharedPreferencesImpl.java:252)
02-04 12:12:20.479  1548  1876 D StrictMode: 	at android.app.SharedPreferencesImpl.startReloadIfChangedUnexpectedly(SharedPreferencesImpl.java:228)
02-04 12:12:20.479  1548  1876 D StrictMode: 	at android.app.ContextImpl.getSharedPreferences(ContextImpl.java:645)
02-04 12:12:20.479  1548  1876 D StrictMode: 	at android.app.ContextImpl.getSharedPreferences(ContextImpl.java:609)
02-04 12:12:20.479  1548  1876 D StrictMode: 	at android.content.ContextWrapper.getSharedPreferences(ContextWrapper.java:223)
02-04 12:12:20.479  1548  1876 D StrictMode: 	at agme.a(PG:8)
02-04 12:12:20.479  1548  1876 D StrictMode: 	at anhy.apply(PG:25)
02-04 12:12:20.479  1548  1876 D StrictMode: 	at fcqt.apply(PG:13)
02-04 12:12:20.479  1548  1876 D StrictMode: 	at fmnz.e(PG:3)
02-04 12:12:20.479  1548  1876 D StrictMode: 	at fmob.run(PG:38)
02-04 12:12:20.479  1548  1876 D StrictMode: 	at fmrq.run(PG:68)
02-04 12:12:20.479  1548  1876 D StrictMode: 	at djui.run(PG:5)
02-04 12:12:20.479  1548  1876 D StrictMode: 	at fler.run(PG:44)
02-04 12:12:20.479  1548  1876 D StrictMode: 	at djtz.run(PG:42)
02-04 12:12:20.479  1548  1876 D StrictMode: 	at java.lang.Thread.run(Thread.java:1119)
02-04 12:12:20.479  1548  1876 D StrictMode: 	at djvl.run(PG:62)
02-04 12:12:20.483  1548  1876 D StrictMode: StrictMode policy violation: android.os.strictmode.DiskReadViolation
02-04 12:12:20.483  1548  1876 D StrictMode: 	at android.os.StrictMode$AndroidBlockGuardPolicy.onReadFromDisk(StrictMode.java:1728)
02-04 12:12:20.483  1548  1876 D StrictMode: 	at libcore.io.BlockGuardOs.stat(BlockGuardOs.java:419)
02-04 12:12:20.483  1548  1876 D StrictMode: 	at libcore.io.ForwardingOs.stat(ForwardingOs.java:851)
02-04 12:12:20.483  1548  1876 D StrictMode: 	at android.app.ActivityThread$AndroidOs.stat(ActivityThread.java:8967)
02-04 12:12:20.483  1548  1876 D StrictMode: 	at android.system.Os.stat(Os.java:910)
02-04 12:12:20.483  1548  1876 D StrictMode: 	at android.app.SharedPreferencesImpl.hasFileChangedUnexpectedly(SharedPreferencesImpl.java:253)
02-04 12:12:20.483  1548  1876 D StrictMode: 	at android.app.SharedPreferencesImpl.startReloadIfChangedUnexpectedly(SharedPreferencesImpl.java:228)
02-04 12:12:20.483  1548  1876 D StrictMode: 	at android.app.ContextImpl.getSharedPreferences(ContextImpl.java:645)
02-04 12:12:20.483  1548  1876 D StrictMode: 	at android.app.ContextImpl.getSharedPreferences(ContextImpl.java:609)
02-04 12:12:20.483  1548  1876 D StrictMode: 	at android.content.ContextWrapper.getSharedPreferences(ContextWrapper.java:223)
02-04 12:12:20.483  1548  1876 D StrictMode: 	at agme.a(PG:8)
02-04 12:12:20.483  1548  1876 D StrictMode: 	at anhy.apply(PG:25)
02-04 12:12:20.483  1548  1876 D StrictMode: 	at fcqt.apply(PG:13)
02-04 12:12:20.483  1548  1876 D StrictMode: 	at fmnz.e(PG:3)
02-04 12:12:20.483  1548  1876 D StrictMode: 	at fmob.run(PG:38)
02-04 12:12:20.483  1548  1876 D StrictMode: 	at fmrq.run(PG:68)
02-04 12:12:20.483  1548  1876 D StrictMode: 	at djui.run(PG:5)
02-04 12:12:20.483  1548  1876 D StrictMode: 	at fler.run(PG:44)
02-04 12:12:20.483  1548  1876 D StrictMode: 	at djtz.run(PG:42)
02-04 12:12:20.483  1548  1876 D StrictMode: 	at java.lang.Thread.run(Thread.java:1119)
02-04 12:12:20.483  1548  1876 D StrictMode: 	at djvl.run(PG:62)
02-04 12:12:20.484  1548  1876 I AmbBrdcstRcvrServClient: connecting to AmbBroadcastReceiver
02-04 12:12:20.484   696   840 D ConnectivityService: NetReassign [no changes] [c 1] [a 2] [i 2]
02-04 12:12:20.485  1548  1876 I AmbBrdcstRcvrServClient: (REDACTED) enable ambient assistant: %b, isWidgetInstalled: %b, BlueChipSmartspaceEnabled: %b
02-04 12:12:20.486  1548  1876 I AmbBrdcstRcvrServClient: connect(): listening to headphone on broadcast.
02-04 12:12:20.486  1548  1876 I AmbBrdcstRcvrServClient: (REDACTED) connect(): setting up trigger sources of size: %d
02-04 12:12:20.486  1548  1876 I AmbBrdcstRcvrServClient: (REDACTED) starting trigger monitor: %s
02-04 12:12:20.487  1548  1865 I A       : HeadsetState: startMonitoring
02-04 12:12:20.487  1548  1865 I A       : (REDACTED) %s(%s): shouldRegister: %b
02-04 12:12:20.487  1548  1865 I A       : HeadsetState: Registering headset listener.
02-04 12:12:20.488   696  1790 W ActivityManager: Receiver with filter android.content.IntentFilter@f661fde already registered for pid 1548, callerPackage is com.google.android.googlequicksearchbox
02-04 12:12:20.488  1548  1876 I BrdcstRcvrMsgr: (REDACTED) sendMessage(): received broadcast id:%d with action:%s
02-04 12:12:20.489  1548  1865 I A       : HeadsetState: Registered headset listener.
02-04 12:12:20.490   696   885 D BackgroundInstallControlService: Package event received: 0
02-04 12:12:20.490  1548  1865 I A       : HeadsetState: First trigger, start trigger through profile intents.
02-04 12:12:20.491 17784 17794 I A       : Calling beginBinderSession().
02-04 12:12:20.491 17784 17794 I A       : beginBinderSession(): calling binder
02-04 12:12:20.492  1548  1876 I BrdcstRcvrMsgr: SvcConn: messenger connected
02-04 12:12:20.493 17784 17817 I BrdcstRcvrBProvider: (REDACTED) handleMessage(): id:%d action:%s
02-04 12:12:20.493 17784 17817 I AmbBrdcstRcvrBProvider: (REDACTED) receive(): %s
02-04 12:12:20.494 17784 17817 I A       : (REDACTED) handleIntent(): action:%s
02-04 12:12:20.494 17784 17820 I BrdcstRcvrBProvider: (REDACTED) handleMessage(): DONE id:%d
02-04 12:12:20.500  1548  1876 I BrdcstRcvrMsgr: (REDACTED) handleMessage(): id:%d, DEC to %d
02-04 12:12:20.500 17784 17807 D nativeloader: Load /product/priv-app/Velvet/Velvet.apk!/lib/x86_64/libcronet.135.0.7012.3.so using class loader ns product-clns-10 (caller=/product/priv-app/Velvet/Velvet.apk!classes3.dex): ok
02-04 12:12:20.501  1548  1876 I BrdcstRcvrMsgr: disconnect()
02-04 12:12:20.514 17784 17807 I cn_CronetLibraryLoader: Cronet version: 135.0.7012.3, arch: x86_64
02-04 12:12:20.520 17784 17807 W dncx    : Upload request without a content type.
02-04 12:12:20.532  1515  1841 I AiAiEcho: From CCAPI, Echo received 
02-04 12:12:20.550   536  3589 W APM::HwModule: getDeviceDescriptor: could not find HW module for device  (AUDIO_DEVICE_OUT_WIRED_HEADSET, 00000004) address 
02-04 12:12:20.554   536  3589 W APM::HwModule: getDeviceDescriptor: could not find HW module for device  (AUDIO_DEVICE_OUT_WIRED_HEADPHONE, 00000008) address 
02-04 12:12:20.554   536  3589 W APM::HwModule: getDeviceDescriptor: could not find HW module for device  (AUDIO_DEVICE_OUT_USB_HEADSET, 04000000) address 
02-04 12:12:20.555  1515  1841 I AiAiEcho: Predicting[0]:  [CONTEXT sampling_count=5 ]
02-04 12:12:20.556  1515  1841 I AiAiEcho: EchoTargets: 
02-04 12:12:20.556  1515  1841 I AiAiEcho: Filtered by AiAi flag check: 
02-04 12:12:20.556  1515  1841 I AiAiEcho: [CONTEXT ratelimit_period="10 SECONDS" ]
02-04 12:12:20.556 17784 17855 W chromium: [0204/121220.538544:WARNING:url_request_context_config.cc(715)] Unrecognized Cronet experimental option "enable_telemetry" with params "true
02-04 12:12:20.556 17784 17855 W chromium: 
02-04 12:12:20.558  1548  1865 I headsetCtxPrv: wired -- returning false
02-04 12:12:20.564  1515  1841 I AiAiEcho: #remoteViewsTwiddler: feature disabled.
02-04 12:12:20.565  1515  1841 I AiAiEcho: Predicting[0]:  [CONTEXT sampling_count=5 ]
02-04 12:12:20.565  1515  1841 I AiAiEcho: EchoTargets: 
02-04 12:12:20.565  1515  1841 I AiAiEcho: Filtered by AiAi flag check: 
02-04 12:12:20.565  1515  1841 I AiAiEcho: [CONTEXT ratelimit_period="10 SECONDS" ]
02-04 12:12:20.565  1515  1841 I AiAiEcho: #remoteViewsTwiddler: feature disabled.
02-04 12:12:20.573  1515  1841 I AiAiEcho: #postPredictionTargets: Sending updates to UISurface lockscreen with targets# 0 (types=[])
02-04 12:12:20.579  1515  1841 I AiAiEcho: #postPredictionTargets: Sending updates to UISurface home with targets# 0 (types=[])
02-04 12:12:20.597  1548  1865 I headsetCtxPrv: (REDACTED) is headset profile connected? %s check_enabled? %b
02-04 12:12:20.599  1548  1865 I headsetCtxPrv: (REDACTED) is a2dp profile connected? %s
02-04 12:12:20.600  1548  1865 I headsetCtxPrv: (REDACTED) getBluetoothHeadsetState(): profiles connected: headset:%b a2dp:%b
02-04 12:12:20.601  1043  1043 D SsBaseTemplateCard: No text view can be set up
02-04 12:12:20.601  1043  1043 D SsBaseTemplateCard: Passed-in item info is null
02-04 12:12:20.601  1043  1043 D SsBaseTemplateCard: Passed-in item info is null
02-04 12:12:20.601  1043  1043 D SsBaseTemplateCard: Passed-in item info is null
02-04 12:12:20.601  1043  1043 I SsBaseTemplateCard: Secondary card pane is null
02-04 12:12:20.605  1548  1865 D BluetoothAdapter: A2DP connected
02-04 12:12:20.606  1548  1865 I headsetCtxPrv: (REDACTED) Attempt to connect to profile proxy was successful? %s
02-04 12:12:20.609  1548  1548 D BluetoothAdapter: A2DP disconnected
02-04 12:12:20.609  1548  1548 I headsetCtxPrv: (REDACTED) getDevicesForProfile(): for profile %d, returning: [%s]
02-04 12:12:20.610  1548  1876 I headsetCtxPrv: getBluetoothHeadsetState(): device fetch done
02-04 12:12:20.610  1548  1876 W headsetCtxPrv: getStateFromBluetoothDevices(): no connected devices.
02-04 12:12:20.611  1548  1865 I A       : Returning HeadsetState for first trigger
02-04 12:12:20.611  1548  1865 I AmbBrdcstRcvrServClient: (REDACTED) onTrigger(): %s
02-04 12:12:20.613  1548  1876 I BrdcstRcvrMsgr: (REDACTED) sendMessage(): received broadcast id:%d with action:%s
02-04 12:12:20.616   696   885 D BackgroundInstallControlService: Package event received: 0
02-04 12:12:20.617   932   932 W PageIndicator: Total number of pages invalid: 0. Assuming 1 page.
02-04 12:12:20.618 17784 17794 I A       : Calling beginBinderSession().
02-04 12:12:20.618 17784 17794 I A       : beginBinderSession(): calling binder
02-04 12:12:20.618  1548  1876 I BrdcstRcvrMsgr: SvcConn: messenger connected
02-04 12:12:20.619 17784 17817 I BrdcstRcvrBProvider: (REDACTED) handleMessage(): id:%d action:%s
02-04 12:12:20.620 17784 17817 I AmbBrdcstRcvrBProvider: (REDACTED) receive(): %s
02-04 12:12:20.620 17784 17817 I A       : (REDACTED) handleIntent(): action:%s
02-04 12:12:20.623 17784 17821 I HeadsetContextPlugin: (REDACTED) headset state. %s
02-04 12:12:20.625 17784 17815 I A       : (REDACTED) Applying result: %s
02-04 12:12:20.626 17784 17815 I HeadsetContextPlugin: (REDACTED) updating context. Connected %s, type %s, name %s
02-04 12:12:20.626 17784 17815 I A       : (REDACTED) Applying result: %s
02-04 12:12:20.627 17784 17815 I SuggAggr: onContextChanged
02-04 12:12:20.649 17784 17815 I MediaRecsCtxProducer: #shouldHandleContext(): Bypassing content store, all headset states are handled.
02-04 12:12:20.650 17784 17815 I SuggAggr: (REDACTED) Selected producer: %s
02-04 12:12:20.652 17784 17822 I MediaRecsCtxProducer: #generateSuggestions: Handling disconnection. Generating empty card
02-04 12:12:20.653 17784 17820 I A       : (REDACTED) Sending %d updates directly to AiAi
02-04 12:12:20.654 17784 17821 I A       : (REDACTED) set() chips:%s filtered:%s
02-04 12:12:20.655 17784 17820 I aukg    : Using pair HTTP connection
02-04 12:12:20.661 17784 17842 I abue    : (REDACTED) Successfully received auth token for scope: %s in time %d ms
02-04 12:12:20.661 17784 17860 I abhp    : [Upload] Connected
02-04 12:12:20.667 17784 17818 W dncx    : Upload request without a content type.
02-04 12:12:20.668 17784 17820 I awec    : (REDACTED) #shareData for %s with pending task count: %d
02-04 12:12:20.668 17784 17818 W CPDataMediator: Missing weather card from content store
02-04 12:12:20.669 17784 17807 W CPDataMediator: Missing weather card from content store
02-04 12:12:20.671 17784 17799 W ccsv    : No feature type found for Smartspace card - not logging!
02-04 12:12:20.671   696  1161 I ContentCaptureManagerService: Data share request accepted by Content Capture service
02-04 12:12:20.671  1515  2496 I AiAiEcho: EchoDataShareHandler starts to process file, locusId=aa_update
02-04 12:12:20.672 17784 17807 I awec    : (REDACTED) #shareData onWrite success: %s
02-04 12:12:20.672 17784 17807 I awec    : (REDACTED) %s completed with unretriable status %s on retry attempt %d
02-04 12:12:20.672 17784 17799 I awec    : (REDACTED) #shareData for %s done
02-04 12:12:20.673 17784 17799 I agre    : (REDACTED) cardId: %d, card type: %s, update time: %s, expireTime: %s
02-04 12:12:20.674 17784 17799 I agre    : (REDACTED) Sending successful with locus ID %s
02-04 12:12:20.674 17784 17821 I A       : Successfully sent to AiAi
02-04 12:12:20.675 17784 17820 I BrdcstRcvrBProvider: (REDACTED) handleMessage(): DONE id:%d
02-04 12:12:20.676  1548  1876 I BrdcstRcvrMsgr: (REDACTED) handleMessage(): id:%d, DEC to %d
02-04 12:12:20.676  1548  1876 I BrdcstRcvrMsgr: disconnect()
02-04 12:12:20.676  1548  1865 I AmbBrdcstRcvrServClient: (REDACTED) handleRefreshAction(): connect done success:%b
02-04 12:12:20.861 17784 17848 I abhp    : [Download] starting read
02-04 12:12:20.896 17784 17859 I abhp    : [Download] starting read
02-04 12:12:20.931 17784 17784 I apnw    : Not enabled for version S+
02-04 12:12:20.932 17784 17784 I abkn    : Falling back to non-UDC sources
02-04 12:12:20.933 17784 17784 I abkn    : (REDACTED) Setting = %s, optedInt = %s
02-04 12:12:20.933 17784 17784 I abkn    : Falling back to non-UDC sources
02-04 12:12:20.933 17784 17784 I abkn    : (REDACTED) Setting = %s, optedInt = %s
02-04 12:12:20.933 17784 17784 I abkn    : Falling back to non-UDC sources
02-04 12:12:20.933 17784 17784 I abkn    : (REDACTED) Setting = %s, optedInt = %s
02-04 12:12:20.934 17784 17784 I abkn    : Falling back to non-UDC sources
02-04 12:12:20.934 17784 17784 I abkn    : (REDACTED) Setting = %s, optedInt = %s
02-04 12:12:20.940 17784 17784 I apnw    : Not enabled for version S+
02-04 12:12:20.942 17784 17784 I abkn    : Falling back to non-UDC sources
02-04 12:12:20.942 17784 17784 I abkn    : (REDACTED) Setting = %s, optedInt = %s
02-04 12:12:20.955 17784 17821 I eoet    : (REDACTED) %s TNG App is logging Clearcut event named %s with the %s account state and %s source
02-04 12:12:20.983 17784 17784 I apnw    : Not enabled for version S+
02-04 12:12:20.984 17784 17784 I abkn    : Falling back to non-UDC sources
02-04 12:12:20.984 17784 17784 I abkn    : (REDACTED) Setting = %s, optedInt = %s
02-04 12:12:20.984 17784 17784 I abkn    : Falling back to non-UDC sources
02-04 12:12:20.985 17784 17784 I abkn    : (REDACTED) Setting = %s, optedInt = %s
02-04 12:12:20.985 17784 17784 I abkn    : Falling back to non-UDC sources
02-04 12:12:20.985 17784 17784 I abkn    : (REDACTED) Setting = %s, optedInt = %s
02-04 12:12:20.985 17784 17784 I abkn    : Falling back to non-UDC sources
02-04 12:12:20.985 17784 17784 I abkn    : (REDACTED) Setting = %s, optedInt = %s
02-04 12:12:20.989 17784 17821 I bosm    : OptInSetting is UNKNOWN or UNRECOGNIZED [CONTEXT ratelimit_period="10 SECONDS" ]
02-04 12:12:20.990 17784 17784 I apnw    : Not enabled for version S+
02-04 12:12:20.991 17784 17784 I abkn    : Falling back to non-UDC sources
02-04 12:12:20.992 17784 17784 I abkn    : (REDACTED) Setting = %s, optedInt = %s
02-04 12:12:20.994 17784 17822 I eoet    : (REDACTED) %s TNG App is logging Clearcut event named %s with the %s account state and %s source
02-04 12:12:21.028 17784 17822 I bndk    : (REDACTED) User is in cohort: %s
02-04 12:12:21.028 17784 17822 I bndk    : (REDACTED) User is in cohort: %s
02-04 12:12:21.032 17784 17822 I blnl    : (REDACTED) Enterprise check result: %s
02-04 12:12:21.033 17784 17822 I bloc    : (REDACTED) Writing %s cross-process flag values: %s
02-04 12:12:21.036 17784 17820 I bleo    : Manufacturer not matched [CONTEXT ratelimit_period="10 SECONDS" ]
02-04 12:12:21.036 17784 17820 I bleo    : Device not matched [CONTEXT ratelimit_period="10 SECONDS" ]
02-04 12:12:21.036 17784 17820 I bosm    : #getOobeStatus: FastTrack [CONTEXT ratelimit_period="10 SECONDS" ]
02-04 12:12:21.038 17784 17820 I biqq    : User OptedIn. Checking Eligibility.
02-04 12:12:21.038 17784 17822 I biqq    : User OptedIn. Checking Eligibility.
02-04 12:12:21.104  1291 11617 I .gms.persistent: AssetManager2(0x7ded86df86f8) locale list changing from [] to [en-US]
02-04 12:12:23.635 17865 17865 W dumpsys : Thread Pool max thread count is 0. Cannot cache binder as linkToDeath cannot be implemented. serviceName: package
02-04 12:12:23.864  2998  3829 I artd    : GetBestInfo: odex next to the dex file (/data/app/~~gV4f4bRQqfVD57peDS93Eg==/com.google.android.gms-HfxPsdu4H1LkJXRcn_UIBQ==/oat/x86_64/base.odex) is kOatUpToDate with filter 'speed-profile' executable 'false'
02-04 12:12:23.876  2998  3829 I artd    : GetBestInfo: odex next to the dex file (/data/app/~~gV4f4bRQqfVD57peDS93Eg==/com.google.android.gms-HfxPsdu4H1LkJXRcn_UIBQ==/oat/x86_64/split_AdsDynamite_installtime.odex) is kOatUpToDate with filter 'speed' executable 'false'
02-04 12:12:23.886  2998  3829 I artd    : GetBestInfo: odex next to the dex file (/data/app/~~gV4f4bRQqfVD57peDS93Eg==/com.google.android.gms-HfxPsdu4H1LkJXRcn_UIBQ==/oat/x86_64/split_CronetDynamite_installtime.odex) is kOatUpToDate with filter 'speed' executable 'false'
02-04 12:12:23.891  2998  3829 I artd    : GetBestInfo: odex next to the dex file (/data/app/~~gV4f4bRQqfVD57peDS93Eg==/com.google.android.gms-HfxPsdu4H1LkJXRcn_UIBQ==/oat/x86_64/split_DynamiteLoader_installtime.odex) is kOatUpToDate with filter 'speed' executable 'false'
02-04 12:12:23.899  2998  3829 I artd    : GetBestInfo: odex next to the dex file (/data/app/~~gV4f4bRQqfVD57peDS93Eg==/com.google.android.gms-HfxPsdu4H1LkJXRcn_UIBQ==/oat/x86_64/split_DynamiteModulesA_installtime.odex) is kOatUpToDate with filter 'speed' executable 'false'
02-04 12:12:23.907  2998  3829 I artd    : GetBestInfo: odex next to the dex file (/data/app/~~gV4f4bRQqfVD57peDS93Eg==/com.google.android.gms-HfxPsdu4H1LkJXRcn_UIBQ==/oat/x86_64/split_DynamiteModulesC_installtime.odex) is kOatUpToDate with filter 'speed' executable 'false'
02-04 12:12:23.912  2998  3829 I artd    : GetBestInfo: odex next to the dex file (/data/app/~~gV4f4bRQqfVD57peDS93Eg==/com.google.android.gms-HfxPsdu4H1LkJXRcn_UIBQ==/oat/x86_64/split_GoogleCertificates_installtime.odex) is kOatUpToDate with filter 'speed' executable 'false'
02-04 12:12:23.918  2998  3829 I artd    : GetBestInfo: odex next to the dex file (/data/app/~~gV4f4bRQqfVD57peDS93Eg==/com.google.android.gms-HfxPsdu4H1LkJXRcn_UIBQ==/oat/x86_64/split_MapsDynamite_installtime.odex) is kOatUpToDate with filter 'speed' executable 'false'
02-04 12:12:23.930  2998  3829 I artd    : GetBestInfo: odex next to the dex file (/data/app/~~gV4f4bRQqfVD57peDS93Eg==/com.google.android.gms-HfxPsdu4H1LkJXRcn_UIBQ==/oat/x86_64/split_MeasurementDynamite_installtime.odex) is kOatUpToDate with filter 'speed' executable 'false'
02-04 12:12:23.932  2998  3829 I artd    : GetBestInfo: /data/app/~~gV4f4bRQqfVD57peDS93Eg==/com.google.android.gms-HfxPsdu4H1LkJXRcn_UIBQ==/split_maps_core_dynamite_ondemand.apk has no usable artifacts
02-04 12:12:23.943  2998  3829 I artd    : GetBestInfo: /data/user_de/0/com.google.android.gms/app_chimera/m/00000008/dl-VisionOcr.optional_250834100000.apk has no usable artifacts
02-04 12:12:23.944  2998  3829 W artd    : Could not get dex checksums for location /data/app/~~rwBMRXUT5FvemNQVuy2C3A==/com.google.android.gms-tBVaPQ2RBPnYr8vmLf2Gmg==/base.apk, fd=-1
02-04 12:12:23.947  2998  3829 I artd    : GetBestInfo: /data/user_de/0/com.google.android.gms/app_chimera/m/00000001/CronetDynamite.apk has no usable artifacts
02-04 12:12:23.948  2998  3829 W artd    : Could not get dex checksums for location /data/app/~~rwBMRXUT5FvemNQVuy2C3A==/com.google.android.gms-tBVaPQ2RBPnYr8vmLf2Gmg==/base.apk, fd=-1
02-04 12:12:23.949  2998  3829 I artd    : GetBestInfo: /data/user_de/0/com.google.android.gms/app_chimera/m/00000002/DynamiteLoader.apk has no usable artifacts
02-04 12:12:23.949  2998  3829 I artd    : GetBestInfo: /data/user_de/0/com.google.android.gms/app_chimera/m/00000005/GoogleCertificates.apk has no usable artifacts
02-04 12:12:23.949  2998  3829 W artd    : Could not get dex checksums for location /data/app/~~rwBMRXUT5FvemNQVuy2C3A==/com.google.android.gms-tBVaPQ2RBPnYr8vmLf2Gmg==/base.apk, fd=-1
02-04 12:12:23.950  2998  3829 W artd    : Could not get dex checksums for location /data/app/~~rwBMRXUT5FvemNQVuy2C3A==/com.google.android.gms-tBVaPQ2RBPnYr8vmLf2Gmg==/base.apk, fd=-1
02-04 12:12:23.951  2998  3829 W artd    : Could not get dex checksums for location /data/app/~~rwBMRXUT5FvemNQVuy2C3A==/com.google.android.gms-tBVaPQ2RBPnYr8vmLf2Gmg==/base.apk, fd=-1
02-04 12:12:23.952  2998  3829 W artd    : Could not get dex checksums for location /data/app/~~rwBMRXUT5FvemNQVuy2C3A==/com.google.android.gms-tBVaPQ2RBPnYr8vmLf2Gmg==/base.apk, fd=-1
02-04 12:12:23.953  2998  3829 W artd    : Could not get dex checksums for location /data/app/~~rwBMRXUT5FvemNQVuy2C3A==/com.google.android.gms-tBVaPQ2RBPnYr8vmLf2Gmg==/base.apk, fd=-1
02-04 12:12:23.955  2998  3829 I artd    : GetBestInfo: /data/user_de/0/com.google.android.gms/app_chimera/m/0000000d/dl-MlkitOcrCommon.optional_250834100800.apk has no usable artifacts
02-04 12:12:23.957  2998  3829 I artd    : GetBestInfo: /data/user_de/0/com.google.android.gms/app_chimera/m/0000000a/dl-MlkitBarcodeUi.optional_250834100800.apk has no usable artifacts
02-04 12:12:23.958  2998  3829 I artd    : GetBestInfo: /data/user_de/0/com.google.android.gms/app_chimera/m/00000009/dl-Appsearch.optional_250834100800.apk has no usable artifacts
02-04 12:12:23.959  2998  3829 W artd    : Could not get dex checksums for location /data/app/~~rwBMRXUT5FvemNQVuy2C3A==/com.google.android.gms-tBVaPQ2RBPnYr8vmLf2Gmg==/base.apk, fd=-1
02-04 12:12:23.960  2998  3829 W artd    : Could not get dex checksums for location /data/app/~~rwBMRXUT5FvemNQVuy2C3A==/com.google.android.gms-tBVaPQ2RBPnYr8vmLf2Gmg==/base.apk, fd=-1
02-04 12:12:23.960  2998  3829 W artd    : Could not get dex checksums for location /data/app/~~rwBMRXUT5FvemNQVuy2C3A==/com.google.android.gms-tBVaPQ2RBPnYr8vmLf2Gmg==/base.apk, fd=-1
02-04 12:12:23.961  2998  3829 W artd    : Could not get dex checksums for location /data/app/~~Dn-t3qWGqkn6kS5a5CU3YQ==/com.android.vending-L6lslMmuwC-7dk7rYzAKOQ==/base.apk, fd=-1
02-04 12:12:24.215   696   786 D ActivityManager: freezing 3605 com.google.android.permissioncontroller
02-04 12:12:24.236   696   840 D InetDiagMessage: Destroyed 0 sockets, proto=IPPROTO_TCP, family=AF_INET, states=14
02-04 12:12:24.238   696   840 D InetDiagMessage: Destroyed 0 sockets, proto=IPPROTO_TCP, family=AF_INET6, states=14
02-04 12:12:24.239   696   840 D InetDiagMessage: Destroyed live tcp sockets for uids={10197} in 7ms
02-04 12:12:25.415 17784 17801 I dyzc    : (REDACTED) Failed to find any valid flight records for process id %d
02-04 12:12:25.484 17784 17844 V ClearcutMetricXmitter: Transmission is done.
02-04 12:12:25.485 17784 17844 V ClearcutMetricXmitter: Transmission is done.
02-04 12:12:25.486 17784 17844 V ClearcutMetricXmitter: Transmission is done.
02-04 12:12:25.486 17784 17844 V ClearcutMetricXmitter: Transmission is done.
02-04 12:12:26.322  1038  1229 D SatelliteController: iisInCarrierRoamingNbIotNtn: satellite is disabled
02-04 12:12:28.025   696   778 D ActivityManager: sync unfroze 16825 com.android.vending for 6
02-04 12:12:28.082   696   778 D ActivityManager: sync unfroze 16835 com.android.vending:background for 6
02-04 12:12:28.173   696  1790 W ProcessStats: Tracking association SourceState{c99260f com.android.vending:background/10146 ImpBg #8382} whose proc state 6 is better than process ProcessState{2178f19 com.android.vending/10146 pkg=com.android.vending (sub)} proc state 14 (7 skipped)
02-04 12:12:28.185 16825 16825 I Finsky  : [2] SCH: job service start with id 9764.
02-04 12:12:28.246 16825 17681 I Finsky  : [195] SCH: Satisfied jobs for 9764 are: 12-1
02-04 12:12:28.259 16825 17752 I Finsky  : [202] SCH: Job 12-1 starting
02-04 12:12:28.263 16825 16825 I Finsky  : [2] WM::SCH: Logging work start for 12-1
02-04 12:12:28.271 16825 16825 I Finsky  : [2] [ContentSync] job started
02-04 12:12:28.468 16825 16828 W android.vending: Missing inline cache for java.lang.Object nwt.apply(java.lang.Object)
02-04 12:12:28.468 16825 16828 W android.vending: Missing inline cache for java.lang.Object nwt.apply(java.lang.Object)
02-04 12:12:28.468 16825 16828 W android.vending: Missing inline cache for java.lang.Object nwt.apply(java.lang.Object)
02-04 12:12:28.468 16825 16828 W android.vending: Missing inline cache for java.lang.Object nwt.apply(java.lang.Object)
02-04 12:12:28.469 16825 16828 W android.vending: Missing inline cache for java.lang.Object nwt.apply(java.lang.Object)
02-04 12:12:28.469 16825 16828 W android.vending: Missing inline cache for java.lang.Object nwt.apply(java.lang.Object)
02-04 12:12:28.469 16825 16828 W android.vending: Missing inline cache for java.lang.Object nwt.apply(java.lang.Object)
02-04 12:12:28.469 16825 16828 W android.vending: Missing inline cache for java.lang.Object nwt.apply(java.lang.Object)
02-04 12:12:28.602 16825 16825 W Finsky  : [2] STU: Failed to get storage stats for package 'com.android.hardware.threadnetwork' (1601: Error getting stats: android.content.pm.PackageManager.NameNotFoundException)
02-04 12:12:28.612 16825 16825 W Finsky  : [2] STU: Failed to get storage stats for package 'com.google.android.uprobestats' (1601: Error getting stats: android.content.pm.PackageManager.NameNotFoundException)
02-04 12:12:28.628 16825 16825 W Finsky  : [2] STU: Failed to get storage stats for package 'com.android.hardware.vibrator' (1601: Error getting stats: android.content.pm.PackageManager.NameNotFoundException)
02-04 12:12:28.652 16825 16825 W Finsky  : [2] STU: Failed to get storage stats for package 'com.android.compos' (1601: Error getting stats: android.content.pm.PackageManager.NameNotFoundException)
02-04 12:12:28.652 16825 16825 W Finsky  : [2] STU: Failed to get storage stats for package 'com.google.android.uwb' (1601: Error getting stats: android.content.pm.PackageManager.NameNotFoundException)
02-04 12:12:28.654 16825 16825 W Finsky  : [2] STU: Failed to get storage stats for package 'com.google.android.bt' (1601: Error getting stats: android.content.pm.PackageManager.NameNotFoundException)
02-04 12:12:28.656 16825 16825 W Finsky  : [2] STU: Failed to get storage stats for package 'com.google.android.widevine.nonupdatable' (1601: Error getting stats: android.content.pm.PackageManager.NameNotFoundException)
