02-04 12:12:11.079 17716 17768 D WeatherWidgetProvider: buildHourDataList: forecastsByTime keys=[2026-02-03T12:00, 2026-02-03T13:00, 2026-02-03T14:00, 2026-02-03T15:00, 2026-02-03T16:00, 2026-02-03T17:00, 2026-02-03T18:00, 2026-02-03T19:00, 2026-02-03T20:00, 2026-02-03T21:00, 2026-02-03T22:00, 2026-02-03T23:00, 2026-02-04T00:00, 2026-02-04T01:00, 2026-02-04T02:00, 2026-02-04T03:00, 2026-02-04T04:00, 2026-02-04T05:00, 2026-02-04T06:00, 2026-02-04T07:00, 2026-02-04T08:00, 2026-02-04T09:00, 2026-02-04T10:00, 2026-02-04T11:00, 2026-02-04T12:00, 2026-02-04T13:00, 2026-02-04T14:00, 2026-02-04T15:00, 2026-02-04T16:00, 2026-02-04T17:00, 2026-02-04T18:00, 2026-02-04T19:00, 2026-02-04T20:00, 2026-02-04T21:00, 2026-02-04T22:00, 2026-02-04T23:00, 2026-02-05T00:00, 2026-02-05T01:00, 2026-02-05T02:00, 2026-02-05T03:00, 2026-02-05T04:00, 2026-02-05T05:00, 2026-02-05T06:00, 2026-02-05T07:00, 2026-02-05T08:00, 2026-02-05T09:00, 2026-02-05T10:00, 2026-02-05T11:00, 2026-02-05T12:00]
02-04 12:12:11.079 17716 17768 D WeatherWidgetProvider: buildHourDataList: hour[0] 2026-02-04T04:00 label=4a showLabel=true isClosest=false
02-04 12:12:11.079 17716 17768 D WeatherWidgetProvider: buildHourDataList: hour[2] 2026-02-04T06:00 label=6a showLabel=true isClosest=false
02-04 12:12:11.079 17716 17768 D WeatherWidgetProvider: buildHourDataList: hour[4] 2026-02-04T08:00 label=8a showLabel=true isClosest=false
02-04 12:12:11.080 17716 17768 D WeatherWidgetProvider: buildHourDataList: hour[6] 2026-02-04T10:00 label=10a showLabel=true isClosest=false
02-04 12:12:11.080 17716 17768 D WeatherWidgetProvider: buildHourDataList: hour[8] 2026-02-04T12:00 label=12p showLabel=true isClosest=true
02-04 12:12:11.080 17716 17768 D WeatherWidgetProvider: buildHourDataList: hour[10] 2026-02-04T14:00 label=2p showLabel=true isClosest=false
02-04 12:12:11.080 17716 17768 D WeatherWidgetProvider: buildHourDataList: hour[12] 2026-02-04T16:00 label=4p showLabel=true isClosest=false
02-04 12:12:11.081 17716 17768 D WeatherWidgetProvider: buildHourDataList: hour[14] 2026-02-04T18:00 label=6p showLabel=true isClosest=false
02-04 12:12:11.081 17716 17768 D WeatherWidgetProvider: buildHourDataList: hour[16] 2026-02-04T20:00 label=8p showLabel=true isClosest=false
02-04 12:12:11.081 17716 17768 D WeatherWidgetProvider: buildHourDataList: hour[18] 2026-02-04T22:00 label=10p showLabel=true isClosest=false
02-04 12:12:11.082 17716 17768 D WeatherWidgetProvider: buildHourDataList: hour[20] 2026-02-05T00:00 label=12a showLabel=true isClosest=false
02-04 12:12:11.082 17716 17768 D WeatherWidgetProvider: buildHourDataList: hour[22] 2026-02-05T02:00 label=2a showLabel=true isClosest=false
02-04 12:12:11.082 17716 17768 D WeatherWidgetProvider: buildHourDataList: hour[24] 2026-02-05T04:00 label=4a showLabel=true isClosest=false
02-04 12:12:11.082 17716 17768 D WeatherWidgetProvider: buildHourDataList: Built 25 hours, first=2026-02-04T04:00, last=2026-02-05T04:00
02-04 12:12:11.082 17716 17768 D WeatherWidgetProvider: getOptimalBitmapSize: 318dp×180dp → Downscaling from 834x472px (1537KB) to 630x356px (876KB), scale=0.75602686, rawPixels=393648
02-04 12:12:11.083 17716 17768 D HourlyGraph: Widget: 630px × 356px (240dp × 135dp) | heightScaleFactor=1.0 | baseLabel=9dp, finalLabel=9dp
02-04 12:12:11.083 17716 17768 D HourlyGraph: Font sizes: hourLabel=23.625px (9.0dp), tempLabel=23.625px (9.0dp)
02-04 12:12:11.112   696   866 D AppWidgetServiceImpl: Trying to notify widget update for package com.weatherwidget with widget id: 10
02-04 12:12:11.115  1429  1492 I .apps.wellbeing: AssetManager2(0x7ded86e016b8) locale list changing from [] to [en-US]
02-04 12:12:11.124 17716 17768 D UIUpdateScheduler: Scheduling next UI update in 7 minutes (tempDiff=4, nextUpdate=2026-02-04T12:20)
02-04 12:12:11.127 17716 17768 D UIUpdateScheduler: UI update alarm scheduled for 468 seconds from now
02-04 12:12:11.128 17716 17759 I WM-WorkerWrapper: Worker result SUCCESS for Work [ id=5a8f1348-f23c-4d94-87ee-870b0a45f1c4, tags={ com.weatherwidget.widget.WeatherWidgetWorker } ]
02-04 12:12:11.136  1429  1492 I .apps.wellbeing: AssetManager2(0x7ded86de6db8) locale list changing from [] to [en-US]
02-04 12:12:11.145  1429  1492 I .apps.wellbeing: AssetManager2(0x7ded86e0a358) locale list changing from [] to [en-US]
02-04 12:12:11.150  1429  1492 I .apps.wellbeing: AssetManager2(0x7ded86e0d878) locale list changing from [] to [en-US]
02-04 12:12:11.157  1429  1492 I .apps.wellbeing: AssetManager2(0x7ded86e07dd8) locale list changing from [] to [en-US]
02-04 12:12:11.166  1429  1492 I .apps.wellbeing: AssetManager2(0x7ded86e0d238) locale list changing from [] to [en-US]
02-04 12:12:11.174  1429  1492 I .apps.wellbeing: AssetManager2(0x7ded86e0a038) locale list changing from [] to [en-US]
02-04 12:12:11.178  1429  1492 I .apps.wellbeing: AssetManager2(0x7ded86de0058) locale list changing from [] to [en-US]
02-04 12:12:11.192  1429  1492 I .apps.wellbeing: AssetManager2(0x7ded86de1f98) locale list changing from [] to [en-US]
02-04 12:12:11.198  1429  1492 I .apps.wellbeing: AssetManager2(0x7ded86ddbb98) locale list changing from [] to [en-US]
02-04 12:12:11.201  1429  1492 I .apps.wellbeing: AssetManager2(0x7ded86e0c298) locale list changing from [] to [en-US]
02-04 12:12:11.203  1429  1492 I .apps.wellbeing: AssetManager2(0x7ded86de0698) locale list changing from [] to [en-US]
02-04 12:12:11.208  1429  1492 I .apps.wellbeing: AssetManager2(0x7ded86de22b8) locale list changing from [] to [en-US]
02-04 12:12:11.210  1429  1492 I .apps.wellbeing: AssetManager2(0x7ded86de4518) locale list changing from [] to [en-US]
02-04 12:12:11.212  1429  1492 I .apps.wellbeing: AssetManager2(0x7ded86de1c78) locale list changing from [] to [en-US]
02-04 12:12:11.235  1429  1492 I .apps.wellbeing: AssetManager2(0x7ded86ddcb38) locale list changing from [] to [en-US]
02-04 12:12:11.275  1429  1492 I .apps.wellbeing: AssetManager2(0x7ded86de1638) locale list changing from [] to [en-US]
02-04 12:12:11.278 17716 17780 D ProfileInstaller: Installing profile for com.weatherwidget
02-04 12:12:11.280  1429  1492 I .apps.wellbeing: AssetManager2(0x7ded86e01078) locale list changing from [] to [en-US]
02-04 12:12:11.304  1429  1492 I .apps.wellbeing: AssetManager2(0x7ded86de8cf8) locale list changing from [] to [en-US]
02-04 12:12:11.454  1429  1492 I .apps.wellbeing: AssetManager2(0x7ded86e01cf8) locale list changing from [] to [en-US]
02-04 12:12:11.464  1429  1492 I .apps.wellbeing: AssetManager2(0x7ded86ddabf8) locale list changing from [] to [en-US]
02-04 12:12:11.477  1429  1492 I .apps.wellbeing: AssetManager2(0x7ded86dff778) locale list changing from [] to [en-US]
02-04 12:12:11.502  1429  1492 I .apps.wellbeing: AssetManager2(0x7ded86e000d8) locale list changing from [] to [en-US]
02-04 12:12:11.532  1429  1492 I .apps.wellbeing: AssetManager2(0x7ded86e04278) locale list changing from [] to [en-US]
02-04 12:12:11.553  1429  1492 I .apps.wellbeing: AssetManager2(0x7ded86e05e98) locale list changing from [] to [en-US]
02-04 12:12:11.590  1429  1492 I .apps.wellbeing: AssetManager2(0x7ded86e003f8) locale list changing from [] to [en-US]
02-04 12:12:12.786   696   840 D InetDiagMessage: Destroyed 0 sockets, proto=IPPROTO_TCP, family=AF_INET, states=14
02-04 12:12:12.787   696   840 D InetDiagMessage: Destroyed 2 sockets, proto=IPPROTO_TCP, family=AF_INET6, states=14
02-04 12:12:12.787   696   840 D InetDiagMessage: Destroyed live tcp sockets for uids={10231} in 3ms
02-04 12:12:12.788   696   840 D InetDiagMessage: Destroyed 0 sockets, proto=IPPROTO_TCP, family=AF_INET, states=14
02-04 12:12:12.788   696   840 D InetDiagMessage: Destroyed 0 sockets, proto=IPPROTO_TCP, family=AF_INET6, states=14
02-04 12:12:12.788   696   840 D InetDiagMessage: Destroyed live tcp sockets for uids={20231} in 1ms
02-04 12:12:13.246 17781 17781 W dumpsys : Thread Pool max thread count is 0. Cannot cache binder as linkToDeath cannot be implemented. serviceName: package
02-04 12:12:13.394  2998  3829 I artd    : GetBestInfo: odex next to the dex file (/data/app/~~gV4f4bRQqfVD57peDS93Eg==/com.google.android.gms-HfxPsdu4H1LkJXRcn_UIBQ==/oat/x86_64/base.odex) is kOatUpToDate with filter 'speed-profile' executable 'false'
02-04 12:12:13.411  2998  3829 I artd    : GetBestInfo: odex next to the dex file (/data/app/~~gV4f4bRQqfVD57peDS93Eg==/com.google.android.gms-HfxPsdu4H1LkJXRcn_UIBQ==/oat/x86_64/split_AdsDynamite_installtime.odex) is kOatUpToDate with filter 'speed' executable 'false'
02-04 12:12:13.419  2998  3829 I artd    : GetBestInfo: odex next to the dex file (/data/app/~~gV4f4bRQqfVD57peDS93Eg==/com.google.android.gms-HfxPsdu4H1LkJXRcn_UIBQ==/oat/x86_64/split_CronetDynamite_installtime.odex) is kOatUpToDate with filter 'speed' executable 'false'
02-04 12:12:13.425  2998  3829 I artd    : GetBestInfo: odex next to the dex file (/data/app/~~gV4f4bRQqfVD57peDS93Eg==/com.google.android.gms-HfxPsdu4H1LkJXRcn_UIBQ==/oat/x86_64/split_DynamiteLoader_installtime.odex) is kOatUpToDate with filter 'speed' executable 'false'
02-04 12:12:13.437  2998  3829 I artd    : GetBestInfo: odex next to the dex file (/data/app/~~gV4f4bRQqfVD57peDS93Eg==/com.google.android.gms-HfxPsdu4H1LkJXRcn_UIBQ==/oat/x86_64/split_DynamiteModulesA_installtime.odex) is kOatUpToDate with filter 'speed' executable 'false'
02-04 12:12:13.454  2998  3829 I artd    : GetBestInfo: odex next to the dex file (/data/app/~~gV4f4bRQqfVD57peDS93Eg==/com.google.android.gms-HfxPsdu4H1LkJXRcn_UIBQ==/oat/x86_64/split_DynamiteModulesC_installtime.odex) is kOatUpToDate with filter 'speed' executable 'false'
02-04 12:12:13.463  2998  3829 I artd    : GetBestInfo: odex next to the dex file (/data/app/~~gV4f4bRQqfVD57peDS93Eg==/com.google.android.gms-HfxPsdu4H1LkJXRcn_UIBQ==/oat/x86_64/split_GoogleCertificates_installtime.odex) is kOatUpToDate with filter 'speed' executable 'false'
02-04 12:12:13.477  2998  3829 I artd    : GetBestInfo: odex next to the dex file (/data/app/~~gV4f4bRQqfVD57peDS93Eg==/com.google.android.gms-HfxPsdu4H1LkJXRcn_UIBQ==/oat/x86_64/split_MapsDynamite_installtime.odex) is kOatUpToDate with filter 'speed' executable 'false'
02-04 12:12:13.485  2998  3829 I artd    : GetBestInfo: odex next to the dex file (/data/app/~~gV4f4bRQqfVD57peDS93Eg==/com.google.android.gms-HfxPsdu4H1LkJXRcn_UIBQ==/oat/x86_64/split_MeasurementDynamite_installtime.odex) is kOatUpToDate with filter 'speed' executable 'false'
02-04 12:12:13.487  2998  3829 I artd    : GetBestInfo: /data/app/~~gV4f4bRQqfVD57peDS93Eg==/com.google.android.gms-HfxPsdu4H1LkJXRcn_UIBQ==/split_maps_core_dynamite_ondemand.apk has no usable artifacts
02-04 12:12:13.518  2998  3829 I artd    : GetBestInfo: /data/user_de/0/com.google.android.gms/app_chimera/m/00000008/dl-VisionOcr.optional_250834100000.apk has no usable artifacts
02-04 12:12:13.518  2998  3829 W artd    : Could not get dex checksums for location /data/app/~~rwBMRXUT5FvemNQVuy2C3A==/com.google.android.gms-tBVaPQ2RBPnYr8vmLf2Gmg==/base.apk, fd=-1
02-04 12:12:13.519  2998  3829 I artd    : GetBestInfo: /data/user_de/0/com.google.android.gms/app_chimera/m/00000001/CronetDynamite.apk has no usable artifacts
02-04 12:12:13.520  2998  3829 W artd    : Could not get dex checksums for location /data/app/~~rwBMRXUT5FvemNQVuy2C3A==/com.google.android.gms-tBVaPQ2RBPnYr8vmLf2Gmg==/base.apk, fd=-1
02-04 12:12:13.520  2998  3829 I artd    : GetBestInfo: /data/user_de/0/com.google.android.gms/app_chimera/m/00000002/DynamiteLoader.apk has no usable artifacts
02-04 12:12:13.521  2998  3829 I artd    : GetBestInfo: /data/user_de/0/com.google.android.gms/app_chimera/m/00000005/GoogleCertificates.apk has no usable artifacts
02-04 12:12:13.521  2998  3829 W artd    : Could not get dex checksums for location /data/app/~~rwBMRXUT5FvemNQVuy2C3A==/com.google.android.gms-tBVaPQ2RBPnYr8vmLf2Gmg==/base.apk, fd=-1
02-04 12:12:13.522  2998  3829 W artd    : Could not get dex checksums for location /data/app/~~rwBMRXUT5FvemNQVuy2C3A==/com.google.android.gms-tBVaPQ2RBPnYr8vmLf2Gmg==/base.apk, fd=-1
02-04 12:12:13.522  2998  3829 W artd    : Could not get dex checksums for location /data/app/~~rwBMRXUT5FvemNQVuy2C3A==/com.google.android.gms-tBVaPQ2RBPnYr8vmLf2Gmg==/base.apk, fd=-1
02-04 12:12:13.522  2998  3829 W artd    : Could not get dex checksums for location /data/app/~~rwBMRXUT5FvemNQVuy2C3A==/com.google.android.gms-tBVaPQ2RBPnYr8vmLf2Gmg==/base.apk, fd=-1
02-04 12:12:13.523  2998  3829 W artd    : Could not get dex checksums for location /data/app/~~rwBMRXUT5FvemNQVuy2C3A==/com.google.android.gms-tBVaPQ2RBPnYr8vmLf2Gmg==/base.apk, fd=-1
02-04 12:12:13.525  2998  3829 I artd    : GetBestInfo: /data/user_de/0/com.google.android.gms/app_chimera/m/0000000d/dl-MlkitOcrCommon.optional_250834100800.apk has no usable artifacts
02-04 12:12:13.527  2998  3829 I artd    : GetBestInfo: /data/user_de/0/com.google.android.gms/app_chimera/m/0000000a/dl-MlkitBarcodeUi.optional_250834100800.apk has no usable artifacts
02-04 12:12:13.529  2998  3829 I artd    : GetBestInfo: /data/user_de/0/com.google.android.gms/app_chimera/m/00000009/dl-Appsearch.optional_250834100800.apk has no usable artifacts
02-04 12:12:13.529  2998  3829 W artd    : Could not get dex checksums for location /data/app/~~rwBMRXUT5FvemNQVuy2C3A==/com.google.android.gms-tBVaPQ2RBPnYr8vmLf2Gmg==/base.apk, fd=-1
02-04 12:12:13.529  2998  3829 W artd    : Could not get dex checksums for location /data/app/~~rwBMRXUT5FvemNQVuy2C3A==/com.google.android.gms-tBVaPQ2RBPnYr8vmLf2Gmg==/base.apk, fd=-1
02-04 12:12:13.530  2998  3829 W artd    : Could not get dex checksums for location /data/app/~~rwBMRXUT5FvemNQVuy2C3A==/com.google.android.gms-tBVaPQ2RBPnYr8vmLf2Gmg==/base.apk, fd=-1
02-04 12:12:13.531  2998  3829 W artd    : Could not get dex checksums for location /data/app/~~Dn-t3qWGqkn6kS5a5CU3YQ==/com.android.vending-L6lslMmuwC-7dk7rYzAKOQ==/base.apk, fd=-1
02-04 12:12:15.828   696   786 D ActivityManager: freezing 9245 com.google.android.adservices.api
02-04 12:12:15.850   696   840 D InetDiagMessage: Destroyed 0 sockets, proto=IPPROTO_TCP, family=AF_INET, states=14
02-04 12:12:15.851   696   840 D InetDiagMessage: Destroyed 0 sockets, proto=IPPROTO_TCP, family=AF_INET6, states=14
02-04 12:12:15.851   696   840 D InetDiagMessage: Destroyed live tcp sockets for uids={10207} in 7ms
02-04 12:12:16.316  1038  1229 D SatelliteController: iisInCarrierRoamingNbIotNtn: satellite is disabled
02-04 12:12:16.727  1548  1830 I OpaConnection: Destroying connection
02-04 12:12:16.838  1548  1830 I aosl    : setupConnection
02-04 12:12:16.912   696  1167 V GrammaticalInflectionUtils: AttributionSource: android.content.AttributionSource@f6ae1dbc does not have READ_SYSTEM_GRAMMATICAL_GENDER permission.
02-04 12:12:16.913   696  1167 D CompatChangeReporter: Compat change id reported: 151861875; UID 10149; state: ENABLED
02-04 12:12:17.032  1548  1830 I aosl    : (REDACTED) State changed: %s => %s
02-04 12:12:17.193   479   479 D Zygote  : Forked child process 17784
02-04 12:12:17.195   696   727 W ActivityManager: Slow operation: 280ms so far, now at startProcess: returned from zygote!
02-04 12:12:17.198   696   727 W ActivityManager: Slow operation: 284ms so far, now at startProcess: done updating battery stats
02-04 12:12:17.199   696   727 W ActivityManager: Slow operation: 285ms so far, now at startProcess: building log message
02-04 12:12:17.200   696   727 I ActivityManager: Start proc 17784:com.google.android.googlequicksearchbox:search/u0a149 for service {com.google.android.googlequicksearchbox/com.google.android.apps.gsa.publicsearch.PublicSearchService}
02-04 12:12:17.200   696   727 W ActivityManager: Slow operation: 285ms so far, now at startProcess: starting to update pids map
02-04 12:12:17.200   696   727 I ActivityManager: ProcessObserver broadcast disabled
02-04 12:12:17.200   696   727 W ActivityManager: Slow operation: 286ms so far, now at startProcess: done updating pids map
02-04 12:12:17.334 17784 17784 I earchbox:search: Using CollectorTypeCMC GC.
02-04 12:12:17.382 17784 17784 W earchbox:search: Unexpected CPU variant for x86: x86_64.
02-04 12:12:17.382 17784 17784 W earchbox:search: Known variants: atom, sandybridge, silvermont, goldmont, goldmont-plus, goldmont-without-sha-xsaves, tremont, kabylake, alderlake, default
02-04 12:12:17.453 17784 17784 E earchbox:search: Not starting debugger since process cannot load the jdwp agent.
02-04 12:12:17.533 17784 17784 D nativeloader: Load libframework-connectivity-tiramisu-jni.so using APEX ns com_android_tethering for caller /apex/com.android.tethering/javalib/framework-connectivity-t.jar: ok
02-04 12:12:17.681 17784 17784 D ApplicationLoaders: Returning zygote-cached class loader: /system/framework/org.apache.http.legacy.jar
02-04 12:12:17.703 17784 17784 D nativeloader: Configuring clns-9 for other apk /system_ext/framework/com.android.extensions.appfunctions.jar. target_sdk_version=35, uses_libraries=ALL, library_path=/product/priv-app/Velvet/lib/x86_64:/product/priv-app/Velvet/Velvet.apk!/lib/x86_64, permitted_path=/data:/mnt/expand:/data/user/0/com.google.android.googlequicksearchbox
02-04 12:12:17.706 17784 17784 D ApplicationLoaders: Returning zygote-cached class loader: /system_ext/framework/androidx.window.extensions.jar
02-04 12:12:17.706 17784 17784 D ApplicationLoaders: Returning zygote-cached class loader: /system_ext/framework/androidx.window.sidecar.jar
02-04 12:12:17.783   696   786 D ActivityManager: freezing 17716 com.weatherwidget
02-04 12:12:17.793   696   840 D InetDiagMessage: Destroyed 0 sockets, proto=IPPROTO_TCP, family=AF_INET, states=14
02-04 12:12:17.794   696   840 D InetDiagMessage: Destroyed 0 sockets, proto=IPPROTO_TCP, family=AF_INET6, states=14
02-04 12:12:17.794   696   840 D InetDiagMessage: Destroyed live tcp sockets for uids={10231} in 3ms
02-04 12:12:17.895 17784 17784 D nativeloader: InitLlndkLibrariesProduct: libEGL.so:libGLESv1_CM.so:libGLESv2.so:libGLESv3.so:libRS.so:libandroid_net.so:libapexsupport.so:libavf.so:libbinder_ndk.so:libc.so:libcgrouprc.so:libclang_rt.asan-x86_64-android.so:libcom.android.tethering.connectivity_native.so:libdl.so:libft2.so:liblog.so:libm.so:libmediandk.so:libnativewindow.so:libneuralnetworks.so:libselinux.so:libsync.so:libvendorsupport.so:libvndksupport.so:libvulkan.so
02-04 12:12:17.895 17784 17784 D nativeloader: Configuring product-clns-10 for unbundled product apk /product/priv-app/Velvet/Velvet.apk. target_sdk_version=35, uses_libraries=, library_path=/product/priv-app/Velvet/lib/x86_64:/product/priv-app/Velvet/Velvet.apk!/lib/x86_64:/product/lib64:/system/product/lib64, permitted_path=/data:/mnt/expand:/data/user/0/com.google.android.googlequicksearchbox:/product/lib64:/system/product/lib64
02-04 12:12:17.902 17784 17784 D nativeloader: InitVndkspLibrariesProduct: VNDK is deprecated with product
02-04 12:12:17.904 17784 17784 D CompatChangeReporter: Compat change id reported: 202956589; UID 10149; state: ENABLED
02-04 12:12:17.989 17784 17784 I earchbox:search: AssetManager2(0x7ded86dd8998) locale list changing from [] to [en-US]
02-04 12:12:18.014 17784 17784 V GraphicsEnvironment: Currently set values for:
02-04 12:12:18.014 17784 17784 V GraphicsEnvironment:   angle_gl_driver_selection_pkgs=[]
02-04 12:12:18.014 17784 17784 V GraphicsEnvironment:   angle_gl_driver_selection_values=[]
02-04 12:12:18.014 17784 17784 V GraphicsEnvironment: com.google.android.googlequicksearchbox is not listed in per-application setting
02-04 12:12:18.015 17784 17784 V GraphicsEnvironment: ANGLE allowlist from config: com.dreamgames.royalmatch com.dts.freefiremax com.dxx.firenow com.gramgames.mergedragons com.ludo.king com.mojang.minecraftpe com.my.defense com.nintendo.zaka com.os.airforce com.playrix.fishdomdd.gplay io.teslatech.callbreak jp.konami.prospia net.peakgames.toonblast
02-04 12:12:18.015 17784 17784 V GraphicsEnvironment: com.google.android.googlequicksearchbox is not listed in ANGLE allowlist or settings, returning default
02-04 12:12:18.015 17784 17784 V GraphicsEnvironment: Neither updatable production driver nor prerelease driver is supported.
02-04 12:12:18.108 17784 17784 I MultiDex: VM with version 2.1.0 has multidex support
02-04 12:12:18.110 17784 17784 I MultiDex: Installing application
02-04 12:12:18.110 17784 17784 I MultiDex: VM has multidex support, MultiDex support library is disabled.
02-04 12:12:18.165 17784 17784 D ProcessLifecycleG3: androidx.startup is not available, initializing using ProcessLifecycleOwnerInitializer instead.
02-04 12:12:18.397 17784 17802 D nativeloader: Load /product/priv-app/Velvet/Velvet.apk!/lib/x86_64/libnative_crash_handler_jni.so using class loader ns product-clns-10 (caller=/product/priv-app/Velvet/Velvet.apk!classes2.dex): ok
02-04 12:12:18.468 17784 17784 I dmna    : Initializing GMS Compliance Client Library...
02-04 12:12:18.468 17784 17784 I dmna    : Checking for device compliance...
02-04 12:12:18.468 17784 17784 I dmna    : Completed library init.
02-04 12:12:18.481   696   885 D BackgroundInstallControlService: Package event received: 0
02-04 12:12:18.514  1548  1830 I aosl    : onServiceConnected
02-04 12:12:18.528 17784 17794 I A       : Calling beginBinderSession().
02-04 12:12:18.544   696   786 D ActivityManager: freezing 16825 com.android.vending
02-04 12:12:18.560   696   786 D ActivityManager: freezing 16835 com.android.vending:background
02-04 12:12:18.583 17784 17794 W DynamiteModule: Local module descriptor class for com.google.android.gms.googlecertificates not found.
02-04 12:12:18.601 17784 17799 I dmna    : (REDACTED) Device Compliance Fetch time taken = %sms
02-04 12:12:18.601 17784 17799 I dmna    : Device is compliant!
02-04 12:12:18.602 17784 17799 I dmna    : Invoking "compliant" action...
02-04 12:12:18.627 17784 17794 W earchbox:search: ClassLoaderContext classpath size mismatch. expected=1, found=0 (DLC[];PCL[base.apk*64411587]{PCL[/system/framework/org.apache.http.legacy.jar*4247870504]#PCL[/system/framework/com.android.location.provider.jar*1570284764]#PCL[/system/framework/com.android.media.remotedisplay.jar*487574312]#PCL[/system_ext/framework/androidx.window.extensions.jar*1030441313]#PCL[/system_ext/framework/androidx.window.sidecar.jar*3860983653]} | DLC[];PCL[])
02-04 12:12:18.635 17784 17794 I DynamiteModule: Considering local module com.google.android.gms.googlecertificates:0 and remote module com.google.android.gms.googlecertificates:7
02-04 12:12:18.635 17784 17794 I DynamiteModule: Selected remote version of com.google.android.gms.googlecertificates, version >= 7
02-04 12:12:18.635 17784 17794 V DynamiteModule: Dynamite loader version >= 2, using loadModule2NoCrashUtils
02-04 12:12:18.648 17784 17794 W System  : ClassLoader referenced unknown path: 
02-04 12:12:18.649 17784 17794 D nativeloader: Configuring clns-11 for other apk . target_sdk_version=36, uses_libraries=, library_path=/data/app/~~gV4f4bRQqfVD57peDS93Eg==/com.google.android.gms-HfxPsdu4H1LkJXRcn_UIBQ==/lib/x86_64:/data/app/~~gV4f4bRQqfVD57peDS93Eg==/com.google.android.gms-HfxPsdu4H1LkJXRcn_UIBQ==/base.apk!/lib/x86_64, permitted_path=/data:/mnt/expand:/data/user/0/com.google.android.gms
02-04 12:12:18.662  1548  1685 I bbax    : (REDACTED) getHotwordActive::active query: %s, watch: %s, devices connected: %s
02-04 12:12:18.680 17784 17794 I earchbox:search: AssetManager2(0x7ded86ddaf18) locale list changing from [] to [en-US]
02-04 12:12:18.689 17784 17794 W earchbox:search: ClassLoaderContext classpath element mismatch. expected=base.apk, found=/product/priv-app/Velvet/Velvet.apk (DLC[];PCL[base.apk*64411587]{PCL[/system/framework/org.apache.http.legacy.jar*4247870504]#PCL[/system/framework/com.android.location.provider.jar*1570284764]#PCL[/system/framework/com.android.media.remotedisplay.jar*487574312]#PCL[/system_ext/framework/androidx.window.extensions.jar*1030441313]#PCL[/system_ext/framework/androidx.window.sidecar.jar*3860983653]} | DLC[];PCL[/product/priv-app/Velvet/Velvet.apk*3644391116]{PCL[/system/framework/org.apache.http.legacy.jar*4247870504]#PCL[/system_ext/framework/com.android.extensions.appfunctions.jar*2880224042]#PCL[/system_ext/framework/androidx.window.extensions.jar*1030441313]#PCL[/system_ext/framework/androidx.window.sidecar.jar*3860983653]})
02-04 12:12:18.792 17784 17794 I earchbox:search: AssetManager2(0x7ded86dd8038) locale list changing from [] to [en-US]
02-04 12:12:18.794 17784 17794 I earchbox:search: AssetManager2(0x7ded86ddabf8) locale list changing from [] to [en-US]
02-04 12:12:18.849 17784 17794 I A       : beginBinderSession(): calling binder
02-04 12:12:18.856 17784 17799 D nativeloader: Load /product/priv-app/Velvet/Velvet.apk!/lib/x86_64/libmappedcountercacheversionjni.so using class loader ns product-clns-10 (caller=/product/priv-app/Velvet/Velvet.apk!classes3.dex): ok
02-04 12:12:18.857 17784 17799 D CompatChangeReporter: Compat change id reported: 312399441; UID 10149; state: ENABLED
02-04 12:12:18.861  1548  1830 D StrictMode: StrictMode policy violation: android.os.strictmode.DiskReadViolation
02-04 12:12:18.861  1548  1830 D StrictMode: 	at android.os.StrictMode$AndroidBlockGuardPolicy.onReadFromDisk(StrictMode.java:1728)
02-04 12:12:18.861  1548  1830 D StrictMode: 	at libcore.io.BlockGuardOs.access(BlockGuardOs.java:74)
02-04 12:12:18.861  1548  1830 D StrictMode: 	at libcore.io.ForwardingOs.access(ForwardingOs.java:128)
02-04 12:12:18.861  1548  1830 D StrictMode: 	at android.app.ActivityThread$AndroidOs.access(ActivityThread.java:8944)
02-04 12:12:18.861  1548  1830 D StrictMode: 	at java.io.UnixFileSystem.checkAccess(UnixFileSystem.java:332)
02-04 12:12:18.861  1548  1830 D StrictMode: 	at java.io.File.exists(File.java:829)
02-04 12:12:18.861  1548  1830 D StrictMode: 	at android.app.ContextImpl.getDataDir(ContextImpl.java:3347)
02-04 12:12:18.861  1548  1830 D StrictMode: 	at android.app.ContextImpl.getDir(ContextImpl.java:3366)
02-04 12:12:18.861  1548  1830 D StrictMode: 	at android.content.ContextWrapper.getDir(ContextWrapper.java:353)
02-04 12:12:18.861  1548  1830 D StrictMode: 	at abod.<init>(PG:23)
02-04 12:12:18.861  1548  1830 D StrictMode: 	at rru.a(PG:2563)
02-04 12:12:18.861  1548  1830 D StrictMode: 	at fzds.d(PG:10)
02-04 12:12:18.861  1548  1830 D StrictMode: 	at fzds.a(PG:7)
02-04 12:12:18.861  1548  1830 D StrictMode: 	at fzdr.a(PG:5)
02-04 12:12:18.861  1548  1830 D StrictMode: 	at rru.C(PG:2713)
02-04 12:12:18.861  1548  1830 D StrictMode: 	at rru.a(PG:135)
02-04 12:12:18.861  1548  1830 D StrictMode: 	at rru.C(PG:2726)
02-04 12:12:18.861  1548  1830 D StrictMode: 	at rru.a(PG:135)
02-04 12:12:18.861  1548  1830 D StrictMode: 	at fzds.d(PG:10)
02-04 12:12:18.861  1548  1830 D StrictMode: 	at fzds.a(PG:7)
02-04 12:12:18.861  1548  1830 D StrictMode: 	at fzdr.a(PG:5)
02-04 12:12:18.861  1548  1830 D StrictMode: 	at fzds.d(PG:10)
02-04 12:12:18.861  1548  1830 D StrictMode: 	at fzds.a(PG:7)
02-04 12:12:18.861  1548  1830 D StrictMode: 	at abgj.a(PG:28)
02-04 12:12:18.861  1548  1830 D StrictMode: 	at abgj.dispatchTransaction(PG:28)
02-04 12:12:18.861  1548  1830 D StrictMode: 	at nxx.onTransact(PG:13)
02-04 12:12:18.861  1548  1830 D StrictMode: 	at android.os.Binder.execTransactInternal(Binder.java:1421)
02-04 12:12:18.861  1548  1830 D StrictMode: 	at android.os.Binder.execTransact(Binder.java:1365)
02-04 12:12:18.861  1548  1830 D StrictMode: # via Binder call with stack:
02-04 12:12:18.861  1548  1830 D StrictMode: 	at android.os.StrictMode.readAndHandleBinderCallViolations(StrictMode.java:2671)
02-04 12:12:18.861  1548  1830 D StrictMode: 	at android.os.Parcel.readExceptionCode(Parcel.java:3285)
02-04 12:12:18.861  1548  1830 D StrictMode: 	at android.os.Parcel.readException(Parcel.java:3246)
02-04 12:12:18.861  1548  1830 D StrictMode: 	at nxw.transactAndReadException(PG:11)
02-04 12:12:18.861  1548  1830 D StrictMode: 	at abgi.a(PG:15)
02-04 12:12:18.861  1548  1830 D StrictMode: 	at aosd.run(PG:62)
02-04 12:12:18.861  1548  1830 D StrictMode: 	at dnqr.run(PG:9)
02-04 12:12:18.861  1548  1830 D StrictMode: 	at agie.b(PG:3)
02-04 12:12:18.861  1548  1830 D StrictMode: 	at agih.run(PG:1)
02-04 12:12:18.861  1548  1830 D StrictMode: 	at fmrp.run(PG:3)
02-04 12:12:18.861  1548  1830 D StrictMode: 	at fmrq.run(PG:68)
02-04 12:12:18.861  1548  1830 D StrictMode: 	at djui.run(PG:5)
02-04 12:12:18.861  1548  1830 D StrictMode: 	at fler.run(PG:44)
02-04 12:12:18.861  1548  1830 D StrictMode: 	at djtz.run(PG:42)
02-04 12:12:18.861  1548  1830 D StrictMode: 	at java.lang.Thread.run(Thread.java:1119)
02-04 12:12:18.861  1548  1830 D StrictMode: 	at djvl.run(PG:62)
02-04 12:12:18.861  1548  1830 D StrictMode: # via Binder call with stack:
02-04 12:12:18.861  1548  1830 D StrictMode: 	at android.os.StrictMode.readAndHandleBinderCallViolations(StrictMode.java:2671)
02-04 12:12:18.861  1548  1830 D StrictMode: 	at android.os.Parcel.readExceptionCode(Parcel.java:3285)
02-04 12:12:18.861  1548  1830 D StrictMode: 	at android.os.Parcel.readException(Parcel.java:3246)
02-04 12:12:18.861  1548  1830 D StrictMode: 	at nxw.transactAndReadException(PG:11)
02-04 12:12:18.861  1548  1830 D StrictMode: 	at cwkp.g(PG:161)
02-04 12:12:18.861  1548  1830 D StrictMode: 	at cwkp.c(PG:1)
02-04 12:12:18.861  1548  1830 D StrictMode: 	at abgs.test(PG:5)
02-04 12:12:18.861  1548  1830 D StrictMode: 	at j$.util.stream.y0.accept(SourceFile:7)
02-04 12:12:18.861  1548  1830 D StrictMode: 	at j$.util.m0.tryAdvance(SourceFile:20)
02-04 12:12:18.861  1548  1830 D StrictMode: 	at j$.util.stream.r2.y(SourceFile:7)
02-04 12:12:18.861  1548  1830 D StrictMode: 	at j$.util.stream.a.q(SourceFile:16)
02-04 12:12:18.861  1548  1830 D StrictMode: 	at j$.util.stream.a.n(SourceFile:28)
02-04 12:12:18.861  1548  1830 D StrictMode: 	at j$.util.stream.a.J(SourceFile:8)
02-04 12:12:18.861  1548  1830 D StrictMode: 	at j$.nio.file.G.a(SourceFile:11)
02-04 12:12:18.861  1548  1830 D StrictMode: 	at j$.util.stream.a.u(SourceFile:35)
02-04 12:12:18.861  1548  1830 D StrictMode: 	at j$.util.stream.r2.allMatch(SourceFile:7)
02-04 12:12:18.861  1548  1830 D StrictMode: 	at abgj.b(PG:40)
02-04 12:12:18.861  1548  1830 D StrictMode: 	at abgj.a(PG:49)
02-04 12:12:18.861  1548  1830 D StrictMode: 	at abgj.dispatchTransaction(PG:28)
02-04 12:12:18.861  1548  1830 D StrictMode: 	at nxx.onTransact(PG:13)
02-04 12:12:18.861  1548  1830 D StrictMode: 	at android.os.Binder.execTransactInternal(Binder.java:1421)
02-04 12:12:18.861  1548  1830 D StrictMode: 	at android.os.Binder.execTransact(Binder.java:1365)
02-04 12:12:18.861  1548  1830 D StrictMode: # via Binder call with stack:
02-04 12:12:18.861  1548  1830 D StrictMode: 	at android.os.StrictMode.readAndHandleBinderCallViolations(StrictMode.java:2671)
02-04 12:12:18.861  1548  1830 D StrictMode: 	at android.os.Parcel.readExceptionCode(Parcel.java:3285)
02-04 12:12:18.861  1548  1830 D StrictMode: 	at android.os.Parcel.readException(Parcel.java:3246)
02-04 12:12:18.861  1548  1830 D StrictMode: 	at nxw.transactAndReadException(PG:11)
02-04 12:12:18.861  1548  1830 D StrictMode: 	at cwkp.g(PG:42)
02-04 12:12:18.861  1548  1830 D StrictMode: 	at cwkp.c(PG:1)
02-04 12:12:18.861  1548  1830 D StrictMode: 	at abgs.test(PG:5)
02-04 12:12:18.861  1548  1830 D StrictMode: 	at j$.util.stream.y0.accept(SourceFile:7)
02-04 12:12:18.861  1548  1830 D StrictMode: 	at j$.util.m0.tryAdvance(SourceFile:20)
02-04 12:12:18.861  1548  1830 D StrictMode: 	at j$.util.stream.r2.y(SourceFile:7)
02-04 12:12:18.861  1548  1830 D StrictMode: 	at j$.util.stream.a.q(SourceFile:16)
02-04 12:12:18.861  1548  1830 D StrictMode: 	at j$.util.stream.a.n(SourceFile:28)
02-04 12:12:18.861  1548  1830 D StrictMode: 	at j$.util.stream.a.J(SourceFile:8)
02-04 12:12:18.861  1548  1830 D StrictMode: 	at j$.nio.file.G.a(SourceFile:11)
02-04 12:12:18.861  1548  1830 D StrictMode: 	at j$.util.stream.a.u(SourceFile:35)
02-04 12:12:18.861  1548  1830 D StrictMode: 	at j$.util.stream.r2.allMatch(SourceFile:7)
02-04 12:12:18.861  1548  1830 D StrictMode: 	at abgj.b(PG:40)
02-04 12:12:18.861  1548  1830 D StrictMode: 	at abgj.a(PG:49)
02-04 12:12:18.861  1548  1830 D StrictMode: 	at abgj.dispatchTransaction(PG:28)
02-04 12:12:18.861  1548  1830 D StrictMode: 	at nxx.onTransact(PG:13)
02-04 12:12:18.861  1548  1830 D StrictMode: 	at android.os.Binder.execTransactInternal(Binder.java:1421)
02-04 12:12:18.861  1548  1830 D StrictMode: 	at android.os.Binder.execTransact(Binder.java:1365)
02-04 12:12:18.861  1548  1830 D StrictMode: # via Binder call with stack:
02-04 12:12:18.861  1548  1830 D StrictMode: 	at android.os.StrictMode.readAndHandleBinderCallViolations(StrictMode.java:2671)
02-04 12:12:18.861  1548  1830 D StrictMode: 	at android.os.Parcel.readExceptionCode(Parcel.java:3285)
02-04 12:12:18.861  1548  1830 D StrictMode: 	at android.os.Parcel.readException(Parcel.java:3246)
02-04 12:12:18.861  1548  1830 D StrictMode: 	at nxw.transactAndReadException(PG:11)
02-04 12:12:18.861  1548  1830 D StrictMode: 	at com.google.android.gms.dynamite.DynamiteModule.d(PG:282)
02-04 12:12:18.861  1548  1830 D StrictMode: 	at cwkh.c(PG:24)
02-04 12:12:18.861  1548  1830 D StrictMode: 	at cwkp.g(PG:32)
02-04 12:12:18.861  1548  1830 D StrictMode: 	at cwkp.c(PG:1)
02-04 12:12:18.861  1548  1830 D StrictMode: 	at abgs.test(PG:5)
02-04 12:12:18.861  1548  1830 D StrictMode: 	at j$.util.stream.y0.accept(SourceFile:7)
02-04 12:12:18.861  1548  1830 D StrictMode: 	at j$.util.m0.tryAdvance(SourceFile:20)
02-04 12:12:18.861  1548  1830 D StrictMode: 	at j$.util.stream.r2.y(SourceFile:7)
02-04 12:12:18.861  1548  1830 D StrictMode: 	at j$.util.stream.a.q(SourceFile:16)
02-04 12:12:18.861  1548  1830 D StrictMode: 	at j$.util.stream.a.n(SourceFile:28)
02-04 12:12:18.861  1548  1830 D StrictMode: 	at j$.util.stream.a.J(SourceFile:8)
02-04 12:12:18.862  1548  1830 D StrictMode: 	at j$.nio.file.G.a(SourceFile:11)
02-04 12:12:18.862  1548  1830 D StrictMode: 	at j$.util.stream.a.u(SourceFile:35)
02-04 12:12:18.862  1548  1830 D StrictMode: 	at j$.util.stream.r2.allMatch(SourceFile:7)
02-04 12:12:18.862  1548  1830 D StrictMode: 	at abgj.b(PG:40)
02-04 12:12:18.862  1548  1830 D StrictMode: 	at abgj.a(PG:49)
02-04 12:12:18.862  1548  1830 D StrictMode: 	at abgj.dispatchTransaction(PG:28)
02-04 12:12:18.862  1548  1830 D StrictMode: 	at nxx.onTransact(PG:13)
02-04 12:12:18.862  1548  1830 D StrictMode: 	at android.os.Binder.execTransactInternal(Binder.java:1421)
02-04 12:12:18.862  1548  1830 D StrictMode: 	at android.os.Binder.execTransact(Binder.java:1365)
02-04 12:12:18.863  1548  1830 D StrictMode: StrictMode policy violation: android.os.strictmode.DiskReadViolation
02-04 12:12:18.863  1548  1830 D StrictMode: 	at android.os.StrictMode$AndroidBlockGuardPolicy.onReadFromDisk(StrictMode.java:1728)
02-04 12:12:18.863  1548  1830 D StrictMode: 	at libcore.io.BlockGuardOs.access(BlockGuardOs.java:74)
02-04 12:12:18.863  1548  1830 D StrictMode: 	at libcore.io.ForwardingOs.access(ForwardingOs.java:128)
02-04 12:12:18.863  1548  1830 D StrictMode: 	at android.app.ActivityThread$AndroidOs.access(ActivityThread.java:8944)
02-04 12:12:18.863  1548  1830 D StrictMode: 	at java.io.UnixFileSystem.checkAccess(UnixFileSystem.java:332)
02-04 12:12:18.863  1548  1830 D StrictMode: 	at java.io.File.exists(File.java:829)
02-04 12:12:18.863  1548  1830 D StrictMode: 	at android.app.ContextImpl.getDir(ContextImpl.java:3367)
02-04 12:12:18.863  1548  1830 D StrictMode: 	at android.content.ContextWrapper.getDir(ContextWrapper.java:353)
02-04 12:12:18.863  1548  1830 D StrictMode: 	at abod.<init>(PG:23)
02-04 12:12:18.863  1548  1830 D StrictMode: 	at rru.a(PG:2563)
02-04 12:12:18.863  1548  1830 D StrictMode: 	at fzds.d(PG:10)
02-04 12:12:18.863  1548  1830 D StrictMode: 	at fzds.a(PG:7)
02-04 12:12:18.863  1548  1830 D StrictMode: 	at fzdr.a(PG:5)
02-04 12:12:18.863  1548  1830 D StrictMode: 	at rru.C(PG:2713)
02-04 12:12:18.863  1548  1830 D StrictMode: 	at rru.a(PG:135)
02-04 12:12:18.863  1548  1830 D StrictMode: 	at rru.C(PG:2726)
02-04 12:12:18.863  1548  1830 D StrictMode: 	at rru.a(PG:135)
02-04 12:12:18.863  1548  1830 D StrictMode: 	at fzds.d(PG:10)
02-04 12:12:18.863  1548  1830 D StrictMode: 	at fzds.a(PG:7)
02-04 12:12:18.863  1548  1830 D StrictMode: 	at fzdr.a(PG:5)
02-04 12:12:18.863  1548  1830 D StrictMode: 	at fzds.d(PG:10)
02-04 12:12:18.863  1548  1830 D StrictMode: 	at fzds.a(PG:7)
02-04 12:12:18.863  1548  1830 D StrictMode: 	at abgj.a(PG:28)
02-04 12:12:18.863  1548  1830 D StrictMode: 	at abgj.dispatchTransaction(PG:28)
02-04 12:12:18.863  1548  1830 D StrictMode: 	at nxx.onTransact(PG:13)
02-04 12:12:18.863  1548  1830 D StrictMode: 	at android.os.Binder.execTransactInternal(Binder.java:1421)
02-04 12:12:18.863  1548  1830 D StrictMode: 	at android.os.Binder.execTransact(Binder.java:1365)
02-04 12:12:18.863  1548  1830 D StrictMode: # via Binder call with stack:
02-04 12:12:18.863  1548  1830 D StrictMode: 	at android.os.StrictMode.readAndHandleBinderCallViolations(StrictMode.java:2671)
02-04 12:12:18.863  1548  1830 D StrictMode: 	at android.os.Parcel.readExceptionCode(Parcel.java:3285)
02-04 12:12:18.863  1548  1830 D StrictMode: 	at android.os.Parcel.readException(Parcel.java:3246)
02-04 12:12:18.863  1548  1830 D StrictMode: 	at nxw.transactAndReadException(PG:11)
02-04 12:12:18.863  1548  1830 D StrictMode: 	at abgi.a(PG:15)
02-04 12:12:18.863  1548  1830 D StrictMode: 	at aosd.run(PG:62)
02-04 12:12:18.863  1548  1830 D StrictMode: 	at dnqr.run(PG:9)
02-04 12:12:18.863  1548  1830 D StrictMode: 	at agie.b(PG:3)
02-04 12:12:18.863  1548  1830 D StrictMode: 	at agih.run(PG:1)
02-04 12:12:18.863  1548  1830 D StrictMode: 	at fmrp.run(PG:3)
02-04 12:12:18.863  1548  1830 D StrictMode: 	at fmrq.run(PG:68)
02-04 12:12:18.863  1548  1830 D StrictMode: 	at djui.run(PG:5)
02-04 12:12:18.863  1548  1830 D StrictMode: 	at fler.run(PG:44)
02-04 12:12:18.863  1548  1830 D StrictMode: 	at djtz.run(PG:42)
02-04 12:12:18.863  1548  1830 D StrictMode: 	at java.lang.Thread.run(Thread.java:1119)
02-04 12:12:18.863  1548  1830 D StrictMode: 	at djvl.run(PG:62)
02-04 12:12:18.863  1548  1830 D StrictMode: # via Binder call with stack:
02-04 12:12:18.863  1548  1830 D StrictMode: 	at android.os.StrictMode.readAndHandleBinderCallViolations(StrictMode.java:2671)
02-04 12:12:18.863  1548  1830 D StrictMode: 	at android.os.Parcel.readExceptionCode(Parcel.java:3285)
02-04 12:12:18.863  1548  1830 D StrictMode: 	at android.os.Parcel.readException(Parcel.java:3246)
02-04 12:12:18.863  1548  1830 D StrictMode: 	at nxw.transactAndReadException(PG:11)
02-04 12:12:18.863  1548  1830 D StrictMode: 	at cwkp.g(PG:161)
02-04 12:12:18.863  1548  1830 D StrictMode: 	at cwkp.c(PG:1)
02-04 12:12:18.863  1548  1830 D StrictMode: 	at abgs.test(PG:5)
02-04 12:12:18.863  1548  1830 D StrictMode: 	at j$.util.stream.y0.accept(SourceFile:7)
02-04 12:12:18.863  1548  1830 D StrictMode: 	at j$.util.m0.tryAdvance(SourceFile:20)
02-04 12:12:18.863  1548  1830 D StrictMode: 	at j$.util.stream.r2.y(SourceFile:7)
02-04 12:12:18.863  1548  1830 D StrictMode: 	at j$.util.stream.a.q(SourceFile:16)
02-04 12:12:18.863  1548  1830 D StrictMode: 	at j$.util.stream.a.n(SourceFile:28)
02-04 12:12:18.863  1548  1830 D StrictMode: 	at j$.util.stream.a.J(SourceFile:8)
02-04 12:12:18.863  1548  1830 D StrictMode: 	at j$.nio.file.G.a(SourceFile:11)
02-04 12:12:18.863  1548  1830 D StrictMode: 	at j$.util.stream.a.u(SourceFile:35)
02-04 12:12:18.863  1548  1830 D StrictMode: 	at j$.util.stream.r2.allMatch(SourceFile:7)
02-04 12:12:18.863  1548  1830 D StrictMode: 	at abgj.b(PG:40)
02-04 12:12:18.863  1548  1830 D StrictMode: 	at abgj.a(PG:49)
02-04 12:12:18.863  1548  1830 D StrictMode: 	at abgj.dispatchTransaction(PG:28)
02-04 12:12:18.863  1548  1830 D StrictMode: 	at nxx.onTransact(PG:13)
02-04 12:12:18.863  1548  1830 D StrictMode: 	at android.os.Binder.execTransactInternal(Binder.java:1421)
02-04 12:12:18.863  1548  1830 D StrictMode: 	at android.os.Binder.execTransact(Binder.java:1365)
02-04 12:12:18.863  1548  1830 D StrictMode: # via Binder call with stack:
02-04 12:12:18.863  1548  1830 D StrictMode: 	at android.os.StrictMode.readAndHandleBinderCallViolations(StrictMode.java:2671)
02-04 12:12:18.863  1548  1830 D StrictMode: 	at android.os.Parcel.readExceptionCode(Parcel.java:3285)
02-04 12:12:18.863  1548  1830 D StrictMode: 	at android.os.Parcel.readException(Parcel.java:3246)
02-04 12:12:18.863  1548  1830 D StrictMode: 	at nxw.transactAndReadException(PG:11)
02-04 12:12:18.863  1548  1830 D StrictMode: 	at cwkp.g(PG:42)
02-04 12:12:18.863  1548  1830 D StrictMode: 	at cwkp.c(PG:1)
02-04 12:12:18.863  1548  1830 D StrictMode: 	at abgs.test(PG:5)
02-04 12:12:18.863  1548  1830 D StrictMode: 	at j$.util.stream.y0.accept(SourceFile:7)
02-04 12:12:18.863  1548  1830 D StrictMode: 	at j$.util.m0.tryAdvance(SourceFile:20)
02-04 12:12:18.863  1548  1830 D StrictMode: 	at j$.util.stream.r2.y(SourceFile:7)
02-04 12:12:18.863  1548  1830 D StrictMode: 	at j$.util.stream.a.q(SourceFile:16)
02-04 12:12:18.863  1548  1830 D StrictMode: 	at j$.util.stream.a.n(SourceFile:28)
02-04 12:12:18.863  1548  1830 D StrictMode: 	at j$.util.stream.a.J(SourceFile:8)
02-04 12:12:18.863  1548  1830 D StrictMode: 	at j$.nio.file.G.a(SourceFile:11)
02-04 12:12:18.863  1548  1830 D StrictMode: 	at j$.util.stream.a.u(SourceFile:35)
02-04 12:12:18.863  1548  1830 D StrictMode: 	at j$.util.stream.r2.allMatch(SourceFile:7)
02-04 12:12:18.863  1548  1830 D StrictMode: 	at abgj.b(PG:40)
02-04 12:12:18.863  1548  1830 D StrictMode: 	at abgj.a(PG:49)
02-04 12:12:18.863  1548  1830 D StrictMode: 	at abgj.dispatchTransaction(PG:28)
02-04 12:12:18.863  1548  1830 D StrictMode: 	at nxx.onTransact(PG:13)
02-04 12:12:18.863  1548  1830 D StrictMode: 	at android.os.Binder.execTransactInternal(Binder.java:1421)
02-04 12:12:18.863  1548  1830 D StrictMode: 	at android.os.Binder.execTransact(Binder.java:1365)
02-04 12:12:18.863  1548  1830 D StrictMode: # via Binder call with stack:
02-04 12:12:18.863  1548  1830 D StrictMode: 	at android.os.StrictMode.readAndHandleBinderCallViolations(StrictMode.java:2671)
02-04 12:12:18.863  1548  1830 D StrictMode: 	at android.os.Parcel.readExceptionCode(Parcel.java:3285)
02-04 12:12:18.863  1548  1830 D StrictMode: 	at android.os.Parcel.readException(Parcel.java:3246)
02-04 12:12:18.863  1548  1830 D StrictMode: 	at nxw.transactAndReadException(PG:11)
02-04 12:12:18.863  1548  1830 D StrictMode: 	at com.google.android.gms.dynamite.DynamiteModule.d(PG:282)
02-04 12:12:18.863  1548  1830 D StrictMode: 	at cwkh.c(PG:24)
02-04 12:12:18.863  1548  1830 D StrictMode: 	at cwkp.g(PG:32)
02-04 12:12:18.863  1548  1830 D StrictMode: 	at cwkp.c(PG:1)
02-04 12:12:18.863  1548  1830 D StrictMode: 	at abgs.test(PG:5)
02-04 12:12:18.863  1548  1830 D StrictMode: 	at j$.util.stream.y0.accept(SourceFile:7)
02-04 12:12:18.863  1548  1830 D StrictMode: 	at j$.util.m0.tryAdvance(SourceFile:20)
02-04 12:12:18.863  1548  1830 D StrictMode: 	at j$.util.stream.r2.y(SourceFile:7)
02-04 12:12:18.863  1548  1830 D StrictMode: 	at j$.util.stream.a.q(SourceFile:16)
02-04 12:12:18.863  1548  1830 D StrictMode: 	at j$.util.stream.a.n(SourceFile:28)
02-04 12:12:18.863  1548  1830 D StrictMode: 	at j$.util.stream.a.J(SourceFile:8)
02-04 12:12:18.863  1548  1830 D StrictMode: 	at j$.nio.file.G.a(SourceFile:11)
02-04 12:12:18.863  1548  1830 D StrictMode: 	at j$.util.stream.a.u(SourceFile:35)
02-04 12:12:18.864  1548  1830 D StrictMode: 	at j$.util.stream.r2.allMatch(SourceFile:7)
02-04 12:12:18.864  1548  1830 D StrictMode: 	at abgj.b(PG:40)
02-04 12:12:18.864  1548  1830 D StrictMode: 	at abgj.a(PG:49)
02-04 12:12:18.864  1548  1830 D StrictMode: 	at abgj.dispatchTransaction(PG:28)
02-04 12:12:18.864  1548  1830 D StrictMode: 	at nxx.onTransact(PG:13)
02-04 12:12:18.864  1548  1830 D StrictMode: 	at android.os.Binder.execTransactInternal(Binder.java:1421)
02-04 12:12:18.864  1548  1830 D StrictMode: 	at android.os.Binder.execTransact(Binder.java:1365)
02-04 12:12:18.866  1548  1830 D StrictMode: StrictMode policy violation: android.os.strictmode.CustomViolation: gcore.dynamite
02-04 12:12:18.866  1548  1830 D StrictMode: 	at android.os.StrictMode$AndroidBlockGuardPolicy.onCustomSlowCall(StrictMode.java:1695)
02-04 12:12:18.866  1548  1830 D StrictMode: 	at android.os.StrictMode.noteSlowCall(StrictMode.java:2873)
02-04 12:12:18.866  1548  1830 D StrictMode: 	at bewa.a(:com.google.android.gms@260234038@26.02.34 (260800-860235415):3)
02-04 12:12:18.866  1548  1830 D StrictMode: 	at com.google.android.gms.chimera.container.GmsModuleChimeraProvider.query(:com.google.android.gms@260234038@26.02.34 (260800-860235415):143)
02-04 12:12:18.866  1548  1830 D StrictMode: 	at aypk.query(:com.google.android.gms@260234038@26.02.34 (260800-860235415):84)
02-04 12:12:18.866  1548  1830 D StrictMode: 	at android.content.ContentProvider.query(ContentProvider.java:1625)
02-04 12:12:18.866  1548  1830 D StrictMode: 	at ymg.superQuery(:com.google.android.gms@260234038@26.02.34 (260800-860235415):6)
02-04 12:12:18.866  1548  1830 D StrictMode: 	at com.google.android.chimera.ContentProvider.query(:com.google.android.gms@260234038@26.02.34 (260800-860235415):8)
02-04 12:12:18.866  1548  1830 D StrictMode: 	at aypk.query(:com.google.android.gms@260234038@26.02.34 (260800-860235415):21)
02-04 12:12:18.866  1548  1830 D StrictMode: 	at android.content.ContentProvider.query(ContentProvider.java:1721)
02-04 12:12:18.866  1548  1830 D StrictMode: 	at ymg.superQuery(:com.google.android.gms@260234038@26.02.34 (260800-860235415):1)
02-04 12:12:18.866  1548  1830 D StrictMode: 	at com.google.android.chimera.ContentProvider.query(:com.google.android.gms@260234038@26.02.34 (260800-860235415):3)
02-04 12:12:18.866  1548  1830 D StrictMode: 	at ymg.query(:com.google.android.gms@260234038@26.02.34 (260800-860235415):64)
02-04 12:12:18.866  1548  1830 D StrictMode: 	at android.content.ContentProvider$Transport.query(ContentProvider.java:296)
02-04 12:12:18.866  1548  1830 D StrictMode: 	at android.content.ContentProviderNative.onTransact(ContentProviderNative.java:107)
02-04 12:12:18.866  1548  1830 D StrictMode: 	at android.os.Binder.execTransactInternal(Binder.java:1421)
02-04 12:12:18.866  1548  1830 D StrictMode: 	at android.os.Binder.execTransact(Binder.java:1365)
02-04 12:12:18.866  1548  1830 D StrictMode: # via Binder call with stack:
02-04 12:12:18.866  1548  1830 D StrictMode: 	at android.os.StrictMode.readAndHandleBinderCallViolations(StrictMode.java:2671)
02-04 12:12:18.866  1548  1830 D StrictMode: 	at android.os.Parcel.readExceptionCode(Parcel.java:3285)
02-04 12:12:18.866  1548  1830 D StrictMode: 	at android.os.Parcel.readException(Parcel.java:3246)
02-04 12:12:18.866  1548  1830 D StrictMode: 	at nxw.transactAndReadException(PG:11)
02-04 12:12:18.866  1548  1830 D StrictMode: 	at abgi.a(PG:15)
02-04 12:12:18.866  1548  1830 D StrictMode: 	at aosd.run(PG:62)
02-04 12:12:18.866  1548  1830 D StrictMode: 	at dnqr.run(PG:9)
02-04 12:12:18.866  1548  1830 D StrictMode: 	at agie.b(PG:3)
02-04 12:12:18.866  1548  1830 D StrictMode: 	at agih.run(PG:1)
02-04 12:12:18.866  1548  1830 D StrictMode: 	at fmrp.run(PG:3)
02-04 12:12:18.866  1548  1830 D StrictMode: 	at fmrq.run(PG:68)
02-04 12:12:18.866  1548  1830 D StrictMode: 	at djui.run(PG:5)
02-04 12:12:18.866  1548  1830 D StrictMode: 	at fler.run(PG:44)
02-04 12:12:18.866  1548  1830 D StrictMode: 	at djtz.run(PG:42)
02-04 12:12:18.866  1548  1830 D StrictMode: 	at java.lang.Thread.run(Thread.java:1119)
02-04 12:12:18.866  1548  1830 D StrictMode: 	at djvl.run(PG:62)
02-04 12:12:18.866  1548  1830 D StrictMode: # via Binder call with stack:
02-04 12:12:18.866  1548  1830 D StrictMode: 	at android.os.StrictMode.readAndHandleBinderCallViolations(StrictMode.java:2671)
02-04 12:12:18.866  1548  1830 D StrictMode: 	at android.os.Parcel.readExceptionCode(Parcel.java:3285)
02-04 12:12:18.866  1548  1830 D StrictMode: 	at android.os.Parcel.readException(Parcel.java:3246)
02-04 12:12:18.866  1548  1830 D StrictMode: 	at nxw.transactAndReadException(PG:11)
02-04 12:12:18.866  1548  1830 D StrictMode: 	at cwkp.g(PG:161)
02-04 12:12:18.866  1548  1830 D StrictMode: 	at cwkp.c(PG:1)
02-04 12:12:18.866  1548  1830 D StrictMode: 	at abgs.test(PG:5)
02-04 12:12:18.866  1548  1830 D StrictMode: 	at j$.util.stream.y0.accept(SourceFile:7)
02-04 12:12:18.866  1548  1830 D StrictMode: 	at j$.util.m0.tryAdvance(SourceFile:20)
02-04 12:12:18.866  1548  1830 D StrictMode: 	at j$.util.stream.r2.y(SourceFile:7)
02-04 12:12:18.866  1548  1830 D StrictMode: 	at j$.util.stream.a.q(SourceFile:16)
02-04 12:12:18.866  1548  1830 D StrictMode: 	at j$.util.stream.a.n(SourceFile:28)
02-04 12:12:18.866  1548  1830 D StrictMode: 	at j$.util.stream.a.J(SourceFile:8)
02-04 12:12:18.866  1548  1830 D StrictMode: 	at j$.nio.file.G.a(SourceFile:11)
02-04 12:12:18.866  1548  1830 D StrictMode: 	at j$.util.stream.a.u(SourceFile:35)
02-04 12:12:18.866  1548  1830 D StrictMode: 	at j$.util.stream.r2.allMatch(SourceFile:7)
02-04 12:12:18.866  1548  1830 D StrictMode: 	at abgj.b(PG:40)
02-04 12:12:18.866  1548  1830 D StrictMode: 	at abgj.a(PG:49)
02-04 12:12:18.866  1548  1830 D StrictMode: 	at abgj.dispatchTransaction(PG:28)
02-04 12:12:18.866  1548  1830 D StrictMode: 	at nxx.onTransact(PG:13)
02-04 12:12:18.866  1548  1830 D StrictMode: 	at android.os.Binder.execTransactInternal(Binder.java:1421)
02-04 12:12:18.866  1548  1830 D StrictMode: 	at android.os.Binder.execTransact(Binder.java:1365)
02-04 12:12:18.866  1548  1830 D StrictMode: # via Binder call with stack:
02-04 12:12:18.866  1548  1830 D StrictMode: 	at android.os.StrictMode.readAndHandleBinderCallViolations(StrictMode.java:2671)
02-04 12:12:18.866  1548  1830 D StrictMode: 	at android.os.Parcel.readExceptionCode(Parcel.java:3285)
02-04 12:12:18.866  1548  1830 D StrictMode: 	at android.os.Parcel.readException(Parcel.java:3246)
