02-04 12:12:41.672 12224 12521 D WeatherWidgetWorker:   2026-03-04: H=57 L=41
02-04 12:12:41.672 12224 12521 D WeatherWidgetWorker:   2026-03-05: H=61 L=37
02-04 12:12:41.672 12224 12521 D WeatherWidgetWorker:   2026-03-05: H=61 L=37
02-04 12:12:41.672 12224 12521 D WeatherWidgetWorker:   2026-03-06: H=68 L=45
02-04 12:12:41.672 12224 12521 D WeatherWidgetWorker:   2026-03-06: H=68 L=45
02-04 12:12:41.672 12224 12371 I WM-WorkerWrapper: Worker result SUCCESS for Work [ id=ea4141ae-54ad-4dcf-aa19-2e1af98532a3, tags={ com.weatherwidget.widget.WeatherWidgetWorker } ]
02-04 12:12:41.676 12224 12692 D ApiLogger: Successfully saved 100 entries
02-04 12:12:41.676 12224 12692 D WeatherRepository: fetchFromBothApis: NWS succeeded
02-04 12:12:41.680 12224 12692 D WeatherWidgetProvider: getWidgetSize: widgetId=232, minWidth=574, minHeight=187 -> cols=8, rows=2
02-04 12:12:41.681 12224 12692 D WeatherWidgetProvider: updateWidgetWithHourlyData: widgetId=232, cols=8, rows=2, hourlyCount=98
02-04 12:12:41.683 12224 12692 D TemperatureInterpolator: getInterpolatedTemperature: source=NWS, sourcesInData=[NWS, OPEN_METEO], totalForecasts=98
02-04 12:12:41.684 12224 12692 D TemperatureInterpolator: getInterpolatedTemperature: filteredForecasts=49, sources=[NWS]
02-04 12:12:41.684 12224 12692 D TemperatureInterpolator: getInterpolatedTemperature: currentHour=2026-02-04T12:00 found=NWS:65.0, nextHour=2026-02-04T13:00 found=NWS:69.0
02-04 12:12:41.684 12224 12692 D TemperatureInterpolator: Interpolating: time=12:12, current=65.0@2026-02-04T12:00, next=69.0@2026-02-04T13:00, factor=0.2, result=65.8
02-04 12:12:41.685 12224 12692 D WeatherWidgetProvider: buildHourDataList: now=2026-02-04T12:12:41.684876, centerTime=2026-02-04T12:12:41.680425, alignedCenter=2026-02-04T12:00
02-04 12:12:41.685 12224 12692 D WeatherWidgetProvider: buildHourDataList: startHour=2026-02-04T04:00, endHour=2026-02-05T04:00 (4:00 to 4:00)
02-04 12:12:41.685 12224 12692 D WeatherWidgetProvider: buildHourDataList: forecastsByTime has 49 entries, labelInterval=2
02-04 12:12:41.685 12224 12692 D WeatherWidgetProvider: buildHourDataList: forecastsByTime keys=[2026-02-03T12:00, 2026-02-03T13:00, 2026-02-03T14:00, 2026-02-03T15:00, 2026-02-03T16:00, 2026-02-03T17:00, 2026-02-03T18:00, 2026-02-03T19:00, 2026-02-03T20:00, 2026-02-03T21:00, 2026-02-03T22:00, 2026-02-03T23:00, 2026-02-04T00:00, 2026-02-04T01:00, 2026-02-04T02:00, 2026-02-04T03:00, 2026-02-04T04:00, 2026-02-04T05:00, 2026-02-04T06:00, 2026-02-04T07:00, 2026-02-04T08:00, 2026-02-04T09:00, 2026-02-04T10:00, 2026-02-04T11:00, 2026-02-04T12:00, 2026-02-04T13:00, 2026-02-04T14:00, 2026-02-04T15:00, 2026-02-04T16:00, 2026-02-04T17:00, 2026-02-04T18:00, 2026-02-04T19:00, 2026-02-04T20:00, 2026-02-04T21:00, 2026-02-04T22:00, 2026-02-04T23:00, 2026-02-05T00:00, 2026-02-05T01:00, 2026-02-05T02:00, 2026-02-05T03:00, 2026-02-05T04:00, 2026-02-05T05:00, 2026-02-05T06:00, 2026-02-05T07:00, 2026-02-05T08:00, 2026-02-05T09:00, 2026-02-05T10:00, 2026-02-05T11:00, 2026-02-05T12:00]
02-04 12:12:41.685 12224 12692 D WeatherWidgetProvider: buildHourDataList: hour[0] 2026-02-04T04:00 label=4a showLabel=true isClosest=false
02-04 12:12:41.685 12224 12692 D WeatherWidgetProvider: buildHourDataList: hour[2] 2026-02-04T06:00 label=6a showLabel=true isClosest=false
02-04 12:12:41.686 12224 12692 D WeatherWidgetProvider: buildHourDataList: hour[4] 2026-02-04T08:00 label=8a showLabel=true isClosest=false
02-04 12:12:41.686 12224 12692 D WeatherWidgetProvider: buildHourDataList: hour[6] 2026-02-04T10:00 label=10a showLabel=true isClosest=false
02-04 12:12:41.687 12224 12692 D WeatherWidgetProvider: buildHourDataList: hour[8] 2026-02-04T12:00 label=12p showLabel=true isClosest=true
02-04 12:12:41.687 12224 12521 D WeatherRepository: saveForecastSnapshot: Saved 31 snapshots for NWS (IncludeToday=true). Range: 2026-02-04 to 2026-03-06
02-04 12:12:41.687 12224 12692 D WeatherWidgetProvider: buildHourDataList: hour[10] 2026-02-04T14:00 label=2p showLabel=true isClosest=false
02-04 12:12:41.687 12224 12692 D WeatherWidgetProvider: buildHourDataList: hour[12] 2026-02-04T16:00 label=4p showLabel=true isClosest=false
02-04 12:12:41.688 12224 12692 D WeatherWidgetProvider: buildHourDataList: hour[14] 2026-02-04T18:00 label=6p showLabel=true isClosest=false
02-04 12:12:41.688 12224 12692 D WeatherWidgetProvider: buildHourDataList: hour[16] 2026-02-04T20:00 label=8p showLabel=true isClosest=false
02-04 12:12:41.688 12224 12692 D WeatherWidgetProvider: buildHourDataList: hour[18] 2026-02-04T22:00 label=10p showLabel=true isClosest=false
02-04 12:12:41.688 12224 12692 D WeatherWidgetProvider: buildHourDataList: hour[20] 2026-02-05T00:00 label=12a showLabel=true isClosest=false
02-04 12:12:41.689 12224 12692 D WeatherWidgetProvider: buildHourDataList: hour[22] 2026-02-05T02:00 label=2a showLabel=true isClosest=false
02-04 12:12:41.689 12224 12692 D WeatherWidgetProvider: buildHourDataList: hour[24] 2026-02-05T04:00 label=4a showLabel=true isClosest=false
02-04 12:12:41.689 12224 12692 D WeatherWidgetProvider: buildHourDataList: Built 25 hours, first=2026-02-04T04:00, last=2026-02-05T04:00
02-04 12:12:41.689 12224 12692 D WeatherWidgetProvider: getOptimalBitmapSize: 528dp×180dp → Downscaling from 1600x545px (3406KB) to 812x276px (875KB), scale=0.5079641, rawPixels=872000
02-04 12:12:41.690 12224 12692 D HourlyGraph: Widget: 812px × 276px (267dp × 91dp) | heightScaleFactor=1.0 | baseLabel=9dp, finalLabel=9dp
02-04 12:12:41.690 12224 12692 D HourlyGraph: Font sizes: hourLabel=27.28125px (9.0dp), tempLabel=27.28125px (9.0dp)
02-04 12:12:41.699 12224 12692 I AppWidgetManager: updateAppWidget() appWidgetIds = [232]
02-04 12:12:41.700  2712  5799 I AppWidgetServiceImpl: Null RemoteViews on updateAppWidgetIds
02-04 12:12:41.701 12224 12692 D WeatherWidgetProvider: getWidgetSize: widgetId=231, minWidth=370, minHeight=187 -> cols=6, rows=2
02-04 12:12:41.701 12224 12692 D WeatherWidgetProvider: updateWidgetWithData: widgetId=231, cols=6, rows=2, offset=0, weatherCount=76
02-04 12:12:41.701 12224 12521 D WeatherRepository: saveForecastSnapshot: Saved 14 snapshots for OPEN_METEO (IncludeToday=true). Range: 2026-02-04 to 2026-02-17
02-04 12:12:41.702 12224 12692 D WeatherWidgetProvider: updateWidgetWithData: displaySource='Open-Meteo', displayName='Meteo'
02-04 12:12:41.703 12224 12692 D TemperatureInterpolator: getInterpolatedTemperature: source=Open-Meteo, sourcesInData=[NWS, OPEN_METEO], totalForecasts=98
02-04 12:12:41.703 12224 12692 D TemperatureInterpolator: getInterpolatedTemperature: filteredForecasts=49, sources=[OPEN_METEO]
02-04 12:12:41.704 12224 12692 D TemperatureInterpolator: getInterpolatedTemperature: currentHour=2026-02-04T12:00 found=OPEN_METEO:62.4, nextHour=2026-02-04T13:00 found=OPEN_METEO:66.6
02-04 12:12:41.704 12224 12692 D TemperatureInterpolator: Interpolating: time=12:12, current=62.4@2026-02-04T12:00, next=66.6@2026-02-04T13:00, factor=0.2, result=63.24
02-04 12:12:41.704 12224 12692 D WeatherWidgetProvider: updateWidgetWithData: Using interpolated temp: 63.24 from source Open-Meteo
02-04 12:12:41.707 12224 12692 D WeatherWidgetProvider: setupNavigationButtons: center=2026-02-04, numCols=6, minOffset=-1, maxOffset=4
02-04 12:12:41.707 12224 12692 D WeatherWidgetProvider: setupNavigationButtons: minDate=2026-01-28, maxDate=2026-03-06, newLeftmost=2026-02-02, newRightmost=2026-02-09
02-04 12:12:41.707 12224 12692 D WeatherWidgetProvider: setupNavigationButtons: canLeft=true, canRight=true
02-04 12:12:41.707 12224 12692 D WeatherWidgetProvider: buildDayDataList: numColumns=6, weatherByDate keys=[2026-01-28, 2026-01-29, 2026-01-30, 2026-01-31, 2026-02-01, 2026-02-02, 2026-02-03, 2026-02-04, 2026-02-05, 2026-02-06, 2026-02-07, 2026-02-08, 2026-02-09, 2026-02-10, 2026-02-11, 2026-02-12, 2026-02-13, 2026-02-14, 2026-02-15, 2026-02-16, 2026-02-17, 2026-02-18, 2026-02-19, 2026-02-20, 2026-02-21, 2026-02-22, 2026-02-23, 2026-02-24, 2026-02-25, 2026-02-26, 2026-02-27, 2026-02-28, 2026-03-01, 2026-03-02, 2026-03-03, 2026-03-04, 2026-03-05, 2026-03-06], centerDate=2026-02-04, today=2026-02-04
02-04 12:12:41.707 12224 12692 D WeatherWidgetProvider: buildDayDataList: For 6 columns, showing 6 days with offsets: [-1, 0, 1, 2, 3, 4]
02-04 12:12:41.707 12224 12692 D WeatherWidgetProvider: buildDayDataList: Including 2026-02-03, high=67, low=40, forecasts=2
02-04 12:12:41.708 12224 12692 D WeatherWidgetProvider: buildDayDataList: Including 2026-02-04, high=69, low=40, forecasts=2
02-04 12:12:41.708 12224 12692 D WeatherWidgetProvider: buildDayDataList: Including 2026-02-05, high=68, low=44, forecasts=0
02-04 12:12:41.708 12224 12692 D WeatherWidgetProvider: buildDayDataList: Including 2026-02-06, high=69, low=49, forecasts=0
02-04 12:12:41.708 12224 12692 D WeatherWidgetProvider: buildDayDataList: Including 2026-02-07, high=67, low=53, forecasts=0
02-04 12:12:41.708 12224 12692 D WeatherWidgetProvider: buildDayDataList: Including 2026-02-08, high=66, low=51, forecasts=0
02-04 12:12:41.708 12224 12692 D WeatherWidgetProvider: getOptimalBitmapSize: 388dp×180dp → Downscaling from 1176x545px (2503KB) to 696x322px (875KB), scale=0.59250134, rawPixels=640920
02-04 12:12:41.709 12224 12692 D TemperatureGraph: Widget: 696px × 322px (229dp × 106dp) | heightScaleFactor=1.0 | baseDayLabel=9.5, finalDayLabel=9.5dp
02-04 12:12:41.709 12224 12692 D TemperatureGraph: Font sizes: dayLabel=28.796875px (9.5dp), tempLabel=25.765625px (8.5dp)
02-04 12:12:41.718 12224 12692 I AppWidgetManager: updateAppWidget() appWidgetIds = [231]
02-04 12:12:41.720  2712  5799 I AppWidgetServiceImpl: Null RemoteViews on updateAppWidgetIds
02-04 12:12:41.721 12224 12692 D WeatherWidgetProvider: getWidgetSize: widgetId=230, minWidth=574, minHeight=187 -> cols=8, rows=2
02-04 12:12:41.721 12224 12692 D WeatherWidgetProvider: updateWidgetWithHourlyData: widgetId=230, cols=8, rows=2, hourlyCount=98
02-04 12:12:41.724 12224 12692 D TemperatureInterpolator: getInterpolatedTemperature: source=NWS, sourcesInData=[NWS, OPEN_METEO], totalForecasts=98
02-04 12:12:41.724 12224 12692 D TemperatureInterpolator: getInterpolatedTemperature: filteredForecasts=49, sources=[NWS]
02-04 12:12:41.724 12224 12692 D TemperatureInterpolator: getInterpolatedTemperature: currentHour=2026-02-04T12:00 found=NWS:65.0, nextHour=2026-02-04T13:00 found=NWS:69.0
02-04 12:12:41.724 12224 12692 D TemperatureInterpolator: Interpolating: time=12:12, current=65.0@2026-02-04T12:00, next=69.0@2026-02-04T13:00, factor=0.2, result=65.8
02-04 12:12:41.725 12224 12692 D WeatherWidgetProvider: buildHourDataList: now=2026-02-04T12:12:41.725104, centerTime=2026-02-04T12:12:41.720734, alignedCenter=2026-02-04T12:00
02-04 12:12:41.725 12224 12692 D WeatherWidgetProvider: buildHourDataList: startHour=2026-02-04T04:00, endHour=2026-02-05T04:00 (4:00 to 4:00)
02-04 12:12:41.725 12224 12692 D WeatherWidgetProvider: buildHourDataList: forecastsByTime has 49 entries, labelInterval=2
02-04 12:12:41.725 12224 12692 D WeatherWidgetProvider: buildHourDataList: forecastsByTime keys=[2026-02-03T12:00, 2026-02-03T13:00, 2026-02-03T14:00, 2026-02-03T15:00, 2026-02-03T16:00, 2026-02-03T17:00, 2026-02-03T18:00, 2026-02-03T19:00, 2026-02-03T20:00, 2026-02-03T21:00, 2026-02-03T22:00, 2026-02-03T23:00, 2026-02-04T00:00, 2026-02-04T01:00, 2026-02-04T02:00, 2026-02-04T03:00, 2026-02-04T04:00, 2026-02-04T05:00, 2026-02-04T06:00, 2026-02-04T07:00, 2026-02-04T08:00, 2026-02-04T09:00, 2026-02-04T10:00, 2026-02-04T11:00, 2026-02-04T12:00, 2026-02-04T13:00, 2026-02-04T14:00, 2026-02-04T15:00, 2026-02-04T16:00, 2026-02-04T17:00, 2026-02-04T18:00, 2026-02-04T19:00, 2026-02-04T20:00, 2026-02-04T21:00, 2026-02-04T22:00, 2026-02-04T23:00, 2026-02-05T00:00, 2026-02-05T01:00, 2026-02-05T02:00, 2026-02-05T03:00, 2026-02-05T04:00, 2026-02-05T05:00, 2026-02-05T06:00, 2026-02-05T07:00, 2026-02-05T08:00, 2026-02-05T09:00, 2026-02-05T10:00, 2026-02-05T11:00, 2026-02-05T12:00]
02-04 12:12:41.725 12224 12692 D WeatherWidgetProvider: buildHourDataList: hour[0] 2026-02-04T04:00 label=4a showLabel=true isClosest=false
02-04 12:12:41.726 12224 12692 D WeatherWidgetProvider: buildHourDataList: hour[2] 2026-02-04T06:00 label=6a showLabel=true isClosest=false
02-04 12:12:41.726 12224 12692 D WeatherWidgetProvider: buildHourDataList: hour[4] 2026-02-04T08:00 label=8a showLabel=true isClosest=false
02-04 12:12:41.726 12224 12692 D WeatherWidgetProvider: buildHourDataList: hour[6] 2026-02-04T10:00 label=10a showLabel=true isClosest=false
02-04 12:12:41.727 12224 12692 D WeatherWidgetProvider: buildHourDataList: hour[8] 2026-02-04T12:00 label=12p showLabel=true isClosest=true
02-04 12:12:41.727 12224 12692 D WeatherWidgetProvider: buildHourDataList: hour[10] 2026-02-04T14:00 label=2p showLabel=true isClosest=false
02-04 12:12:41.727 12224 12692 D WeatherWidgetProvider: buildHourDataList: hour[12] 2026-02-04T16:00 label=4p showLabel=true isClosest=false
02-04 12:12:41.727 12224 12692 D WeatherWidgetProvider: buildHourDataList: hour[14] 2026-02-04T18:00 label=6p showLabel=true isClosest=false
02-04 12:12:41.728 12224 12692 D WeatherWidgetProvider: buildHourDataList: hour[16] 2026-02-04T20:00 label=8p showLabel=true isClosest=false
02-04 12:12:41.728 12224 12692 D WeatherWidgetProvider: buildHourDataList: hour[18] 2026-02-04T22:00 label=10p showLabel=true isClosest=false
02-04 12:12:41.728 12224 12692 D WeatherWidgetProvider: buildHourDataList: hour[20] 2026-02-05T00:00 label=12a showLabel=true isClosest=false
02-04 12:12:41.728 12224 12692 D WeatherWidgetProvider: buildHourDataList: hour[22] 2026-02-05T02:00 label=2a showLabel=true isClosest=false
02-04 12:12:41.729 12224 12692 D WeatherWidgetProvider: buildHourDataList: hour[24] 2026-02-05T04:00 label=4a showLabel=true isClosest=false
02-04 12:12:41.729 12224 12692 D WeatherWidgetProvider: buildHourDataList: Built 25 hours, first=2026-02-04T04:00, last=2026-02-05T04:00
02-04 12:12:41.729 12224 12692 D WeatherWidgetProvider: getOptimalBitmapSize: 528dp×180dp → Downscaling from 1600x545px (3406KB) to 812x276px (875KB), scale=0.5079641, rawPixels=872000
02-04 12:12:41.729 12224 12692 D HourlyGraph: Widget: 812px × 276px (267dp × 91dp) | heightScaleFactor=1.0 | baseLabel=9dp, finalLabel=9dp
02-04 12:12:41.730 12224 12692 D HourlyGraph: Font sizes: hourLabel=27.28125px (9.0dp), tempLabel=27.28125px (9.0dp)
02-04 12:12:41.732 12224 12521 D WeatherWidgetWorker: doWork: Got 76 weather entries
02-04 12:12:41.732 12224 12521 D WeatherWidgetWorker:   2026-01-28: H=64 L=48
02-04 12:12:41.732 12224 12521 D WeatherWidgetWorker:   2026-01-28: H=63 L=49
02-04 12:12:41.732 12224 12521 D WeatherWidgetWorker:   2026-01-29: H=69 L=41
02-04 12:12:41.732 12224 12521 D WeatherWidgetWorker:   2026-01-29: H=64 L=42
02-04 12:12:41.732 12224 12521 D WeatherWidgetWorker:   2026-01-30: H=68 L=42
02-04 12:12:41.732 12224 12521 D WeatherWidgetWorker:   2026-01-30: H=64 L=42
02-04 12:12:41.732 12224 12521 D WeatherWidgetWorker:   2026-01-31: H=64 L=41
02-04 12:12:41.732 12224 12521 D WeatherWidgetWorker:   2026-01-31: H=64 L=42
02-04 12:12:41.732 12224 12521 D WeatherWidgetWorker:   2026-02-01: H=64 L=42
02-04 12:12:41.733 12224 12521 D WeatherWidgetWorker:   2026-02-01: H=64 L=42
02-04 12:12:41.733 12224 12521 D WeatherWidgetWorker:   2026-02-02: H=69 L=41
02-04 12:12:41.733 12224 12521 D WeatherWidgetWorker:   2026-02-02: H=67 L=41
02-04 12:12:41.733 12224 12521 D WeatherWidgetWorker:   2026-02-03: H=68 L=42
02-04 12:12:41.733 12224 12521 D WeatherWidgetWorker:   2026-02-03: H=67 L=40
02-04 12:12:41.733 12224 12521 D WeatherWidgetWorker:   2026-02-04: H=72 L=46
02-04 12:12:41.733 12224 12521 D WeatherWidgetWorker:   2026-02-04: H=69 L=40
02-04 12:12:41.733 12224 12521 D WeatherWidgetWorker:   2026-02-05: H=73 L=51
02-04 12:12:41.733 12224 12521 D WeatherWidgetWorker:   2026-02-05: H=68 L=44
02-04 12:12:41.733 12224 12521 D WeatherWidgetWorker:   2026-02-06: H=68 L=47
02-04 12:12:41.733 12224 12521 D WeatherWidgetWorker:   2026-02-06: H=69 L=49
02-04 12:12:41.733 12224 12521 D WeatherWidgetWorker:   2026-02-07: H=66 L=47
02-04 12:12:41.733 12224 12521 D WeatherWidgetWorker:   2026-02-07: H=67 L=53
02-04 12:12:41.733 12224 12521 D WeatherWidgetWorker:   2026-02-08: H=64 L=46
02-04 12:12:41.733 12224 12521 D WeatherWidgetWorker:   2026-02-08: H=66 L=51
02-04 12:12:41.733 12224 12521 D WeatherWidgetWorker:   2026-02-09: H=59 L=44
02-04 12:12:41.733 12224 12521 D WeatherWidgetWorker:   2026-02-09: H=61 L=51
02-04 12:12:41.733 12224 12521 D WeatherWidgetWorker:   2026-02-10: H=57 L=43
02-04 12:12:41.733 12224 12521 D WeatherWidgetWorker:   2026-02-10: H=58 L=49
02-04 12:12:41.733 12224 12521 D WeatherWidgetWorker:   2026-02-11: H=66 L=48
02-04 12:12:41.733 12224 12521 D WeatherWidgetWorker:   2026-02-11: H=54 L=46
02-04 12:12:41.733 12224 12521 D WeatherWidgetWorker:   2026-02-12: H=67 L=47
02-04 12:12:41.733 12224 12521 D WeatherWidgetWorker:   2026-02-12: H=56 L=44
02-04 12:12:41.733 12224 12521 D WeatherWidgetWorker:   2026-02-13: H=69 L=48
02-04 12:12:41.733 12224 12521 D WeatherWidgetWorker:   2026-02-13: H=60 L=45
02-04 12:12:41.733 12224 12521 D WeatherWidgetWorker:   2026-02-14: H=68 L=50
02-04 12:12:41.733 12224 12521 D WeatherWidgetWorker:   2026-02-14: H=52 L=43
02-04 12:12:41.733 12224 12521 D WeatherWidgetWorker:   2026-02-15: H=61 L=48
02-04 12:12:41.733 12224 12521 D WeatherWidgetWorker:   2026-02-15: H=50 L=41
02-04 12:12:41.733 12224 12521 D WeatherWidgetWorker:   2026-02-16: H=63 L=47
02-04 12:12:41.733 12224 12521 D WeatherWidgetWorker:   2026-02-16: H=54 L=39
02-04 12:12:41.733 12224 12521 D WeatherWidgetWorker:   2026-02-17: H=58 L=48
02-04 12:12:41.733 12224 12521 D WeatherWidgetWorker:   2026-02-17: H=54 L=46
02-04 12:12:41.733 12224 12521 D WeatherWidgetWorker:   2026-02-18: H=59 L=47
02-04 12:12:41.734 12224 12521 D WeatherWidgetWorker:   2026-02-18: H=59 L=47
02-04 12:12:41.734 12224 12521 D WeatherWidgetWorker:   2026-02-19: H=65 L=47
02-04 12:12:41.734 12224 12521 D WeatherWidgetWorker:   2026-02-19: H=65 L=47
02-04 12:12:41.734 12224 12521 D WeatherWidgetWorker:   2026-02-20: H=60 L=49
02-04 12:12:41.734 12224 12521 D WeatherWidgetWorker:   2026-02-20: H=60 L=49
02-04 12:12:41.734 12224 12521 D WeatherWidgetWorker:   2026-02-21: H=57 L=44
02-04 12:12:41.734 12224 12521 D WeatherWidgetWorker:   2026-02-21: H=57 L=44
02-04 12:12:41.734 12224 12521 D WeatherWidgetWorker:   2026-02-22: H=62 L=43
02-04 12:12:41.734 12224 12521 D WeatherWidgetWorker:   2026-02-22: H=62 L=43
02-04 12:12:41.734 12224 12521 D WeatherWidgetWorker:   2026-02-23: H=66 L=43
02-04 12:12:41.734 12224 12521 D WeatherWidgetWorker:   2026-02-23: H=66 L=43
02-04 12:12:41.734 12224 12521 D WeatherWidgetWorker:   2026-02-24: H=63 L=43
02-04 12:12:41.734 12224 12521 D WeatherWidgetWorker:   2026-02-24: H=63 L=43
02-04 12:12:41.734 12224 12521 D WeatherWidgetWorker:   2026-02-25: H=62 L=42
02-04 12:12:41.734 12224 12521 D WeatherWidgetWorker:   2026-02-25: H=62 L=42
02-04 12:12:41.734 12224 12521 D WeatherWidgetWorker:   2026-02-26: H=66 L=42
02-04 12:12:41.734 12224 12521 D WeatherWidgetWorker:   2026-02-26: H=66 L=42
02-04 12:12:41.734 12224 12521 D WeatherWidgetWorker:   2026-02-27: H=64 L=41
02-04 12:12:41.734 12224 12521 D WeatherWidgetWorker:   2026-02-27: H=64 L=41
02-04 12:12:41.734 12224 12521 D WeatherWidgetWorker:   2026-02-28: H=57 L=52
02-04 12:12:41.734 12224 12521 D WeatherWidgetWorker:   2026-02-28: H=57 L=52
02-04 12:12:41.734 12224 12521 D WeatherWidgetWorker:   2026-03-01: H=55 L=43
02-04 12:12:41.734 12224 12521 D WeatherWidgetWorker:   2026-03-01: H=55 L=43
02-04 12:12:41.734 12224 12521 D WeatherWidgetWorker:   2026-03-02: H=53 L=42
02-04 12:12:41.734 12224 12521 D WeatherWidgetWorker:   2026-03-02: H=53 L=42
02-04 12:12:41.735 12224 12521 D WeatherWidgetWorker:   2026-03-03: H=52 L=43
02-04 12:12:41.735 12224 12521 D WeatherWidgetWorker:   2026-03-03: H=52 L=43
02-04 12:12:41.735 12224 12521 D WeatherWidgetWorker:   2026-03-04: H=57 L=41
02-04 12:12:41.735 12224 12521 D WeatherWidgetWorker:   2026-03-04: H=57 L=41
02-04 12:12:41.735 12224 12521 D WeatherWidgetWorker:   2026-03-05: H=61 L=37
02-04 12:12:41.735 12224 12521 D WeatherWidgetWorker:   2026-03-05: H=61 L=37
02-04 12:12:41.735 12224 12521 D WeatherWidgetWorker:   2026-03-06: H=68 L=45
02-04 12:12:41.735 12224 12521 D WeatherWidgetWorker:   2026-03-06: H=68 L=45
02-04 12:12:41.738 12224 12692 I AppWidgetManager: updateAppWidget() appWidgetIds = [230]
02-04 12:12:41.739  2712  5799 I AppWidgetServiceImpl: Null RemoteViews on updateAppWidgetIds
02-04 12:12:41.743 12224 12692 D WeatherWidgetProvider: getWidgetSize: widgetId=232, minWidth=574, minHeight=187 -> cols=8, rows=2
02-04 12:12:41.743 12224 12692 D WeatherWidgetProvider: updateWidgetWithHourlyData: widgetId=232, cols=8, rows=2, hourlyCount=98
02-04 12:12:41.743 12224 12521 D UIUpdateScheduler: Scheduling next UI update in 7 minutes (tempDiff=4, nextUpdate=2026-02-04T12:20)
02-04 12:12:41.745 12224 12521 D UIUpdateScheduler: UI update alarm scheduled for 438 seconds from now
02-04 12:12:41.746 12224 12692 D TemperatureInterpolator: getInterpolatedTemperature: source=NWS, sourcesInData=[NWS, OPEN_METEO], totalForecasts=98
02-04 12:12:41.746 12224 12692 D TemperatureInterpolator: getInterpolatedTemperature: filteredForecasts=49, sources=[NWS]
02-04 12:12:41.747 12224 12692 D TemperatureInterpolator: getInterpolatedTemperature: currentHour=2026-02-04T12:00 found=NWS:65.0, nextHour=2026-02-04T13:00 found=NWS:69.0
02-04 12:12:41.747 12224 12692 D TemperatureInterpolator: Interpolating: time=12:12, current=65.0@2026-02-04T12:00, next=69.0@2026-02-04T13:00, factor=0.2, result=65.8
02-04 12:12:41.747 12224 12692 D WeatherWidgetProvider: buildHourDataList: now=2026-02-04T12:12:41.747255, centerTime=2026-02-04T12:12:41.742777, alignedCenter=2026-02-04T12:00
02-04 12:12:41.747 12224 12692 D WeatherWidgetProvider: buildHourDataList: startHour=2026-02-04T04:00, endHour=2026-02-05T04:00 (4:00 to 4:00)
02-04 12:12:41.747 12224 12692 D WeatherWidgetProvider: buildHourDataList: forecastsByTime has 49 entries, labelInterval=2
02-04 12:12:41.747 12224 12692 D WeatherWidgetProvider: buildHourDataList: forecastsByTime keys=[2026-02-03T12:00, 2026-02-03T13:00, 2026-02-03T14:00, 2026-02-03T15:00, 2026-02-03T16:00, 2026-02-03T17:00, 2026-02-03T18:00, 2026-02-03T19:00, 2026-02-03T20:00, 2026-02-03T21:00, 2026-02-03T22:00, 2026-02-03T23:00, 2026-02-04T00:00, 2026-02-04T01:00, 2026-02-04T02:00, 2026-02-04T03:00, 2026-02-04T04:00, 2026-02-04T05:00, 2026-02-04T06:00, 2026-02-04T07:00, 2026-02-04T08:00, 2026-02-04T09:00, 2026-02-04T10:00, 2026-02-04T11:00, 2026-02-04T12:00, 2026-02-04T13:00, 2026-02-04T14:00, 2026-02-04T15:00, 2026-02-04T16:00, 2026-02-04T17:00, 2026-02-04T18:00, 2026-02-04T19:00, 2026-02-04T20:00, 2026-02-04T21:00, 2026-02-04T22:00, 2026-02-04T23:00, 2026-02-05T00:00, 2026-02-05T01:00, 2026-02-05T02:00, 2026-02-05T03:00, 2026-02-05T04:00, 2026-02-05T05:00, 2026-02-05T06:00, 2026-02-05T07:00, 2026-02-05T08:00, 2026-02-05T09:00, 2026-02-05T10:00, 2026-02-05T11:00, 2026-02-05T12:00]
02-04 12:12:41.747 12224 12692 D WeatherWidgetProvider: buildHourDataList: hour[0] 2026-02-04T04:00 label=4a showLabel=true isClosest=false
02-04 12:12:41.748 12224 12692 D WeatherWidgetProvider: buildHourDataList: hour[2] 2026-02-04T06:00 label=6a showLabel=true isClosest=false
02-04 12:12:41.748 12224 12692 D WeatherWidgetProvider: buildHourDataList: hour[4] 2026-02-04T08:00 label=8a showLabel=true isClosest=false
02-04 12:12:41.748 12224 12692 D WeatherWidgetProvider: buildHourDataList: hour[6] 2026-02-04T10:00 label=10a showLabel=true isClosest=false
02-04 12:12:41.748 12224 12692 D WeatherWidgetProvider: buildHourDataList: hour[8] 2026-02-04T12:00 label=12p showLabel=true isClosest=true
02-04 12:12:41.749 12224 12692 D WeatherWidgetProvider: buildHourDataList: hour[10] 2026-02-04T14:00 label=2p showLabel=true isClosest=false
02-04 12:12:41.749 12224 12692 D WeatherWidgetProvider: buildHourDataList: hour[12] 2026-02-04T16:00 label=4p showLabel=true isClosest=false
02-04 12:12:41.749 12224 12692 D WeatherWidgetProvider: buildHourDataList: hour[14] 2026-02-04T18:00 label=6p showLabel=true isClosest=false
02-04 12:12:41.750 12224 12692 D WeatherWidgetProvider: buildHourDataList: hour[16] 2026-02-04T20:00 label=8p showLabel=true isClosest=false
02-04 12:12:41.750 12224 12692 D WeatherWidgetProvider: buildHourDataList: hour[18] 2026-02-04T22:00 label=10p showLabel=true isClosest=false
02-04 12:12:41.750 12224 12692 D WeatherWidgetProvider: buildHourDataList: hour[20] 2026-02-05T00:00 label=12a showLabel=true isClosest=false
02-04 12:12:41.750 12224 12692 D WeatherWidgetProvider: buildHourDataList: hour[22] 2026-02-05T02:00 label=2a showLabel=true isClosest=false
02-04 12:12:41.751 12224 12692 D WeatherWidgetProvider: buildHourDataList: hour[24] 2026-02-05T04:00 label=4a showLabel=true isClosest=false
02-04 12:12:41.751 12224 12692 D WeatherWidgetProvider: buildHourDataList: Built 25 hours, first=2026-02-04T04:00, last=2026-02-05T04:00
02-04 12:12:41.751 12224 12692 D WeatherWidgetProvider: getOptimalBitmapSize: 528dp×180dp → Downscaling from 1600x545px (3406KB) to 812x276px (875KB), scale=0.5079641, rawPixels=872000
02-04 12:12:41.751 12224 12692 D HourlyGraph: Widget: 812px × 276px (267dp × 91dp) | heightScaleFactor=1.0 | baseLabel=9dp, finalLabel=9dp
02-04 12:12:41.752 12224 12692 D HourlyGraph: Font sizes: hourLabel=27.28125px (9.0dp), tempLabel=27.28125px (9.0dp)
02-04 12:12:41.760 12224 12692 I AppWidgetManager: updateAppWidget() appWidgetIds = [232]
02-04 12:12:41.761  2712  5799 I AppWidgetServiceImpl: Null RemoteViews on updateAppWidgetIds
02-04 12:12:41.762 12224 12692 D WeatherWidgetProvider: getWidgetSize: widgetId=231, minWidth=370, minHeight=187 -> cols=6, rows=2
02-04 12:12:41.762 12224 12692 D WeatherWidgetProvider: updateWidgetWithData: widgetId=231, cols=6, rows=2, offset=0, weatherCount=76
02-04 12:12:41.763 12224 12692 D WeatherWidgetProvider: updateWidgetWithData: displaySource='Open-Meteo', displayName='Meteo'
02-04 12:12:41.764 12224 12692 D TemperatureInterpolator: getInterpolatedTemperature: source=Open-Meteo, sourcesInData=[NWS, OPEN_METEO], totalForecasts=98
02-04 12:12:41.764 12224 12692 D TemperatureInterpolator: getInterpolatedTemperature: filteredForecasts=49, sources=[OPEN_METEO]
02-04 12:12:41.764 12224 12692 D TemperatureInterpolator: getInterpolatedTemperature: currentHour=2026-02-04T12:00 found=OPEN_METEO:62.4, nextHour=2026-02-04T13:00 found=OPEN_METEO:66.6
02-04 12:12:41.764 12224 12692 D TemperatureInterpolator: Interpolating: time=12:12, current=62.4@2026-02-04T12:00, next=66.6@2026-02-04T13:00, factor=0.2, result=63.24
02-04 12:12:41.765 12224 12692 D WeatherWidgetProvider: updateWidgetWithData: Using interpolated temp: 63.24 from source Open-Meteo
02-04 12:12:41.769 12224 12692 D WeatherWidgetProvider: setupNavigationButtons: center=2026-02-04, numCols=6, minOffset=-1, maxOffset=4
02-04 12:12:41.769 12224 12692 D WeatherWidgetProvider: setupNavigationButtons: minDate=2026-01-28, maxDate=2026-03-06, newLeftmost=2026-02-02, newRightmost=2026-02-09
02-04 12:12:41.769 12224 12692 D WeatherWidgetProvider: setupNavigationButtons: canLeft=true, canRight=true
02-04 12:12:41.769 12224 12692 D WeatherWidgetProvider: buildDayDataList: numColumns=6, weatherByDate keys=[2026-01-28, 2026-01-29, 2026-01-30, 2026-01-31, 2026-02-01, 2026-02-02, 2026-02-03, 2026-02-04, 2026-02-05, 2026-02-06, 2026-02-07, 2026-02-08, 2026-02-09, 2026-02-10, 2026-02-11, 2026-02-12, 2026-02-13, 2026-02-14, 2026-02-15, 2026-02-16, 2026-02-17, 2026-02-18, 2026-02-19, 2026-02-20, 2026-02-21, 2026-02-22, 2026-02-23, 2026-02-24, 2026-02-25, 2026-02-26, 2026-02-27, 2026-02-28, 2026-03-01, 2026-03-02, 2026-03-03, 2026-03-04, 2026-03-05, 2026-03-06], centerDate=2026-02-04, today=2026-02-04
02-04 12:12:41.769 12224 12692 D WeatherWidgetProvider: buildDayDataList: For 6 columns, showing 6 days with offsets: [-1, 0, 1, 2, 3, 4]
02-04 12:12:41.769 12224 12692 D WeatherWidgetProvider: buildDayDataList: Including 2026-02-03, high=67, low=40, forecasts=2
02-04 12:12:41.769 12224 12692 D WeatherWidgetProvider: buildDayDataList: Including 2026-02-04, high=69, low=40, forecasts=2
02-04 12:12:41.770 12224 12692 D WeatherWidgetProvider: buildDayDataList: Including 2026-02-05, high=68, low=44, forecasts=0
02-04 12:12:41.770 12224 12692 D WeatherWidgetProvider: buildDayDataList: Including 2026-02-06, high=69, low=49, forecasts=0
02-04 12:12:41.770 12224 12692 D WeatherWidgetProvider: buildDayDataList: Including 2026-02-07, high=67, low=53, forecasts=0
02-04 12:12:41.770 12224 12692 D WeatherWidgetProvider: buildDayDataList: Including 2026-02-08, high=66, low=51, forecasts=0
02-04 12:12:41.770 12224 12692 D WeatherWidgetProvider: getOptimalBitmapSize: 388dp×180dp → Downscaling from 1176x545px (2503KB) to 696x322px (875KB), scale=0.59250134, rawPixels=640920
02-04 12:12:41.771 12224 12692 D TemperatureGraph: Widget: 696px × 322px (229dp × 106dp) | heightScaleFactor=1.0 | baseDayLabel=9.5, finalDayLabel=9.5dp
02-04 12:12:41.771 12224 12371 I WM-WorkerWrapper: Worker result SUCCESS for Work [ id=1fd8bc6d-0c62-44c1-9351-5acd22f4f89c, tags={ com.weatherwidget.widget.WeatherWidgetWorker } ]
02-04 12:12:41.771 12224 12692 D TemperatureGraph: Font sizes: dayLabel=28.796875px (9.5dp), tempLabel=25.765625px (8.5dp)
02-04 12:12:41.777 12224 12396 I WM-WorkerWrapper: Worker result SUCCESS for Work [ id=a8849c75-a2d2-45b7-bf6b-381e5b32bd86, tags={ com.weatherwidget.widget.WeatherWidgetWorker } ]
02-04 12:12:41.780 12224 12692 I AppWidgetManager: updateAppWidget() appWidgetIds = [231]
02-04 12:12:41.780 12224 12396 I WM-WorkerWrapper: Worker result SUCCESS for Work [ id=287c461e-1311-45cf-8aa3-dfd2b5ac4cbd, tags={ com.weatherwidget.widget.WeatherWidgetWorker } ]
02-04 12:12:41.781  2712  5799 I AppWidgetServiceImpl: Null RemoteViews on updateAppWidgetIds
02-04 12:12:41.782 12224 12692 D WeatherWidgetProvider: getWidgetSize: widgetId=230, minWidth=574, minHeight=187 -> cols=8, rows=2
02-04 12:12:41.782 12224 12692 D WeatherWidgetProvider: updateWidgetWithHourlyData: widgetId=230, cols=8, rows=2, hourlyCount=98
02-04 12:12:41.784 12224 12396 I WM-WorkerWrapper: Worker result SUCCESS for Work [ id=7beafcbc-53cd-4455-a4a3-24935462a9b4, tags={ com.weatherwidget.widget.WeatherWidgetWorker } ]
02-04 12:12:41.784 12224 12692 D TemperatureInterpolator: getInterpolatedTemperature: source=NWS, sourcesInData=[NWS, OPEN_METEO], totalForecasts=98
02-04 12:12:41.785 12224 12692 D TemperatureInterpolator: getInterpolatedTemperature: filteredForecasts=49, sources=[NWS]
02-04 12:12:41.785 12224 12692 D TemperatureInterpolator: getInterpolatedTemperature: currentHour=2026-02-04T12:00 found=NWS:65.0, nextHour=2026-02-04T13:00 found=NWS:69.0
02-04 12:12:41.785 12224 12692 D TemperatureInterpolator: Interpolating: time=12:12, current=65.0@2026-02-04T12:00, next=69.0@2026-02-04T13:00, factor=0.2, result=65.8
02-04 12:12:41.786 12224 12692 D WeatherWidgetProvider: buildHourDataList: now=2026-02-04T12:12:41.785742, centerTime=2026-02-04T12:12:41.781490, alignedCenter=2026-02-04T12:00
02-04 12:12:41.786 12224 12692 D WeatherWidgetProvider: buildHourDataList: startHour=2026-02-04T04:00, endHour=2026-02-05T04:00 (4:00 to 4:00)
02-04 12:12:41.786 12224 12692 D WeatherWidgetProvider: buildHourDataList: forecastsByTime has 49 entries, labelInterval=2
02-04 12:12:41.786 12224 12692 D WeatherWidgetProvider: buildHourDataList: forecastsByTime keys=[2026-02-03T12:00, 2026-02-03T13:00, 2026-02-03T14:00, 2026-02-03T15:00, 2026-02-03T16:00, 2026-02-03T17:00, 2026-02-03T18:00, 2026-02-03T19:00, 2026-02-03T20:00, 2026-02-03T21:00, 2026-02-03T22:00, 2026-02-03T23:00, 2026-02-04T00:00, 2026-02-04T01:00, 2026-02-04T02:00, 2026-02-04T03:00, 2026-02-04T04:00, 2026-02-04T05:00, 2026-02-04T06:00, 2026-02-04T07:00, 2026-02-04T08:00, 2026-02-04T09:00, 2026-02-04T10:00, 2026-02-04T11:00, 2026-02-04T12:00, 2026-02-04T13:00, 2026-02-04T14:00, 2026-02-04T15:00, 2026-02-04T16:00, 2026-02-04T17:00, 2026-02-04T18:00, 2026-02-04T19:00, 2026-02-04T20:00, 2026-02-04T21:00, 2026-02-04T22:00, 2026-02-04T23:00, 2026-02-05T00:00, 2026-02-05T01:00, 2026-02-05T02:00, 2026-02-05T03:00, 2026-02-05T04:00, 2026-02-05T05:00, 2026-02-05T06:00, 2026-02-05T07:00, 2026-02-05T08:00, 2026-02-05T09:00, 2026-02-05T10:00, 2026-02-05T11:00, 2026-02-05T12:00]
02-04 12:12:41.786 12224 12692 D WeatherWidgetProvider: buildHourDataList: hour[0] 2026-02-04T04:00 label=4a showLabel=true isClosest=false
02-04 12:12:41.786 12224 12692 D WeatherWidgetProvider: buildHourDataList: hour[2] 2026-02-04T06:00 label=6a showLabel=true isClosest=false
02-04 12:12:41.787 12224 12692 D WeatherWidgetProvider: buildHourDataList: hour[4] 2026-02-04T08:00 label=8a showLabel=true isClosest=false
02-04 12:12:41.787 12224 12692 D WeatherWidgetProvider: buildHourDataList: hour[6] 2026-02-04T10:00 label=10a showLabel=true isClosest=false
02-04 12:12:41.787 12224 12692 D WeatherWidgetProvider: buildHourDataList: hour[8] 2026-02-04T12:00 label=12p showLabel=true isClosest=true
02-04 12:12:41.787 12224 12692 D WeatherWidgetProvider: buildHourDataList: hour[10] 2026-02-04T14:00 label=2p showLabel=true isClosest=false
02-04 12:12:41.788 12224 12692 D WeatherWidgetProvider: buildHourDataList: hour[12] 2026-02-04T16:00 label=4p showLabel=true isClosest=false
02-04 12:12:41.788 12224 12692 D WeatherWidgetProvider: buildHourDataList: hour[14] 2026-02-04T18:00 label=6p showLabel=true isClosest=false
02-04 12:12:41.788 12224 12692 D WeatherWidgetProvider: buildHourDataList: hour[16] 2026-02-04T20:00 label=8p showLabel=true isClosest=false
02-04 12:12:41.788 12224 12692 D WeatherWidgetProvider: buildHourDataList: hour[18] 2026-02-04T22:00 label=10p showLabel=true isClosest=false
02-04 12:12:41.789 12224 12692 D WeatherWidgetProvider: buildHourDataList: hour[20] 2026-02-05T00:00 label=12a showLabel=true isClosest=false
02-04 12:12:41.789 12224 12692 D WeatherWidgetProvider: buildHourDataList: hour[22] 2026-02-05T02:00 label=2a showLabel=true isClosest=false
02-04 12:12:41.789 12224 12692 D WeatherWidgetProvider: buildHourDataList: hour[24] 2026-02-05T04:00 label=4a showLabel=true isClosest=false
02-04 12:12:41.789 12224 12692 D WeatherWidgetProvider: buildHourDataList: Built 25 hours, first=2026-02-04T04:00, last=2026-02-05T04:00
02-04 12:12:41.790 12224 12692 D WeatherWidgetProvider: getOptimalBitmapSize: 528dp×180dp → Downscaling from 1600x545px (3406KB) to 812x276px (875KB), scale=0.5079641, rawPixels=872000
02-04 12:12:41.790  2712  4354 I ActivityManager: Changes in 10462 8 to 10, 128 to 0
02-04 12:12:41.790 12224 12692 D HourlyGraph: Widget: 812px × 276px (267dp × 91dp) | heightScaleFactor=1.0 | baseLabel=9dp, finalLabel=9dp
02-04 12:12:41.790 12224 12692 D HourlyGraph: Font sizes: hourLabel=27.28125px (9.0dp), tempLabel=27.28125px (9.0dp)
02-04 12:12:41.799 12224 12692 I AppWidgetManager: updateAppWidget() appWidgetIds = [230]
02-04 12:12:41.801  2712  4354 I AppWidgetServiceImpl: Null RemoteViews on updateAppWidgetIds
02-04 12:12:41.806 12224 12692 D UIUpdateScheduler: Scheduling next UI update in 7 minutes (tempDiff=4, nextUpdate=2026-02-04T12:20)
02-04 12:12:41.812 12224 12692 D UIUpdateScheduler: UI update alarm scheduled for 438 seconds from now
02-04 12:12:41.877 12224 12396 I WM-WorkerWrapper: Worker result SUCCESS for Work [ id=5e49a386-be26-4cd2-a517-28b5e2bf46a5, tags={ com.weatherwidget.widget.WeatherWidgetWorker } ]
02-04 12:12:41.941  1989  1995 E HeatmapThread: ECT Thread time in milliseconds: 1770235961
02-04 12:12:41.941  1989  1995 D HeatmapThread: !@ batteryplugType : 0
02-04 12:12:41.941  1989  1995 D HeatmapThread: !@ batteryLevel : 0  batteryTemperature : 0 
02-04 12:12:41.941  1989  1995 D HeatmapThread: !@ Heatmap currtime: 29503932
02-04 12:12:41.941  1989  1995 D HeatmapThread: !@ Heatmap prevtime: 29503903
02-04 12:12:41.941  1989  1995 D HeatmapThread: !@ Heatmap plugstarttime: 35791394
02-04 12:12:41.941  1989  1995 D HeatmapThread: !@ Heatmap prevv_dsoh_update_time: 29503753
02-04 12:12:41.941  1989  1995 E HeatmapThread: !@Could not open '/efs/FactoryApp/bsoh', errno = 13
02-04 12:12:41.941  1989  1995 E HeatmapThread: !@ CAM Could not access BSOH EFS
02-04 12:12:41.941  1989  1995 E HeatmapThread: !@ CAM New BSOH: 0
02-04 12:12:41.986 12224 12396 I WM-WorkerWrapper: Worker result SUCCESS for Work [ id=a25a1fd8-a3ad-45ac-9e7c-6d40ff0162ad, tags={ com.weatherwidget.widget.WeatherWidgetWorker } ]
02-04 12:12:42.036 12224 12396 D ConnectivityManager: StackLog: [android.net.ConnectivityManager.unregisterNetworkCallback(ConnectivityManager.java:5571)] [androidx.work.impl.utils.NetworkApi21.unregisterNetworkCallbackCompat(NetworkApi21.kt:31)] [androidx.work.impl.constraints.trackers.NetworkStateTracker24.stopTracking(NetworkStateTracker.kt:153)] [androidx.work.impl.constraints.trackers.ConstraintTracker.removeListener(ConstraintTracker.kt:72)] [androidx.work.impl.constraints.controllers.ConstraintController$track$1$1.invoke(ContraintControllers.kt:56)] [androidx.work.impl.constraints.controllers.ConstraintController$track$1$1.invoke(ContraintControllers.kt:55)] [kotlinx.coroutines.channels.ProduceKt.awaitClose(Produce.kt:54)] [kotlinx.coroutines.channels.ProduceKt$awaitClose$1.invokeSuspend(Unknown Source:13)] [kotlin.coroutines.jvm.internal.BaseContinuationImpl.resumeWith(ContinuationImpl.kt:33)] [kotlinx.coroutines.DispatchedTask.run(DispatchedTask.kt:106)] [androidx.work.impl.utils.SerialExecutorImpl$Task.run(SerialExecutorImpl.java:96)] [java.util.concurrent.ThreadPoolExecutor.runWorker(ThreadPoolExecutor.java:1156)] [java.util.concurrent.ThreadPoolExecutor$Worker.run(ThreadPoolExecutor.java:651)] [java.lang.Thread.run(Thread.java:1119)]
02-04 12:12:42.037  2712  3838 D ConnectivityService:  Removing from current network [100 WIFI], leaving 220 requests.
