02-04 12:10:42.463 17320 22542 V GhpNative:   ---> ProtoValue: '[PII](Cjx0eXBlLmdvb2dsZWFwaXMuY29tL2hvbWUuaW50ZXJuYWwudHJhaXRzLlN1cHBvcnRlZFR5cGVzVHJhaXQSWhInaG9tZS5pbnRlcm5hbC50cmFpdHMuQmFja2VuZFN0YXR1c1RyYWl0Gi8KJ2hvbWUuaW50ZXJuYWwudHJhaXRzLkJhY2tlbmRTdGF0dXNUcmFpdBIECAEQAQ==)'
02-04 12:10:42.464 17320 22542 V GhpNative: I0000 00:00:1770235842.464117   22542 subscription_manager_impl.cc:774] Notifying object on sub@f9765b50 for [PII](expiration@internal) with traits: home.internal.traits.BackendStatusTrait, home.internal.traits.SupportedTypesTrait
02-04 12:10:42.464 17320 22542 V GhpNative: with SupportedTypesTrait: [PII](Eidob21lLmludGVybmFsLnRyYWl0cy5CYWNrZW5kU3RhdHVzVHJhaXQaLwonaG9tZS5pbnRlcm5hbC50cmFpdHMuQmFja2VuZFN0YXR1c1RyYWl0EgQIARAB)
02-04 12:10:42.464 17320 22542 V GhpNative: I0000 00:00:1770235842.464298   22542 subscription_manager_impl.cc:774] Notifying object on sub@2197d846 for [PII](expiration@internal) with traits: home.internal.traits.BackendStatusTrait, home.internal.traits.SupportedTypesTrait
02-04 12:10:42.464 17320 22542 V GhpNative: with SupportedTypesTrait: [PII](Eidob21lLmludGVybmFsLnRyYWl0cy5CYWNrZW5kU3RhdHVzVHJhaXQaLwonaG9tZS5pbnRlcm5hbC50cmFpdHMuQmFja2VuZFN0YXR1c1RyYWl0EgQIARAB)
02-04 12:10:42.464 17320 22542 V GhpNative: I0000 00:00:1770235842.464436   22542 subscription_manager_impl.cc:774] Notifying object on sub@e2c7bcec for [PII](expiration@internal) with traits: home.internal.traits.BackendStatusTrait
02-04 12:10:42.464 17320 22542 V GhpNative: with SupportedTypesTrait: [PII](Eidob21lLmludGVybmFsLnRyYWl0cy5CYWNrZW5kU3RhdHVzVHJhaXQ=)
02-04 12:10:42.464 17320 22542 V GhpNative: I0000 00:00:1770235842.464831   22542 subscription_manager_impl.cc:697] Got object update:
02-04 12:10:42.464 17320 22542 V GhpNative: == Object [PII](shadow_cache@core_data_expiration) ==
02-04 12:10:42.464 17320 22542 V GhpNative:   -> Trait: 'home.internal.traits.SupportedTypesTrait'
02-04 12:10:42.464 17320 22542 V GhpNative:   ---> ProtoValue: '[PII](Cjx0eXBlLmdvb2dsZWFwaXMuY29tL2hvbWUuaW50ZXJuYWwudHJhaXRzLlN1cHBvcnRlZFR5cGVzVHJhaXQSSAofaG9tZS5pbnRlcm5hbC50eXBlcy5TaGFkb3dDYWNoZRIlaG9tZS5pbnRlcm5hbC50cmFpdHMuU2hhZG93Q2FjaGVUcmFpdA==)'
02-04 12:10:42.464 17320 22542 V GhpNative:   -> Trait: 'home.internal.traits.ShadowCacheTrait'
02-04 12:10:42.464 17320 22542 V GhpNative:   ---> ProtoValue: '[PII](Cjl0eXBlLmdvb2dsZWFwaXMuY29tL2hvbWUuaW50ZXJuYWwudHJhaXRzLlNoYWRvd0NhY2hlVHJhaXQScApuEmwKE2V4cGlyYXRpb25AaW50ZXJuYWwSKQonaG9tZS5pbnRlcm5hbC50cmFpdHMuQmFja2VuZFN0YXR1c1RyYWl0EioKKGhvbWUuaW50ZXJuYWwudHJhaXRzLlN1cHBvcnRlZFR5cGVzVHJhaXQ=)'
02-04 12:10:42.466 17320 22542 V GhpNative: I0000 00:00:1770235842.465971   22542 subscription_manager_impl.cc:774] Notifying object on sub@f9765b50 for [PII](shadow_cache@core_data_expiration) with traits: home.internal.traits.SupportedTypesTrait, home.internal.traits.ShadowCacheTrait
02-04 12:10:42.466 17320 22542 V GhpNative: with SupportedTypesTrait: [PII](Ch9ob21lLmludGVybmFsLnR5cGVzLlNoYWRvd0NhY2hlEiVob21lLmludGVybmFsLnRyYWl0cy5TaGFkb3dDYWNoZVRyYWl0)
02-04 12:10:42.466 17320 22542 V GhpNative: I0000 00:00:1770235842.466101   22542 subscription_manager_impl.cc:774] Notifying object on sub@2197d846 for [PII](shadow_cache@core_data_expiration) with traits: home.internal.traits.SupportedTypesTrait, home.internal.traits.ShadowCacheTrait
02-04 12:10:42.466 17320 22542 V GhpNative: with SupportedTypesTrait: [PII](Ch9ob21lLmludGVybmFsLnR5cGVzLlNoYWRvd0NhY2hlEiVob21lLmludGVybmFsLnRyYWl0cy5TaGFkb3dDYWNoZVRyYWl0)
02-04 12:10:43.100 17320 17331 W System  : A resource failed to call close. 
02-04 12:10:45.667  2472  3521 D ImpulseConnection: timeout didn't happen: com.google.android.apps.turbo
02-04 12:10:45.686  2472  2608 D TemperatureStateSource: sequence=47451 actualDelay=10002
02-04 12:10:45.690  2472  2608 D TemperatureStateSource: Reading temperature: sequence=47452
02-04 12:10:45.700  1692  1692 I pixel-thermal: VIRTUAL-SKIN:25.9429 raw data: VIRTUAL-GNSS-DISP:25942.9 VIRTUAL-NEUTRAL-QUIET:25271.8 VIRTUAL-QUIET-USB2:24437.2 VIRTUAL-SKIN:25942.9 VIRTUAL-USB2-QUIET:23587.1 disp_therm:24621 gnss_tcxo_therm:27676 neutral_therm:25769 quiet_therm:25698 usb_pwr_therm2:25090 
02-04 12:10:45.702  2472  2608 D TemperatureStateSource: getDeviceTemperatures: sequence=47452 deviceTemperatureType=3 temperatureSource=0 temperatures=[25.9429]
02-04 12:10:45.703  2472  2608 D BusinessScope: Enqueuing the block
02-04 12:10:45.703  2472  2608 D TemperatureStateSource: sequence=47452 waitTime=10000
02-04 12:10:45.704  2472  2608 D BusinessScope: Start running the #96380 block
02-04 12:10:45.711  1692  1692 I pixel-thermal: VIRTUAL-SKIN:25.9429 raw data: VIRTUAL-SKIN:25942.9 
02-04 12:10:45.712  2472  2608 I TemperatureStateSource: temperature was set
02-04 12:10:45.712  2472  2608 D BusinessScope: Enqueuing the block
02-04 12:10:45.713  2472  2608 D ImpulseStateSource: Notify clients: 48183
02-04 12:10:45.713  2472  2608 D BusinessScope: Finish running the #96380 block
02-04 12:10:45.714  2472  2608 D BusinessScope: Start running the #96381 block
02-04 12:10:45.715  2472  2606 D BusinessScope: Finish running the #96381 block
02-04 12:10:45.742 28868 23932 W Turbo.DeviceHealthLeversManagerImpl: applyLeversWithMaintenanceWindow: ignore the same request
02-04 12:10:49.288  2306  2306 D FingerprintManager: Cancel fingerprint authentication requested for: 172
02-04 12:10:49.293  1694  2212 D BiometricScheduler: cancelAuthenticationOrDetection, requestId: 172
02-04 12:10:49.293  1694  2212 D BiometricScheduler: Cancelling auth/detect op: {[528] com.android.server.biometrics.sensors.fingerprint.aidl.FingerprintAuthenticationClient, proto=3, owner=com.android.systemui, cookie=0, requestId=172, userId=0}, State: 2
02-04 12:10:49.293  1694  2212 D BiometricSchedulerOperation: [Cancelling] Current client: {[528] com.android.server.biometrics.sensors.fingerprint.aidl.FingerprintAuthenticationClient, proto=3, owner=com.android.systemui, cookie=0, requestId=172, userId=0}
02-04 12:10:49.294  2306  2306 D BiometricsRepositoryImpl: currentUser authFlags changed, new value: AuthenticationFlags(userId=0, flag=16)
02-04 12:10:49.295  2306  2306 D BiometricsRepositoryImpl: currentUser authFlags changed, new value: AuthenticationFlags(userId=0, flag=16)
02-04 12:10:49.296  2306  2306 D BiometricsRepositoryImpl: currentUser authFlags changed, new value: AuthenticationFlags(userId=0, flag=16)
02-04 12:10:49.296  2306  2306 D BiometricsRepositoryImpl: currentUser authFlags changed, new value: AuthenticationFlags(userId=0, flag=16)
02-04 12:10:49.296  2306  2357 D BiometricsRepositoryImpl: currentUser authFlags changed, new value: AuthenticationFlags(userId=0, flag=16)
02-04 12:10:49.296  2306  2306 D BiometricsRepositoryImpl: currentUser authFlags changed, new value: AuthenticationFlags(userId=0, flag=16)
02-04 12:10:49.297 18262 18262 I TrustAgent: onUnbind() set internal trust state to false [CONTEXT service_id=84 ]
02-04 12:10:49.297  2306 20739 D BiometricStatusRepositoryImpl: authenticationState updated: Stopped(biometricSourceType=FINGERPRINT, requestReason=NotRunning)
02-04 12:10:49.297  2306  2357 D BiometricsRepositoryImpl: currentUser authFlags changed, new value: AuthenticationFlags(userId=0, flag=16)
02-04 12:10:49.297  2306  2306 D BiometricsRepositoryImpl: currentUser authFlags changed, new value: AuthenticationFlags(userId=0, flag=16)
02-04 12:10:49.297  2306  2306 D BiometricsRepositoryImpl: currentUser authFlags changed, new value: AuthenticationFlags(userId=0, flag=16)
02-04 12:10:49.297  2306  2306 D BiometricsRepositoryImpl: onStrongAuthRequiredChanged for userId: 0, flag value: 16
02-04 12:10:49.297  1305  1305 I FingerprintCancellationSignal: cancel
02-04 12:10:49.297  2306  2353 D BiometricsRepositoryImpl: currentUser authFlags changed, new value: AuthenticationFlags(userId=0, flag=16)
02-04 12:10:49.298  1305  1305 D FingerprintHal: fingerprint cancel
02-04 12:10:49.298  2306  2306 W UdfpsDisplayMode: disable | already disabled
02-04 12:10:49.298  2306  2306 D UdfpsControllerOverlay: hideUdfpsControllerOverlay wasShowing=true
02-04 12:10:49.298  2306  2306 W UdfpsDisplayMode: disable | already disabled
02-04 12:10:49.299  2306  2357 D BiometricsRepositoryImpl: currentUser authFlags changed, new value: AuthenticationFlags(userId=0, flag=16)
02-04 12:10:49.300  2306  2306 D BiometricsRepositoryImpl: currentUser authFlags changed, new value: AuthenticationFlags(userId=0, flag=16)
02-04 12:10:49.300  2306  2306 D BiometricsRepositoryImpl: currentUser authFlags changed, new value: AuthenticationFlags(userId=0, flag=16)
02-04 12:10:49.300  2306  2306 D BiometricsRepositoryImpl: currentUser authFlags changed, new value: AuthenticationFlags(userId=0, flag=16)
02-04 12:10:49.300  2306  2306 D BiometricsRepositoryImpl: currentUser authFlags changed, new value: AuthenticationFlags(userId=0, flag=16)
02-04 12:10:49.300  1305  1305 D FpStateTracker: UpdateState: state_:0x0
02-04 12:10:49.300  1305  1305 D FingerState: Set: ignore redundant finger up
02-04 12:10:49.300  2306  2306 D BiometricsRepositoryImpl: currentUser authFlags changed, new value: AuthenticationFlags(userId=0, flag=16)
02-04 12:10:49.300  2306  2306 D BiometricsRepositoryImpl: currentUser authFlags changed, new value: AuthenticationFlags(userId=0, flag=16)
02-04 12:10:49.300  2306  2306 D BiometricsRepositoryImpl: currentUser authFlags changed, new value: AuthenticationFlags(userId=0, flag=16)
02-04 12:10:49.302  1031  1648 D usf_sensor_hal: ambient light: Enter Activate. Enable = 0.
02-04 12:10:49.304  1302  1302 D AOC     : A3:MSG: usf_sensor.cc, 1713: USF: Received stop sampling request for TMD3719 Ambient Light (active:2).
02-04 12:10:49.306  1031  1678 I sensor-suez: Vendor atom [id = 100242] reported.
02-04 12:10:49.306  1031  1678 I sensor-suez: Vendor atom [id = 100243] reported.
02-04 12:10:49.306  1305  1305 E [GF_HAL][FingerprintCore]: [notifyErrorInfo] err code : 5.
02-04 12:10:49.306  1305  1305 E FingerprintHal: [notify] data.error:5, onError(5, 0)
02-04 12:10:49.308  1694  2212 I AuthenticationPolicyService: AuthenticationStateListener#onAuthenticationError
02-04 12:10:49.309  1694  2212 D AcquisitionClient: onErrorInternal code: 5, finish: true
02-04 12:10:49.309  2306 20739 D BiometricStatusRepositoryImpl: authenticationState updated: Error(biometricSourceType=FINGERPRINT, errString=Fingerprint operation canceled, errCode=5, requestReason=DeviceEntryAuthentication)
02-04 12:10:49.309  1694  2212 D BiometricLogger: Error! Modality: fingerprint, latency: -1
02-04 12:10:49.309  1694  2212 W BiometricFrameworkStatsLogger: found a negative latency : -1
02-04 12:10:49.311  1694  2212 D BiometricStateCallback: Client finished, state updated to 0, client {[528] com.android.server.biometrics.sensors.fingerprint.aidl.FingerprintAuthenticationClient, proto=3, owner=com.android.systemui, cookie=0, requestId=172, userId=0}
02-04 12:10:49.312  1694  2212 D BiometricSchedulerOperation: [Finished / destroy]: {[528] com.android.server.biometrics.sensors.fingerprint.aidl.FingerprintAuthenticationClient, proto=3, owner=com.android.systemui, cookie=0, requestId=172, userId=0}
02-04 12:10:49.313  1694  2212 D BiometricScheduler: [Finishing] {[528] com.android.server.biometrics.sensors.fingerprint.aidl.FingerprintAuthenticationClient, proto=3, owner=com.android.systemui, cookie=0, requestId=172, userId=0}, success: false
02-04 12:10:49.313  1694  2212 D GestureAvailabilityTracker: Notifying gesture availability, active=true
02-04 12:10:49.313  1694  2212 D BiometricScheduler: No operations, returning to idle
02-04 12:10:49.315  2306  2980 D BiometricStatusRepositoryImpl: authenticationState updated: Stopped(biometricSourceType=FINGERPRINT, requestReason=NotRunning)
02-04 12:10:49.318  2306  2306 D UdfpsTouchOverlayBinder: [com.android.systemui.biometrics.ui.view.UdfpsTouchOverlay{805a6a0 V.E...... ........ 0,0-1080,2340 #7f0a099a app:id/udfps_touch_overlay}-detached]: update shouldHandleTouches=false
02-04 12:10:49.319  1305  1305 I FingerprintSession: setIgnoreDisplayTouches 1
02-04 12:10:49.319  1694  2212 D FingerprintProvider/default: setIgnoreDisplayTouches set to true
02-04 12:10:49.322 18262 18262 D BoundBrokerSvc: onUnbind: Intent { act=com.google.android.gms.trustlet.bluetooth.service.BIND xflg=0x4 pkg=com.google.android.gms }
02-04 12:10:49.323  2306  2306 D DeviceEntryIconViewBinder: Updating device entry icon image state ForegroundIconViewModel(type=LOCK, useAodVariant=true, tint=-1, padding=45)
02-04 12:10:49.331 18262 18262 W TrustAgent: Ignoring trustlet Bluetooth's attempt to change its trust state to the current state which is false. [CONTEXT service_id=84 ]
02-04 12:10:49.332 18262 18262 D BoundBrokerSvc: onUnbind: Intent { act=com.google.android.gms.trustlet.onbody.service.BIND xflg=0x4 pkg=com.google.android.gms }
02-04 12:10:49.335 18262 18262 D BoundBrokerSvc: onUnbind: Intent { act=com.google.android.gms.trustlet.place.service.BIND xflg=0x4 pkg=com.google.android.gms }
02-04 12:10:49.335 18262 18262 W TrustAgent: Ignoring trustlet Place's attempt to change its trust state to the current state which is false. [CONTEXT service_id=84 ]
02-04 12:10:49.335 18262 18262 I Trustlet_Place: [PlaceTrustletChimeraService] destroyTrustlet, unregister listener [CONTEXT service_id=295 ]
02-04 12:10:49.337 18262 18262 I ActiveUnlock: ActiveUnlockTrustAgentChimeraService onDestroy [CONTEXT service_id=327 ]
02-04 12:10:49.340 18262 18262 I ActiveUnlock: (REDACTED) Unregistering BluetoothReceiver: %s
02-04 12:10:49.343 18262 18262 I ActiveUnlock_FeatureEna: (REDACTED) enableSetupEnhancements: %b isUwbSupported: %b hash: %s
02-04 12:10:49.343 18262 18262 I ActiveUnlock_FeatureEna: (REDACTED) enableSetupEnhancements: %b isUwbSupported: %b hash: %s
02-04 12:10:49.349  2306  2438 D Bubbles : handleKeyguardOrDreamChange isUnlockedShade=false keyguardShowing=true dreamingOrInPreview=true
02-04 12:10:49.349  2306  2327 D Bubbles : BubbleController.onStatusBarStateChanged() isShade=false didChange=false mNotifEntryToExpandOnShadeUnlock=null
02-04 12:10:49.352  2306  2438 D Bubbles : handleKeyguardOrDreamChange isUnlockedShade=false keyguardShowing=true dreamingOrInPreview=true
02-04 12:10:49.353  2306  2327 D Bubbles : BubbleController.onStatusBarStateChanged() isShade=false didChange=false mNotifEntryToExpandOnShadeUnlock=null
02-04 12:10:49.356  2306  2438 D Bubbles : handleKeyguardOrDreamChange isUnlockedShade=false keyguardShowing=true dreamingOrInPreview=true
02-04 12:10:49.356  2306  2327 D Bubbles : BubbleController.onStatusBarStateChanged() isShade=false didChange=false mNotifEntryToExpandOnShadeUnlock=null
02-04 12:10:49.359  2306  2438 D Bubbles : handleKeyguardOrDreamChange isUnlockedShade=false keyguardShowing=true dreamingOrInPreview=true
02-04 12:10:49.359  2306  2327 D Bubbles : BubbleController.onStatusBarStateChanged() isShade=false didChange=false mNotifEntryToExpandOnShadeUnlock=null
02-04 12:10:49.361  2306  2438 D Bubbles : handleKeyguardOrDreamChange isUnlockedShade=false keyguardShowing=true dreamingOrInPreview=true
02-04 12:10:49.361  2306  2327 D Bubbles : BubbleController.onStatusBarStateChanged() isShade=false didChange=false mNotifEntryToExpandOnShadeUnlock=null
02-04 12:10:49.364  2306  2438 D Bubbles : handleKeyguardOrDreamChange isUnlockedShade=false keyguardShowing=true dreamingOrInPreview=true
02-04 12:10:49.364  2306  2327 D Bubbles : BubbleController.onStatusBarStateChanged() isShade=false didChange=false mNotifEntryToExpandOnShadeUnlock=null
02-04 12:10:50.593 17320 22542 I GhpNative: I0000 00:00:1770235850.593330   22542 cloud_client_backend.cc:1506] #GHP #cloudBE Subscribing to cloud with label: ghp-controller
02-04 12:10:50.598 17320 22542 V GhpNative: I0000 00:00:1770235850.597676   22542 core_manager_impl.cc:1830] Transaction 135 on meshinteractioncloudclient
02-04 12:10:50.598 17320 22542 V GhpNative: == SendCommandsRequest ==
02-04 12:10:50.598 17320 22542 V GhpNative: [0]: == Object [PII](meshinteractiondriver@channel) ==
02-04 12:10:50.598 17320 22542 V GhpNative:   -> Trait: 'home.internal.traits.MeshInteractionDriverTrait.RegisterTraitSubscriberCommand'
02-04 12:10:50.598 17320 22542 V GhpNative:   ---> ProtoValue: '[PII](CmJ0eXBlLmdvb2dsZWFwaXMuY29tL2hvbWUuaW50ZXJuYWwudHJhaXRzLk1lc2hJbnRlcmFjdGlvbkRyaXZlclRyYWl0LlJlZ2lzdGVyVHJhaXRTdWJzY3JpYmVyQ29tbWFuZBKGBQpCCigKJGM0N2UyOGRiLTJlN2ItODhjOS1iZDE1LTNiMTcyMWRhNzI0MxACEhYaFBISCAgyDmdocC1jb250cm9sbGVyEhUxMDYxNjA3MTk2MzU0NTYyNjYwMTAaG21lc2hpbnRlcmFjdGlvbmNsaWVudEBjbG91ZCKLBHlhMjkubS5DcUFDQVRhSThTMTc0LWdhMkVqM0VjbXdjUC1yb1FnUkFrNWNGYmwyb3RrOUswYWVrZjhuODdVXy1lQW1QU0FKeEhVaDl5aGYzbHNpSWd4WEtaUmlJVlhSR1ZXTXZSdENpdHUtY3g5Z1M5Wm9RUFJOOXJsdmRObGt2d0tDLVRwR1NEMmJJMktpVHRqM2pPOVdIYklzLVZRNmN5WjJkVUgyZ294d1BnWE9rRmJzU3ZJZ3pGdFl5eENhRUMzcUZwYVcxY1JnWmlnMVdKcjROdHQ0TnNsaFJBVWZDVVZRQnlScFRHaGNTN3JJYjREek15N1pnRkNKaUVQNHNVcnBIVWtkSkNyVHQyaTdzcXB0UTB2emlBWWVhbGF6UllmZE5aU1hWUmdyTkNJejJYZUhoandOUEQwOHpETjRRazFReXduTWdNU2w1bFF1TENPdkFPTzlSUTVYY3h5WTRBek5KcllrTE85RE16SXdWMEZ2ZE1MQmprdDBwMzkwVC16d09ybTNSRGQtRWdrSUFSSURFTXdjR0FBYUlOLWtLZ1pfTHRGLXQ2QXE2Zmg0UURCOEtqcE95NzNrNnUzd0cwTHBhclZRSWdJSUFTb3JZVU5uV1V0QlZGVlRRVkpCVTBaUlNFZFlNazFwVTFGcVdVTkpVR1Z2TWtVMFV6a3pRVXRtYTE5dFp6QUE=)'
02-04 12:10:50.744 17320 22542 I RpcRunner: (REDACTED) Retrieving ClientContext and token for %s.
02-04 12:10:50.745 17320 22542 I RpcRunner: (REDACTED) Executing RPC %s
02-04 12:10:50.798 17320 22542 I RpcRunner: (REDACTED) RPC %s completed successfully.
02-04 12:10:50.808 17320 22542 V GhpNative: I0000 00:00:1770235850.807414   22542 core_manager_impl.cc:429] Transaction 135 on meshinteractioncloudclient
02-04 12:10:50.808 17320 22542 V GhpNative: == SendCommandsResponse ==
02-04 12:10:50.808 17320 22542 V GhpNative:   -> Object[0]: '[PII](meshinteractiondriver@channel)'
02-04 12:10:50.808 17320 22542 V GhpNative:   ---> Command Response Type ID: 'home.internal.traits.MeshInteractionDriverTrait.RegisterTraitSubscriberCommandResponse'
02-04 12:10:50.808 17320 22542 V GhpNative:   ---> Response Value: '[PII](proto:CgMxNDY=)'
02-04 12:10:50.808 17320 22542 V GhpNative:   ---> Response ProtoValue: '[PII](Cmp0eXBlLmdvb2dsZWFwaXMuY29tL2hvbWUuaW50ZXJuYWwudHJhaXRzLk1lc2hJbnRlcmFjdGlvbkRyaXZlclRyYWl0LlJlZ2lzdGVyVHJhaXRTdWJzY3JpYmVyQ29tbWFuZFJlc3BvbnNlEgUKAzE0Ng==)'
02-04 12:10:50.817 17320 22542 I GhpNative: I0000 00:00:1770235850.817562   22542 cloud_client_backend.cc:1565] [PII] Subscribed to cloud with app_id: AndroidAlias:com.google.android.apps.chromecast.app:+EVrHZmGrPnOIftFCw0yuJXzaIU= and structure_id: c47e28db-2e7b-88c9-bd15-3b1721da7243
02-04 12:10:50.820 17320 22542 V GhpNative: I0000 00:00:1770235850.819670   22542 object_cache_impl.cc:658] Got update notification from cloudclient.internal on cloudclient.sub@00000000(omit_storage=true):
02-04 12:10:50.820 17320 22542 V GhpNative: == Object [PII](cloud_connectivity@com.google.android.apps.chromecast.app.+EVrHZmGrPnOIftFCw0yuJXzaIU=.c47e28db-2e7b-88c9-bd15-3b1721da7243) ==
02-04 12:10:50.820 17320 22542 V GhpNative:   -> Trait: 'home.internal.traits.CloudConnectionStateTrait'
02-04 12:10:50.820 17320 22542 V GhpNative:   ---> ProtoValue: '[PII](CkJ0eXBlLmdvb2dsZWFwaXMuY29tL2hvbWUuaW50ZXJuYWwudHJhaXRzLkNsb3VkQ29ubmVjdGlvblN0YXRlVHJhaXQSNQgCEiRjNDdlMjhkYi0yZTdiLTg4YzktYmQxNS0zYjE3MjFkYTcyNDMaC2Nsb3VkY2xpZW50)'
02-04 12:10:50.820 17320 22542 V GhpNative:   -> Trait: 'home.internal.traits.SupportedTypesTrait'
02-04 12:10:50.820 17320 22542 V GhpNative:   ---> ProtoValue: '[PII](Cjx0eXBlLmdvb2dsZWFwaXMuY29tL2hvbWUuaW50ZXJuYWwudHJhaXRzLlN1cHBvcnRlZFR5cGVzVHJhaXQSVwolaG9tZS5pbnRlcm5hbC50eXBlcy5DbG91ZENvbm5lY3Rpdml0eRIuaG9tZS5pbnRlcm5hbC50cmFpdHMuQ2xvdWRDb25uZWN0aW9uU3RhdGVUcmFpdA==)'
02-04 12:10:50.822 17320 22542 V GhpNative: I0000 00:00:1770235850.821864   22542 subscription_manager_impl.cc:697] Got object update:
02-04 12:10:50.822 17320 22542 V GhpNative: == Object [PII](cloud_connectivity@com.google.android.apps.chromecast.app.+EVrHZmGrPnOIftFCw0yuJXzaIU=.c47e28db-2e7b-88c9-bd15-3b1721da7243) ==
02-04 12:10:50.822 17320 22542 V GhpNative:   -> Trait: 'home.internal.traits.CloudConnectionStateTrait'
02-04 12:10:50.822 17320 22542 V GhpNative:   ---> ProtoValue: '[PII](CkJ0eXBlLmdvb2dsZWFwaXMuY29tL2hvbWUuaW50ZXJuYWwudHJhaXRzLkNsb3VkQ29ubmVjdGlvblN0YXRlVHJhaXQSNQgCEiRjNDdlMjhkYi0yZTdiLTg4YzktYmQxNS0zYjE3MjFkYTcyNDMaC2Nsb3VkY2xpZW50)'
02-04 12:10:50.822 17320 22542 V GhpNative:   -> Trait: 'home.internal.traits.SupportedTypesTrait'
02-04 12:10:50.822 17320 22542 V GhpNative:   ---> ProtoValue: '[PII](Cjx0eXBlLmdvb2dsZWFwaXMuY29tL2hvbWUuaW50ZXJuYWwudHJhaXRzLlN1cHBvcnRlZFR5cGVzVHJhaXQSjwEKJWhvbWUuaW50ZXJuYWwudHlwZXMuQ2xvdWRDb25uZWN0aXZpdHkSLmhvbWUuaW50ZXJuYWwudHJhaXRzLkNsb3VkQ29ubmVjdGlvblN0YXRlVHJhaXQaNgouaG9tZS5pbnRlcm5hbC50cmFpdHMuQ2xvdWRDb25uZWN0aW9uU3RhdGVUcmFpdBIECAEQAQ==)'
02-04 12:10:50.826 17320 22542 V GhpNative: I0000 00:00:1770235850.826093   22542 subscription_manager_impl.cc:774] Notifying object on sub@2197d846 for [PII](cloud_connectivity@com.google.android.apps.chromecast.app.+EVrHZmGrPnOIftFCw0yuJXzaIU=.c47e28db-2e7b-88c9-bd15-3b1721da7243) with traits: home.internal.traits.CloudConnectionStateTrait, home.internal.traits.SupportedTypesTrait
02-04 12:10:50.826 17320 22542 V GhpNative: with SupportedTypesTrait: [PII](CiVob21lLmludGVybmFsLnR5cGVzLkNsb3VkQ29ubmVjdGl2aXR5Ei5ob21lLmludGVybmFsLnRyYWl0cy5DbG91ZENvbm5lY3Rpb25TdGF0ZVRyYWl0GjYKLmhvbWUuaW50ZXJuYWwudHJhaXRzLkNsb3VkQ29ubmVjdGlvblN0YXRlVHJhaXQSBAgBEAE=)
02-04 12:10:50.827 17320 22542 V GhpNative: I0000 00:00:1770235850.826802   22542 subscription_manager_impl.cc:774] Notifying object on sub@b249ae4e for [PII](cloud_connectivity@com.google.android.apps.chromecast.app.+EVrHZmGrPnOIftFCw0yuJXzaIU=.c47e28db-2e7b-88c9-bd15-3b1721da7243) with traits: home.internal.traits.CloudConnectionStateTrait
02-04 12:10:50.827 17320 22542 V GhpNative: with SupportedTypesTrait: [PII](Ei5ob21lLmludGVybmFsLnRyYWl0cy5DbG91ZENvbm5lY3Rpb25TdGF0ZVRyYWl0)
02-04 12:10:50.828 17320 22542 V GhpNative: I0000 00:00:1770235850.827991   22542 subscription_manager_impl.cc:774] Notifying object on sub@f9765b50 for [PII](cloud_connectivity@com.google.android.apps.chromecast.app.+EVrHZmGrPnOIftFCw0yuJXzaIU=.c47e28db-2e7b-88c9-bd15-3b1721da7243) with traits: home.internal.traits.CloudConnectionStateTrait, home.internal.traits.SupportedTypesTrait
02-04 12:10:50.828 17320 22542 V GhpNative: with SupportedTypesTrait: [PII](CiVob21lLmludGVybmFsLnR5cGVzLkNsb3VkQ29ubmVjdGl2aXR5Ei5ob21lLmludGVybmFsLnRyYWl0cy5DbG91ZENvbm5lY3Rpb25TdGF0ZVRyYWl0GjYKLmhvbWUuaW50ZXJuYWwudHJhaXRzLkNsb3VkQ29ubmVjdGlvblN0YXRlVHJhaXQSBAgBEAE=)
02-04 12:10:50.846 17320 22542 V GhpNative: I0000 00:00:1770235850.845732   22542 subscription_manager_impl.cc:697] Got object update:
02-04 12:10:50.846 17320 22542 V GhpNative: == Object [PII](shadow_cache@cloudclient) ==
02-04 12:10:50.846 17320 22542 V GhpNative:   -> Trait: 'home.internal.traits.SupportedTypesTrait'
02-04 12:10:50.846 17320 22542 V GhpNative:   ---> ProtoValue: '[PII](Cjx0eXBlLmdvb2dsZWFwaXMuY29tL2hvbWUuaW50ZXJuYWwudHJhaXRzLlN1cHBvcnRlZFR5cGVzVHJhaXQSSAofaG9tZS5pbnRlcm5hbC50eXBlcy5TaGFkb3dDYWNoZRIlaG9tZS5pbnRlcm5hbC50cmFpdHMuU2hhZG93Q2FjaGVUcmFpdA==)'
02-04 12:10:50.846 17320 22542 V GhpNative:   -> Trait: 'home.internal.traits.ShadowCacheTrait'
02-04 12:10:50.846 17320 22542 V GhpNative:   ---> ProtoValue: '[PII](Cjl0eXBlLmdvb2dsZWFwaXMuY29tL2hvbWUuaW50ZXJuYWwudHJhaXRzLlNoYWRvd0NhY2hlVHJhaXQSyaYCCqMDCiRjNDdlMjhkYi0yZTdiLTg4YzktYmQxNS0zYjE3MjFkYTcyNDMSqgEKEnBlcm1pc3Npb25zQGdsb2JhbBIqCihob21lLmludGVybmFsLnRyYWl0cy5TdXBwb3J0ZWRUeXBlc1RyYWl0EjEKL2hvbWUuaW50ZXJuYWwudHJhaXRzLkNsb3VkUGVybWlzc2lvbkNvbmZpZ1RyYWl0EjUKM2hvbWUuaW50ZXJuYWwudHJhaXRzLkNsb3VkUGVybWlzc2lvbkNvbmZpZ0RhdGFUcmFpdBLNAQpGdXNlcl9jb25maWdAYzQ3ZTI4ZGItMmU3Yi04OGM5LWJkMTUtM2IxNzIxZGE3MjQzLjEwNjE2MDcxOTYzNTQ1NjI2NjAxMBIqCihob21lLmludGVybmFsLnRyYWl0cy5TdXBwb3J0ZWRUeXBlc1RyYWl0EisKKWhvbWUuaW50ZXJuYWwudHJhaXRzLlJvbGVBc3NpZ25tZW50c1RyYWl0EioKKGhvbWUuaW50ZXJuYWwudHJhaXRzLkNvbnRyb2xsZXJJbmZvVHJhaXQKlgwKCGludGVybmFsEtsBCntjbG91ZF9jb25uZWN0aXZpdHlAY29tLmdvb2dsZS5hbmRyb2lkLmFwcHMuY2hyb21lY2FzdC5hcHAuK0VWckhabUdyUG5PSWZ0RkN3MHl1Slh6YUlVPS4zNTVlZWE5Mi0wOWU3LTRkZDEtYTY1NS0wOTg5OGRjY2U5MjcSMAouaG9tZS5pbnRlcm5hbC50cmFpdHMuQ2xvdWRDb25uZWN0aW9uU3RhdGVUcmFpdBIqCihob21lLmludGVybmFsLnRyYWl0cy5TdXBwb3J0ZWRUeXBlc1RyYWl0EtsBCntjbG91ZF9jb25uZWN0aXZpdHlAY29tLmdvb2dsZS5hbmRyb2lkLmFwcHMuY2hyb21lY2FzdC5hcHAuK0VWckhabUdyUG5PSWZ0RkN3MHl1Slh6YUlVPS5jNDdlMjhkYi0yZTdiLTg4YzktYmQxNS0zYjE3MjFkYTcyNDMSMAouaG9tZS5pbnRlcm5hbC50cmFpdHMuQ2xvdWRDb25uZWN0aW9uU3RhdGVUcmFpdBIqCihob21lLmludGVybmFsLnRyYWl0cy5TdXBwb3J0ZWRUeXBlc1RyYWl0EnMKEnBlcm1pc3Npb25zQGdsb2JhbBIqCihob21lLmludGVybmFsLnRyYWl0cy5TdXBwb3J0ZWRUeXBlc1RyYWl0EjEKL2hvbWUuaW50ZXJuYWwudHJhaXRzLkNsb3VkUGVybWlzc2lvbkNvbmZpZ1RyYWl0EnkKG21lc2hpbnRlcmFjdGlvbmNsaWVudEBjbG91ZBIqCihob21lLmludGVybmFsLnRyYWl0cy5TdXBwb3J0ZWRUeXBlc1RyYWl0Ei4KLGhvbWUuaW50ZXJuYWwudHJhaXRzLkNsb3VkU2VydmljZUNsaWVudFRyYWl0EtsBCntjbG91ZF9jb25uZWN0aXZpdHlAY29tLmdvb2dsZS5hbmRyb2lkLmFwcHMuY2hyb21lY2FzdC5hcHAuK0VWckhabUdyUG5PSWZ0RkN3MHl1Slh6YUlVPS43MmMwYmY3YS01YjFkLTRhNzAtYjE2Yi04M2E2ZTBhZTUwYWYSMAouaG9tZS5pbnRlcm5hbC50cmFpdHMuQ2xvdWRDb25uZWN0aW9uU3RhdGVUcmFpdBIqCihob21lLmludGVybmFsLnRyYWl0cy5TdXBwb3J0ZWRUeXBlc1RyYWl0EsMBCmNjbG91ZF9jb25uZWN0aXZpdHlAY29tLmdvb2dsZS5hbmRyb2lkLmFwcHMuY2hyb21lY2FzdC5hcHAuK0VWckhabUdyUG5PSWZ0RkN3MHl1Slh6YUlVPS5uby1zdHJ1Y3R1cmUSMAouaG9tZS5pbnRlcm5hbC50cmFpdHMuQ2xvdWRDb25uZWN0aW9uU3RhdGVUcmFpdBIqCihob21lLmludGVybmFsLnRyYWl0cy5TdXBwb3J0ZWRUeXBlc1RyYWl0EtsBCntjbG91ZF9jb25uZWN0aXZpdHlAY29tLmdvb2dsZS5hbmRyb2lkLmFwcHMuY2hyb21lY2FzdC5hcHAuK0VWckhabUdyUG5PSWZ0RkN3MHl1Slh6YUlVPS42M2EzYTVlMy0zYWFiLWU5ODktNmY4My1lYjc2ZDYxZWJjMDYSMAouaG9tZS5pbnRlcm5hbC50cmFpdHMuQ2xvdWRDb25uZWN0aW9uU3RhdGVUcmFpdBIqCihob21lLmludGVybmFsLnRyYWl0cy5TdXBwb3J0ZWRUeXBlc1RyYWl0EtsBCntjbG91ZF9jb25uZWN0aXZpdHlAY29tLmdvb2dsZS5hbmRyb2lkLmFwcHMuY2hyb21lY2FzdC5hcHAuK0VWckhabUdyUG5PSWZ0RkN3MHl1Slh6YUlVPS5iNTk3YjVjMS1kNzg3LTRmY2QtOWRhOS0yNDI2NTRlZmQ2YjMSMAouaG9tZS5pbnRlcm5hbC50cmFpdHMuQ2xvdWRDb25uZWN0aW9uU3RhdGVUcmFpdBIqCihob21lLmludGVybmFsLnRyYWl0cy5TdXBwb3J0ZWRUeXBlc1RyYWl0CqDIAQokMzU1ZWVhOTItMDllNy00ZGQxLWE2NTUtMDk4OThkY2NlOTI3EscBCl5kZXZpY2U8LT5zdHJ1Y3R1cmVAYjZhOWE4N2YtM2U4Mi00Yzk0LWE1YjktZThhMGExNmI5YzcxPC0+MzU1ZWVhOTItMDllNy00ZGQxLWE2NTUtMDk4OThkY2NlOTI3EioKKGhvbWUuaW50ZXJuYWwudHJhaXRzLlN1cHBvcnRlZFR5cGVzVHJhaXQSOQo3aG9tZS5wbGF0Zm9ybS50cmFpdHMuRGV2aWNlSW5TdHJ1Y3R1cmVSZWxhdGlvbnNoaXBUcmFpdBLnAgpDY29tcG9uZW50QGI5MjIyZDZkLTQ0MTAtNGEwMC1iN2I5LTI4NDQ2N2RmODAyZC5Db21wb25lbnQ6VEhFUk1PU1RBVBIqCihob21lLmludGVybmFsLnRyYWl0cy5TdXBwb3J0ZWRUeXBlc1RyYWl0EigKJmhvbWUuaW50ZXJuYWwudHJhaXRzLlBhcmVudERldmljZVRyYWl0EiAKHmhvbWUubWF0dGVyLjAwMDAuY2x1c3RlcnMuMDIwNBIgCh5ob21lLm1hdHRlci4wMDAwLmNsdXN0ZXJzLjAyMDESIAoeaG9tZS5tYXR0ZXIuNjAwNi5jbHVzdGVycy5mYzQ5EiAKHmhvbWUubWF0dGVyLjAwMDAuY2x1c3RlcnMuMDQwNRIgCh5ob21lLm1hdHRlci42MDA2LmNsdXN0ZXJzLmZjMTASIAoeaG9tZS5tYXR0ZXIuNjAwNi5jbHVzdGVycy5mYzQyEuIBCn5kZXZpY2U8LT5yb29tQDg4ODhlODM4LTY0MzgtNGM5NC1iNTk0LTEwMWM5ZTA5ZDM1MTwtPjM1NWVlYTkyLTA5ZTctNGRkMS1hNjU1LTA5ODk4ZGNjZTkyNy4zN2RkNTEzNS1iZWYzLTQ3OGMtODYwOS0yOTI4ZjA4NTZmYTYSKgooaG9tZS5pbnRlcm5hbC50cmFpdHMuU3VwcG9ydGVkVHlwZXNUcmFpdBI0CjJob21lLnBsYXRmb3JtLnRyYWl0cy5EZXZpY2VJblJvb21SZWxhdGlvbnNoaXBUcmFpdBKeAQpOcm9vbUAzNTVlZWE5Mi0wOWU3LTRkZDEtYTY1NS0wOTg5OGRjY2U5MjcuZGVhNWMyOTgtNzVjNy00NzA0LTllOWItNTI5YjJmYWNhZDhhEioKKGhvbWUuaW50ZXJuYWwudHJhaXRzLlN1cHBvcnRlZF
02-04 12:10:50.846 17320 22542 V GhpNative: 
02-04 12:10:50.848 17320 22542 V GhpNative: I0000 00:00:1770235850.848031   22542 subscription_manager_impl.cc:774] Notifying object on sub@f9765b50 for [PII](shadow_cache@cloudclient) with traits: home.internal.traits.SupportedTypesTrait, home.internal.traits.ShadowCacheTrait
02-04 12:10:50.848 17320 22542 V GhpNative: with SupportedTypesTrait: [PII](Ch9ob21lLmludGVybmFsLnR5cGVzLlNoYWRvd0NhY2hlEiVob21lLmludGVybmFsLnRyYWl0cy5TaGFkb3dDYWNoZVRyYWl0)
02-04 12:10:50.848 17320 22542 V GhpNative: I0000 00:00:1770235850.848262   22542 subscription_manager_impl.cc:774] Notifying object on sub@2197d846 for [PII](shadow_cache@cloudclient) with traits: home.internal.traits.SupportedTypesTrait, home.internal.traits.ShadowCacheTrait
02-04 12:10:50.848 17320 22542 V GhpNative: with SupportedTypesTrait: [PII](Ch9ob21lLmludGVybmFsLnR5cGVzLlNoYWRvd0NhY2hlEiVob21lLmludGVybmFsLnRyYWl0cy5TaGFkb3dDYWNoZVRyYWl0)
02-04 12:10:50.849 17320 22542 V GhpNative: I0000 00:00:1770235850.849222   22542 object_cache_impl.cc:658] Got update notification from core_data_expiration on core_data_expiration.sub@00000000(omit_storage=false):
02-04 12:10:50.849 17320 22542 V GhpNative: == Object [PII](expiration@internal) ==
02-04 12:10:50.849 17320 22542 V GhpNative:   -> Trait: 'home.internal.traits.BackendStatusTrait'
02-04 12:10:50.849 17320 22542 V GhpNative:   ---> ProtoValue: '[PII](Cjt0eXBlLmdvb2dsZWFwaXMuY29tL2hvbWUuaW50ZXJuYWwudHJhaXRzLkJhY2tlbmRTdGF0dXNUcmFpdBLWAhI7CAEQr8+OzAYaC2Nsb3VkY2xpZW50IiRiNTk3YjVjMS1kNzg3LTRmY2QtOWRhOS0yNDI2NTRlZmQ2YjMSOwgBEMHPjswGGgtjbG91ZGNsaWVudCIkYzQ3ZTI4ZGItMmU3Yi04OGM5LWJkMTUtM2IxNzIxZGE3MjQzEjsIABDCz47MBhoLY2xvdWRjbGllbnQiJDYzYTNhNWUzLTNhYWItZTk4OS02ZjgzLWViNzZkNjFlYmMwNhI7CAEQsM+OzAYaC2Nsb3VkY2xpZW50IiQzNTVlZWE5Mi0wOWU3LTRkZDEtYTY1NS0wOTg5OGRjY2U5MjcSOwgBELDPjswGGgtjbG91ZGNsaWVudCIkNzJjMGJmN2EtNWIxZC00YTcwLWIxNmItODNhNmUwYWU1MGFmEiMIARCwz47MBhoLY2xvdWRjbGllbnQiDG5vLXN0cnVjdHVyZQ==)'
02-04 12:10:50.850 17320 22542 V GhpNative: I0000 00:00:1770235850.849924   22542 subscription_manager_impl.cc:697] Got object update:
02-04 12:10:50.850 17320 22542 V GhpNative: == Object [PII](expiration@internal) ==
02-04 12:10:50.850 17320 22542 V GhpNative:   -> Trait: 'home.internal.traits.BackendStatusTrait'
02-04 12:10:50.850 17320 22542 V GhpNative:   ---> ProtoValue: '[PII](Cjt0eXBlLmdvb2dsZWFwaXMuY29tL2hvbWUuaW50ZXJuYWwudHJhaXRzLkJhY2tlbmRTdGF0dXNUcmFpdBLWAhI7CAEQr8+OzAYaC2Nsb3VkY2xpZW50IiRiNTk3YjVjMS1kNzg3LTRmY2QtOWRhOS0yNDI2NTRlZmQ2YjMSOwgBEMHPjswGGgtjbG91ZGNsaWVudCIkYzQ3ZTI4ZGItMmU3Yi04OGM5LWJkMTUtM2IxNzIxZGE3MjQzEjsIABDCz47MBhoLY2xvdWRjbGllbnQiJDYzYTNhNWUzLTNhYWItZTk4OS02ZjgzLWViNzZkNjFlYmMwNhI7CAEQsM+OzAYaC2Nsb3VkY2xpZW50IiQzNTVlZWE5Mi0wOWU3LTRkZDEtYTY1NS0wOTg5OGRjY2U5MjcSOwgBELDPjswGGgtjbG91ZGNsaWVudCIkNzJjMGJmN2EtNWIxZC00YTcwLWIxNmItODNhNmUwYWU1MGFmEiMIARCwz47MBhoLY2xvdWRjbGllbnQiDG5vLXN0cnVjdHVyZQ==)'
02-04 12:10:50.850 17320 22542 V GhpNative:   -> Trait: 'home.internal.traits.SupportedTypesTrait'
02-04 12:10:50.850 17320 22542 V GhpNative:   ---> ProtoValue: '[PII](Cjx0eXBlLmdvb2dsZWFwaXMuY29tL2hvbWUuaW50ZXJuYWwudHJhaXRzLlN1cHBvcnRlZFR5cGVzVHJhaXQSWhInaG9tZS5pbnRlcm5hbC50cmFpdHMuQmFja2VuZFN0YXR1c1RyYWl0Gi8KJ2hvbWUuaW50ZXJuYWwudHJhaXRzLkJhY2tlbmRTdGF0dXNUcmFpdBIECAEQAQ==)'
02-04 12:10:50.851 17320 22542 V GhpNative: I0000 00:00:1770235850.851878   22542 subscription_manager_impl.cc:774] Notifying object on sub@f9765b50 for [PII](expiration@internal) with traits: home.internal.traits.BackendStatusTrait, home.internal.traits.SupportedTypesTrait
02-04 12:10:50.851 17320 22542 V GhpNative: with SupportedTypesTrait: [PII](Eidob21lLmludGVybmFsLnRyYWl0cy5CYWNrZW5kU3RhdHVzVHJhaXQaLwonaG9tZS5pbnRlcm5hbC50cmFpdHMuQmFja2VuZFN0YXR1c1RyYWl0EgQIARAB)
02-04 12:10:50.852 17320 22542 V GhpNative: I0000 00:00:1770235850.852111   22542 subscription_manager_impl.cc:774] Notifying object on sub@2197d846 for [PII](expiration@internal) with traits: home.internal.traits.BackendStatusTrait, home.internal.traits.SupportedTypesTrait
02-04 12:10:50.852 17320 22542 V GhpNative: with SupportedTypesTrait: [PII](Eidob21lLmludGVybmFsLnRyYWl0cy5CYWNrZW5kU3RhdHVzVHJhaXQaLwonaG9tZS5pbnRlcm5hbC50cmFpdHMuQmFja2VuZFN0YXR1c1RyYWl0EgQIARAB)
02-04 12:10:50.852 17320 22542 V GhpNative: I0000 00:00:1770235850.852324   22542 subscription_manager_impl.cc:774] Notifying object on sub@e2c7bcec for [PII](expiration@internal) with traits: home.internal.traits.BackendStatusTrait
02-04 12:10:50.852 17320 22542 V GhpNative: with SupportedTypesTrait: [PII](Eidob21lLmludGVybmFsLnRyYWl0cy5CYWNrZW5kU3RhdHVzVHJhaXQ=)
02-04 12:10:50.853 17320 22542 V GhpNative: I0000 00:00:1770235850.852958   22542 subscription_manager_impl.cc:697] Got object update:
02-04 12:10:50.853 17320 22542 V GhpNative: == Object [PII](shadow_cache@core_data_expiration) ==
02-04 12:10:50.853 17320 22542 V GhpNative:   -> Trait: 'home.internal.traits.SupportedTypesTrait'
02-04 12:10:50.853 17320 22542 V GhpNative:   ---> ProtoValue: '[PII](Cjx0eXBlLmdvb2dsZWFwaXMuY29tL2hvbWUuaW50ZXJuYWwudHJhaXRzLlN1cHBvcnRlZFR5cGVzVHJhaXQSSAofaG9tZS5pbnRlcm5hbC50eXBlcy5TaGFkb3dDYWNoZRIlaG9tZS5pbnRlcm5hbC50cmFpdHMuU2hhZG93Q2FjaGVUcmFpdA==)'
02-04 12:10:50.853 17320 22542 V GhpNative:   -> Trait: 'home.internal.traits.ShadowCacheTrait'
02-04 12:10:50.853 17320 22542 V GhpNative:   ---> ProtoValue: '[PII](Cjl0eXBlLmdvb2dsZWFwaXMuY29tL2hvbWUuaW50ZXJuYWwudHJhaXRzLlNoYWRvd0NhY2hlVHJhaXQScApuEmwKE2V4cGlyYXRpb25AaW50ZXJuYWwSKQonaG9tZS5pbnRlcm5hbC50cmFpdHMuQmFja2VuZFN0YXR1c1RyYWl0EioKKGhvbWUuaW50ZXJuYWwudHJhaXRzLlN1cHBvcnRlZFR5cGVzVHJhaXQ=)'
02-04 12:10:50.854 17320 22542 V GhpNative: I0000 00:00:1770235850.854228   22542 subscription_manager_impl.cc:774] Notifying object on sub@f9765b50 for [PII](shadow_cache@core_data_expiration) with traits: home.internal.traits.SupportedTypesTrait, home.internal.traits.ShadowCacheTrait
02-04 12:10:50.854 17320 22542 V GhpNative: with SupportedTypesTrait: [PII](Ch9ob21lLmludGVybmFsLnR5cGVzLlNoYWRvd0NhY2hlEiVob21lLmludGVybmFsLnRyYWl0cy5TaGFkb3dDYWNoZVRyYWl0)
02-04 12:10:50.854 17320 22542 V GhpNative: I0000 00:00:1770235850.854431   22542 subscription_manager_impl.cc:774] Notifying object on sub@2197d846 for [PII](shadow_cache@core_data_expiration) with traits: home.internal.traits.SupportedTypesTrait, home.internal.traits.ShadowCacheTrait
02-04 12:10:50.854 17320 22542 V GhpNative: with SupportedTypesTrait: [PII](Ch9ob21lLmludGVybmFsLnR5cGVzLlNoYWRvd0NhY2hlEiVob21lLmludGVybmFsLnRyYWl0cy5TaGFkb3dDYWNoZVRyYWl0)
02-04 12:10:51.303 17320 22561 W MeshInteractionServiceG: Failed to registerTraitSubscriber or the subscription was aborted with account=Account {name=daniel.cardenas@gmail.com, type=com.google}, structure=c47e28db-2e7b-88c9-bd15-3b1721da7243, error=afwz{code=PERMISSION_DENIED, description=The caller does not have permission, cause=null} [CONTEXT service_id=336 ]
02-04 12:10:51.304 17320 22561 E meshinteractiondriver: MeshInteractionService stream closed unexpectedly due to error: PERMISSION_DENIED: The caller does not have permission [CONTEXT service_id=336 ]
02-04 12:10:51.312 17320 22542 V GhpNative: I0000 00:00:1770235851.312123   22542 core_manager_impl.cc:1830] Transaction 136 on meshinteractiondriver-to-core
02-04 12:10:51.312 17320 22542 V GhpNative: == SendCommandsRequest ==
02-04 12:10:51.312 17320 22542 V GhpNative: [0]: == Object [PII](meshinteractionclient@cloud) ==
02-04 12:10:51.312 17320 22542 V GhpNative:   -> Trait: 'home.internal.traits.CloudServiceClientTrait.ClosedStreamCommand'
02-04 12:10:51.312 17320 22542 V GhpNative:   ---> ProtoValue: '[PII](ClR0eXBlLmdvb2dsZWFwaXMuY29tL2hvbWUuaW50ZXJuYWwudHJhaXRzLkNsb3VkU2VydmljZUNsaWVudFRyYWl0LkNsb3NlZFN0cmVhbUNvbW1hbmQSBwoDMTQ2EAc=)'
02-04 12:10:51.324 17320 22542 I GhpNative: I0000 00:00:1770235851.324257   22542 cloud_client_backend.cc:1618] #GHP #cloudBE Cloud data state already notified.
02-04 12:10:51.324 17320 22542 E GhpNative: E0000 00:00:1770235851.324467   22542 cloud_client_backend.cc:1727] #GHP #cloudBE Cloud stream closed unexpectedly with status: PERMISSION_DENIED: Close error
02-04 12:10:51.324 17320 22542 E GhpNative: === Source Location Trace: === 
02-04 12:10:51.324 17320 22542 E GhpNative: nest/platform/mesh/backends/cloud/stream_command_delegate.cc:161
02-04 12:10:51.324 17320 22542 E GhpNative:  - after 731.153768ms, disconnecting all objects, retrying in 16.0868096995s
02-04 12:10:51.328 17320 22542 V GhpNative: I0000 00:00:1770235851.328454   22542 object_cache_impl.cc:658] Got update notification from cloudclient.internal on cloudclient.sub@00000000(omit_storage=true):
02-04 12:10:51.328 17320 22542 V GhpNative: == Object [PII](cloud_connectivity@com.google.android.apps.chromecast.app.+EVrHZmGrPnOIftFCw0yuJXzaIU=.c47e28db-2e7b-88c9-bd15-3b1721da7243) ==
02-04 12:10:51.328 17320 22542 V GhpNative:   -> Trait: 'home.internal.traits.CloudConnectionStateTrait'
02-04 12:10:51.328 17320 22542 V GhpNative:   ---> ProtoValue: '[PII](CkJ0eXBlLmdvb2dsZWFwaXMuY29tL2hvbWUuaW50ZXJuYWwudHJhaXRzLkNsb3VkQ29ubmVjdGlvblN0YXRlVHJhaXQSNQgBEiRjNDdlMjhkYi0yZTdiLTg4YzktYmQxNS0zYjE3MjFkYTcyNDMaC2Nsb3VkY2xpZW50)'
02-04 12:10:51.328 17320 22542 V GhpNative:   -> Trait: 'home.internal.traits.SupportedTypesTrait'
02-04 12:10:51.328 17320 22542 V GhpNative:   ---> ProtoValue: '[PII](Cjx0eXBlLmdvb2dsZWFwaXMuY29tL2hvbWUuaW50ZXJuYWwudHJhaXRzLlN1cHBvcnRlZFR5cGVzVHJhaXQSVwolaG9tZS5pbnRlcm5hbC50eXBlcy5DbG91ZENvbm5lY3Rpdml0eRIuaG9tZS5pbnRlcm5hbC50cmFpdHMuQ2xvdWRDb25uZWN0aW9uU3RhdGVUcmFpdA==)'
02-04 12:10:51.329 17320 22542 V GhpNative: I0000 00:00:1770235851.329515   22542 subscription_manager_impl.cc:697] Got object update:
02-04 12:10:51.329 17320 22542 V GhpNative: == Object [PII](cloud_connectivity@com.google.android.apps.chromecast.app.+EVrHZmGrPnOIftFCw0yuJXzaIU=.c47e28db-2e7b-88c9-bd15-3b1721da7243) ==
02-04 12:10:51.329 17320 22542 V GhpNative:   -> Trait: 'home.internal.traits.CloudConnectionStateTrait'
02-04 12:10:51.329 17320 22542 V GhpNative:   ---> ProtoValue: '[PII](CkJ0eXBlLmdvb2dsZWFwaXMuY29tL2hvbWUuaW50ZXJuYWwudHJhaXRzLkNsb3VkQ29ubmVjdGlvblN0YXRlVHJhaXQSNQgBEiRjNDdlMjhkYi0yZTdiLTg4YzktYmQxNS0zYjE3MjFkYTcyNDMaC2Nsb3VkY2xpZW50)'
02-04 12:10:51.329 17320 22542 V GhpNative:   -> Trait: 'home.internal.traits.SupportedTypesTrait'
02-04 12:10:51.329 17320 22542 V GhpNative:   ---> ProtoValue: '[PII](Cjx0eXBlLmdvb2dsZWFwaXMuY29tL2hvbWUuaW50ZXJuYWwudHJhaXRzLlN1cHBvcnRlZFR5cGVzVHJhaXQSjwEKJWhvbWUuaW50ZXJuYWwudHlwZXMuQ2xvdWRDb25uZWN0aXZpdHkSLmhvbWUuaW50ZXJuYWwudHJhaXRzLkNsb3VkQ29ubmVjdGlvblN0YXRlVHJhaXQaNgouaG9tZS5pbnRlcm5hbC50cmFpdHMuQ2xvdWRDb25uZWN0aW9uU3RhdGVUcmFpdBIECAEQAQ==)'
02-04 12:10:51.331 17320 22542 V GhpNative: I0000 00:00:1770235851.331465   22542 subscription_manager_impl.cc:774] Notifying object on sub@2197d846 for [PII](cloud_connectivity@com.google.android.apps.chromecast.app.+EVrHZmGrPnOIftFCw0yuJXzaIU=.c47e28db-2e7b-88c9-bd15-3b1721da7243) with traits: home.internal.traits.CloudConnectionStateTrait, home.internal.traits.SupportedTypesTrait
02-04 12:10:51.331 17320 22542 V GhpNative: with SupportedTypesTrait: [PII](CiVob21lLmludGVybmFsLnR5cGVzLkNsb3VkQ29ubmVjdGl2aXR5Ei5ob21lLmludGVybmFsLnRyYWl0cy5DbG91ZENvbm5lY3Rpb25TdGF0ZVRyYWl0GjYKLmhvbWUuaW50ZXJuYWwudHJhaXRzLkNsb3VkQ29ubmVjdGlvblN0YXRlVHJhaXQSBAgBEAE=)
02-04 12:10:51.331 17320 22542 V GhpNative: I0000 00:00:1770235851.331762   22542 subscription_manager_impl.cc:774] Notifying object on sub@b249ae4e for [PII](cloud_connectivity@com.google.android.apps.chromecast.app.+EVrHZmGrPnOIftFCw0yuJXzaIU=.c47e28db-2e7b-88c9-bd15-3b1721da7243) with traits: home.internal.traits.CloudConnectionStateTrait
02-04 12:10:51.331 17320 22542 V GhpNative: with SupportedTypesTrait: [PII](Ei5ob21lLmludGVybmFsLnRyYWl0cy5DbG91ZENvbm5lY3Rpb25TdGF0ZVRyYWl0)
02-04 12:10:51.332 17320 22542 V GhpNative: I0000 00:00:1770235851.332410   22542 subscription_manager_impl.cc:774] Notifying object on sub@f9765b50 for [PII](cloud_connectivity@com.google.android.apps.chromecast.app.+EVrHZmGrPnOIftFCw0yuJXzaIU=.c47e28db-2e7b-88c9-bd15-3b1721da7243) with traits: home.internal.traits.CloudConnectionStateTrait, home.internal.traits.SupportedTypesTrait
02-04 12:10:51.332 17320 22542 V GhpNative: with SupportedTypesTrait: [PII](CiVob21lLmludGVybmFsLnR5cGVzLkNsb3VkQ29ubmVjdGl2aXR5Ei5ob21lLmludGVybmFsLnRyYWl0cy5DbG91ZENvbm5lY3Rpb25TdGF0ZVRyYWl0GjYKLmhvbWUuaW50ZXJuYWwudHJhaXRzLkNsb3VkQ29ubmVjdGlvblN0YXRlVHJhaXQSBAgBEAE=)
02-04 12:10:51.348 17320 22542 V GhpNative: I0000 00:00:1770235851.347754   22542 subscription_manager_impl.cc:697] Got object update:
02-04 12:10:51.348 17320 22542 V GhpNative: == Object [PII](shadow_cache@cloudclient) ==
02-04 12:10:51.348 17320 22542 V GhpNative:   -> Trait: 'home.internal.traits.SupportedTypesTrait'
02-04 12:10:51.348 17320 22542 V GhpNative:   ---> ProtoValue: '[PII](Cjx0eXBlLmdvb2dsZWFwaXMuY29tL2hvbWUuaW50ZXJuYWwudHJhaXRzLlN1cHBvcnRlZFR5cGVzVHJhaXQSSAofaG9tZS5pbnRlcm5hbC50eXBlcy5TaGFkb3dDYWNoZRIlaG9tZS5pbnRlcm5hbC50cmFpdHMuU2hhZG93Q2FjaGVUcmFpdA==)'
02-04 12:10:51.348 17320 22542 V GhpNative:   -> Trait: 'home.internal.traits.ShadowCacheTrait'
02-04 12:10:51.348 17320 22542 V GhpNative:   ---> ProtoValue: '[PII](Cjl0eXBlLmdvb2dsZWFwaXMuY29tL2hvbWUuaW50ZXJuYWwudHJhaXRzLlNoYWRvd0NhY2hlVHJhaXQSyaYCCqMDCiRjNDdlMjhkYi0yZTdiLTg4YzktYmQxNS0zYjE3MjFkYTcyNDMSqgEKEnBlcm1pc3Npb25zQGdsb2JhbBIqCihob21lLmludGVybmFsLnRyYWl0cy5TdXBwb3J0ZWRUeXBlc1RyYWl0EjEKL2hvbWUuaW50ZXJuYWwudHJhaXRzLkNsb3VkUGVybWlzc2lvbkNvbmZpZ1RyYWl0EjUKM2hvbWUuaW50ZXJuYWwudHJhaXRzLkNsb3VkUGVybWlzc2lvbkNvbmZpZ0RhdGFUcmFpdBLNAQpGdXNlcl9jb25maWdAYzQ3ZTI4ZGItMmU3Yi04OGM5LWJkMTUtM2IxNzIxZGE3MjQzLjEwNjE2MDcxOTYzNTQ1NjI2NjAxMBIqCihob21lLmludGVybmFsLnRyYWl0cy5TdXBwb3J0ZWRUeXBlc1RyYWl0EisKKWhvbWUuaW50ZXJuYWwudHJhaXRzLlJvbGVBc3NpZ25tZW50c1RyYWl0EioKKGhvbWUuaW50ZXJuYWwudHJhaXRzLkNvbnRyb2xsZXJJbmZvVHJhaXQKlgwKCGludGVybmFsEtsBCntjbG91ZF9jb25uZWN0aXZpdHlAY29tLmdvb2dsZS5hbmRyb2lkLmFwcHMuY2hyb21lY2FzdC5hcHAuK0VWckhabUdyUG5PSWZ0RkN3MHl1Slh6YUlVPS4zNTVlZWE5Mi0wOWU3LTRkZDEtYTY1NS0wOTg5OGRjY2U5MjcSMAouaG9tZS5pbnRlcm5hbC50cmFpdHMuQ2xvdWRDb25uZWN0aW9uU3RhdGVUcmFpdBIqCihob21lLmludGVybmFsLnRyYWl0cy5TdXBwb3J0ZWRUeXBlc1RyYWl0EtsBCntjbG91ZF9jb25uZWN0aXZpdHlAY29tLmdvb2dsZS5hbmRyb2lkLmFwcHMuY2hyb21lY2FzdC5hcHAuK0VWckhabUdyUG5PSWZ0RkN3MHl1Slh6YUlVPS5jNDdlMjhkYi0yZTdiLTg4YzktYmQxNS0zYjE3MjFkYTcyNDMSMAouaG9tZS5pbnRlcm5hbC50cmFpdHMuQ2xvdWRDb25uZWN0aW9uU3RhdGVUcmFpdBIqCihob21lLmludGVybmFsLnRyYWl0cy5TdXBwb3J0ZWRUeXBlc1RyYWl0EnMKEnBlcm1pc3Npb25zQGdsb2JhbBIqCihob21lLmludGVybmFsLnRyYWl0cy5TdXBwb3J0ZWRUeXBlc1RyYWl0EjEKL2hvbWUuaW50ZXJuYWwudHJhaXRzLkNsb3VkUGVybWlzc2lvbkNvbmZpZ1RyYWl0EnkKG21lc2hpbnRlcmFjdGlvbmNsaWVudEBjbG91ZBIqCihob21lLmludGVybmFsLnRyYWl0cy5TdXBwb3J0ZWRUeXBlc1RyYWl0Ei4KLGhvbWUuaW50ZXJuYWwudHJhaXRzLkNsb3VkU2VydmljZUNsaWVudFRyYWl0EtsBCntjbG91ZF9jb25uZWN0aXZpdHlAY29tLmdvb2dsZS5hbmRyb2lkLmFwcHMuY2hyb21lY2FzdC5hcHAuK0VWckhabUdyUG5PSWZ0RkN3MHl1Slh6YUlVPS43MmMwYmY3YS01YjFkLTRhNzAtYjE2Yi04M2E2ZTBhZTUwYWYSMAouaG9tZS5pbnRlcm5hbC50cmFpdHMuQ2xvdWRDb25uZWN0aW9uU3RhdGVUcmFpdBIqCihob21lLmludGVybmFsLnRyYWl0cy5TdXBwb3J0ZWRUeXBlc1RyYWl0EsMBCmNjbG91ZF9jb25uZWN0aXZpdHlAY29tLmdvb2dsZS5hbmRyb2lkLmFwcHMuY2hyb21lY2FzdC5hcHAuK0VWckhabUdyUG5PSWZ0RkN3MHl1Slh6YUlVPS5uby1zdHJ1Y3R1cmUSMAouaG9tZS5pbnRlcm5hbC50cmFpdHMuQ2xvdWRDb25uZWN0aW9uU3RhdGVUcmFpdBIqCihob21lLmludGVybmFsLnRyYWl0cy5TdXBwb3J0ZWRUeXBlc1RyYWl0EtsBCntjbG91ZF9jb25uZWN0aXZpdHlAY29tLmdvb2dsZS5hbmRyb2lkLmFwcHMuY2hyb21lY2FzdC5hcHAuK0VWckhabUdyUG5PSWZ0RkN3MHl1Slh6YUlVPS42M2EzYTVlMy0zYWFiLWU5ODktNmY4My1lYjc2ZDYxZWJjMDYSMAouaG9tZS5pbnRlcm5hbC50cmFpdHMuQ2xvdWRDb25uZWN0aW9uU3RhdGVUcmFpdBIqCihob21lLmludGVybmFsLnRyYWl0cy5TdXBwb3J0ZWRUeXBlc1RyYWl0EtsBCntjbG91ZF9jb25uZWN0aXZpdHlAY29tLmdvb2dsZS5hbmRyb2lkLmFwcHMuY2hyb21lY2FzdC5hcHAuK0VWckhabUdyUG5PSWZ0RkN3MHl1Slh6YUlVPS5iNTk3YjVjMS1kNzg3LTRmY2QtOWRhOS0yNDI2NTRlZmQ2YjMSMAouaG9tZS5pbnRlcm5hbC50cmFpdHMuQ2xvdWRDb25uZWN0aW9uU3RhdGVUcmFpdBIqCihob21lLmludGVybmFsLnRyYWl0cy5TdXBwb3J0ZWRUeXBlc1RyYWl0CqDIAQokMzU1ZWVhOTItMDllNy00ZGQxLWE2NTUtMDk4OThkY2NlOTI3EscBCl5kZXZpY2U8LT5zdHJ1Y3R1cmVAYjZhOWE4N2YtM2U4Mi00Yzk0LWE1YjktZThhMGExNmI5YzcxPC0+MzU1ZWVhOTItMDllNy00ZGQxLWE2NTUtMDk4OThkY2NlOTI3EioKKGhvbWUuaW50ZXJuYWwudHJhaXRzLlN1cHBvcnRlZFR5cGVzVHJhaXQSOQo3aG9tZS5wbGF0Zm9ybS50cmFpdHMuRGV2aWNlSW5TdHJ1Y3R1cmVSZWxhdGlvbnNoaXBUcmFpdBLnAgpDY29tcG9uZW50QGI5MjIyZDZkLTQ0MTAtNGEwMC1iN2I5LTI4NDQ2N2RmODAyZC5Db21wb25lbnQ6VEhFUk1PU1RBVBIqCihob21lLmludGVybmFsLnRyYWl0cy5TdXBwb3J0ZWRUeXBlc1RyYWl0EigKJmhvbWUuaW50ZXJuYWwudHJhaXRzLlBhcmVudERldmljZVRyYWl0EiAKHmhvbWUubWF0dGVyLjAwMDAuY2x1c3RlcnMuMDIwNBIgCh5ob21lLm1hdHRlci4wMDAwLmNsdXN0ZXJzLjAyMDESIAoeaG9tZS5tYXR0ZXIuNjAwNi5jbHVzdGVycy5mYzQ5EiAKHmhvbWUubWF0dGVyLjAwMDAuY2x1c3RlcnMuMDQwNRIgCh5ob21lLm1hdHRlci42MDA2LmNsdXN0ZXJzLmZjMTASIAoeaG9tZS5tYXR0ZXIuNjAwNi5jbHVzdGVycy5mYzQyEuIBCn5kZXZpY2U8LT5yb29tQDg4ODhlODM4LTY0MzgtNGM5NC1iNTk0LTEwMWM5ZTA5ZDM1MTwtPjM1NWVlYTkyLTA5ZTctNGRkMS1hNjU1LTA5ODk4ZGNjZTkyNy4zN2RkNTEzNS1iZWYzLTQ3OGMtODYwOS0yOTI4ZjA4NTZmYTYSKgooaG9tZS5pbnRlcm5hbC50cmFpdHMuU3VwcG9ydGVkVHlwZXNUcmFpdBI0CjJob21lLnBsYXRmb3JtLnRyYWl0cy5EZXZpY2VJblJvb21SZWxhdGlvbnNoaXBUcmFpdBKeAQpOcm9vbUAzNTVlZWE5Mi0wOWU3LTRkZDEtYTY1NS0wOTg5OGRjY2U5MjcuZGVhNWMyOTgtNzVjNy00NzA0LTllOWItNTI5YjJmYWNhZDhhEioKKGhvbWUuaW50ZXJuYWwudHJhaXRzLlN1cHBvcnRlZF
02-04 12:10:51.348 17320 22542 V GhpNative: 
02-04 12:10:51.350 17320 22542 V GhpNative: I0000 00:00:1770235851.350111   22542 subscription_manager_impl.cc:774] Notifying object on sub@f9765b50 for [PII](shadow_cache@cloudclient) with traits: home.internal.traits.SupportedTypesTrait, home.internal.traits.ShadowCacheTrait
02-04 12:10:51.350 17320 22542 V GhpNative: with SupportedTypesTrait: [PII](Ch9ob21lLmludGVybmFsLnR5cGVzLlNoYWRvd0NhY2hlEiVob21lLmludGVybmFsLnRyYWl0cy5TaGFkb3dDYWNoZVRyYWl0)
02-04 12:10:51.350 17320 22542 V GhpNative: I0000 00:00:1770235851.350391   22542 subscription_manager_impl.cc:774] Notifying object on sub@2197d846 for [PII](shadow_cache@cloudclient) with traits: home.internal.traits.SupportedTypesTrait, home.internal.traits.ShadowCacheTrait
02-04 12:10:51.350 17320 22542 V GhpNative: with SupportedTypesTrait: [PII](Ch9ob21lLmludGVybmFsLnR5cGVzLlNoYWRvd0NhY2hlEiVob21lLmludGVybmFsLnRyYWl0cy5TaGFkb3dDYWNoZVRyYWl0)
02-04 12:10:51.351 17320 22542 V GhpNative: I0000 00:00:1770235851.351128   22542 core_manager_impl.cc:429] Transaction 136 on meshinteractiondriver-to-core
02-04 12:10:51.351 17320 22542 V GhpNative: == SendCommandsResponse ==
02-04 12:10:51.351 17320 22542 V GhpNative:   -> Object[0]: '[PII](meshinteractionclient@cloud)'
02-04 12:10:51.351 17320 22542 V GhpNative:   ---> Command Response Type ID: 'home.internal.traits.CloudServiceClientTrait.ClosedStreamCommandResponse'
02-04 12:10:51.351 17320 22542 V GhpNative:   ---> Response Value: '[PII]()'
02-04 12:10:51.351 17320 22542 V GhpNative:   ---> Response ProtoValue: '[PII](Clx0eXBlLmdvb2dsZWFwaXMuY29tL2hvbWUuaW50ZXJuYWwudHJhaXRzLkNsb3VkU2VydmljZUNsaWVudFRyYWl0LkNsb3NlZFN0cmVhbUNvbW1hbmRSZXNwb25zZQ==)'
02-04 12:10:51.352 17320 22542 V GhpNative: I0000 00:00:1770235851.352021   22542 object_cache_impl.cc:658] Got update notification from core_data_expiration on core_data_expiration.sub@00000000(omit_storage=false):
02-04 12:10:51.352 17320 22542 V GhpNative: == Object [PII](expiration@internal) ==
02-04 12:10:51.352 17320 22542 V GhpNative:   -> Trait: 'home.internal.traits.BackendStatusTrait'
02-04 12:10:51.352 17320 22542 V GhpNative:   ---> ProtoValue: '[PII](Cjt0eXBlLmdvb2dsZWFwaXMuY29tL2hvbWUuaW50ZXJuYWwudHJhaXRzLkJhY2tlbmRTdGF0dXNUcmFpdBLWAhI7CAEQr8+OzAYaC2Nsb3VkY2xpZW50IiRiNTk3YjVjMS1kNzg3LTRmY2QtOWRhOS0yNDI2NTRlZmQ2YjMSOwgAEMvPjswGGgtjbG91ZGNsaWVudCIkYzQ3ZTI4ZGItMmU3Yi04OGM5LWJkMTUtM2IxNzIxZGE3MjQzEjsIABDCz47MBhoLY2xvdWRjbGllbnQiJDYzYTNhNWUzLTNhYWItZTk4OS02ZjgzLWViNzZkNjFlYmMwNhI7CAEQsM+OzAYaC2Nsb3VkY2xpZW50IiQzNTVlZWE5Mi0wOWU3LTRkZDEtYTY1NS0wOTg5OGRjY2U5MjcSOwgBELDPjswGGgtjbG91ZGNsaWVudCIkNzJjMGJmN2EtNWIxZC00YTcwLWIxNmItODNhNmUwYWU1MGFmEiMIARCwz47MBhoLY2xvdWRjbGllbnQiDG5vLXN0cnVjdHVyZQ==)'
02-04 12:10:51.352 17320 22542 V GhpNative: I0000 00:00:1770235851.352667   22542 subscription_manager_impl.cc:697] Got object update:
02-04 12:10:51.352 17320 22542 V GhpNative: == Object [PII](expiration@internal) ==
02-04 12:10:51.352 17320 22542 V GhpNative:   -> Trait: 'home.internal.traits.BackendStatusTrait'
02-04 12:10:51.352 17320 22542 V GhpNative:   ---> ProtoValue: '[PII](Cjt0eXBlLmdvb2dsZWFwaXMuY29tL2hvbWUuaW50ZXJuYWwudHJhaXRzLkJhY2tlbmRTdGF0dXNUcmFpdBLWAhI7CAEQr8+OzAYaC2Nsb3VkY2xpZW50IiRiNTk3YjVjMS1kNzg3LTRmY2QtOWRhOS0yNDI2NTRlZmQ2YjMSOwgAEMvPjswGGgtjbG91ZGNsaWVudCIkYzQ3ZTI4ZGItMmU3Yi04OGM5LWJkMTUtM2IxNzIxZGE3MjQzEjsIABDCz47MBhoLY2xvdWRjbGllbnQiJDYzYTNhNWUzLTNhYWItZTk4OS02ZjgzLWViNzZkNjFlYmMwNhI7CAEQsM+OzAYaC2Nsb3VkY2xpZW50IiQzNTVlZWE5Mi0wOWU3LTRkZDEtYTY1NS0wOTg5OGRjY2U5MjcSOwgBELDPjswGGgtjbG91ZGNsaWVudCIkNzJjMGJmN2EtNWIxZC00YTcwLWIxNmItODNhNmUwYWU1MGFmEiMIARCwz47MBhoLY2xvdWRjbGllbnQiDG5vLXN0cnVjdHVyZQ==)'
02-04 12:10:51.352 17320 22542 V GhpNative:   -> Trait: 'home.internal.traits.SupportedTypesTrait'
02-04 12:10:51.352 17320 22542 V GhpNative:   ---> ProtoValue: '[PII](Cjx0eXBlLmdvb2dsZWFwaXMuY29tL2hvbWUuaW50ZXJuYWwudHJhaXRzLlN1cHBvcnRlZFR5cGVzVHJhaXQSWhInaG9tZS5pbnRlcm5hbC50cmFpdHMuQmFja2VuZFN0YXR1c1RyYWl0Gi8KJ2hvbWUuaW50ZXJuYWwudHJhaXRzLkJhY2tlbmRTdGF0dXNUcmFpdBIECAEQAQ==)'
02-04 12:10:51.357 17320 22542 V GhpNative: I0000 00:00:1770235851.357260   22542 subscription_manager_impl.cc:774] Notifying object on sub@f9765b50 for [PII](expiration@internal) with traits: home.internal.traits.BackendStatusTrait, home.internal.traits.SupportedTypesTrait
02-04 12:10:51.357 17320 22542 V GhpNative: with SupportedTypesTrait: [PII](Eidob21lLmludGVybmFsLnRyYWl0cy5CYWNrZW5kU3RhdHVzVHJhaXQaLwonaG9tZS5pbnRlcm5hbC50cmFpdHMuQmFja2VuZFN0YXR1c1RyYWl0EgQIARAB)
02-04 12:10:51.357 17320 22542 V GhpNative: I0000 00:00:1770235851.357487   22542 subscription_manager_impl.cc:774] Notifying object on sub@2197d846 for [PII](expiration@internal) with traits: home.internal.traits.BackendStatusTrait, home.internal.traits.SupportedTypesTrait
02-04 12:10:51.357 17320 22542 V GhpNative: with SupportedTypesTrait: [PII](Eidob21lLmludGVybmFsLnRyYWl0cy5CYWNrZW5kU3RhdHVzVHJhaXQaLwonaG9tZS5pbnRlcm5hbC50cmFpdHMuQmFja2VuZFN0YXR1c1RyYWl0EgQIARAB)
02-04 12:10:51.357 17320 22542 V GhpNative: I0000 00:00:1770235851.357660   22542 subscription_manager_impl.cc:774] Notifying object on sub@e2c7bcec for [PII](expiration@internal) with traits: home.internal.traits.BackendStatusTrait
02-04 12:10:51.357 17320 22542 V GhpNative: with SupportedTypesTrait: [PII](Eidob21lLmludGVybmFsLnRyYWl0cy5CYWNrZW5kU3RhdHVzVHJhaXQ=)
