02-04 12:10:51.358 17320 22542 V GhpNative: I0000 00:00:1770235851.358208   22542 subscription_manager_impl.cc:697] Got object update:
02-04 12:10:51.358 17320 22542 V GhpNative: == Object [PII](shadow_cache@core_data_expiration) ==
02-04 12:10:51.358 17320 22542 V GhpNative:   -> Trait: 'home.internal.traits.SupportedTypesTrait'
02-04 12:10:51.358 17320 22542 V GhpNative:   ---> ProtoValue: '[PII](Cjx0eXBlLmdvb2dsZWFwaXMuY29tL2hvbWUuaW50ZXJuYWwudHJhaXRzLlN1cHBvcnRlZFR5cGVzVHJhaXQSSAofaG9tZS5pbnRlcm5hbC50eXBlcy5TaGFkb3dDYWNoZRIlaG9tZS5pbnRlcm5hbC50cmFpdHMuU2hhZG93Q2FjaGVUcmFpdA==)'
02-04 12:10:51.358 17320 22542 V GhpNative:   -> Trait: 'home.internal.traits.ShadowCacheTrait'
02-04 12:10:51.358 17320 22542 V GhpNative:   ---> ProtoValue: '[PII](Cjl0eXBlLmdvb2dsZWFwaXMuY29tL2hvbWUuaW50ZXJuYWwudHJhaXRzLlNoYWRvd0NhY2hlVHJhaXQScApuEmwKE2V4cGlyYXRpb25AaW50ZXJuYWwSKQonaG9tZS5pbnRlcm5hbC50cmFpdHMuQmFja2VuZFN0YXR1c1RyYWl0EioKKGhvbWUuaW50ZXJuYWwudHJhaXRzLlN1cHBvcnRlZFR5cGVzVHJhaXQ=)'
02-04 12:10:51.359 17320 22542 V GhpNative: I0000 00:00:1770235851.359314   22542 subscription_manager_impl.cc:774] Notifying object on sub@f9765b50 for [PII](shadow_cache@core_data_expiration) with traits: home.internal.traits.SupportedTypesTrait, home.internal.traits.ShadowCacheTrait
02-04 12:10:51.359 17320 22542 V GhpNative: with SupportedTypesTrait: [PII](Ch9ob21lLmludGVybmFsLnR5cGVzLlNoYWRvd0NhY2hlEiVob21lLmludGVybmFsLnRyYWl0cy5TaGFkb3dDYWNoZVRyYWl0)
02-04 12:10:51.359 17320 22542 V GhpNative: I0000 00:00:1770235851.359477   22542 subscription_manager_impl.cc:774] Notifying object on sub@2197d846 for [PII](shadow_cache@core_data_expiration) with traits: home.internal.traits.SupportedTypesTrait, home.internal.traits.ShadowCacheTrait
02-04 12:10:51.359 17320 22542 V GhpNative: with SupportedTypesTrait: [PII](Ch9ob21lLmludGVybmFsLnR5cGVzLlNoYWRvd0NhY2hlEiVob21lLmludGVybmFsLnRyYWl0cy5TaGFkb3dDYWNoZVRyYWl0)
02-04 12:10:51.564 17320 22542 I GhpNative: I0000 00:00:1770235851.564812   22542 cloud_client_backend.cc:1506] #GHP #cloudBE Subscribing to cloud with label: ghp-controller
02-04 12:10:51.566 17320 22542 V GhpNative: I0000 00:00:1770235851.566393   22542 core_manager_impl.cc:1830] Transaction 137 on meshinteractioncloudclient
02-04 12:10:51.566 17320 22542 V GhpNative: == SendCommandsRequest ==
02-04 12:10:51.566 17320 22542 V GhpNative: [0]: == Object [PII](meshinteractiondriver@channel) ==
02-04 12:10:51.566 17320 22542 V GhpNative:   -> Trait: 'home.internal.traits.MeshInteractionDriverTrait.RegisterTraitSubscriberCommand'
02-04 12:10:51.566 17320 22542 V GhpNative:   ---> ProtoValue: '[PII](CmJ0eXBlLmdvb2dsZWFwaXMuY29tL2hvbWUuaW50ZXJuYWwudHJhaXRzLk1lc2hJbnRlcmFjdGlvbkRyaXZlclRyYWl0LlJlZ2lzdGVyVHJhaXRTdWJzY3JpYmVyQ29tbWFuZBKGBQpCCigKJDYzYTNhNWUzLTNhYWItZTk4OS02ZjgzLWViNzZkNjFlYmMwNhACEhYaFBISCAgyDmdocC1jb250cm9sbGVyEhUxMDYxNjA3MTk2MzU0NTYyNjYwMTAaG21lc2hpbnRlcmFjdGlvbmNsaWVudEBjbG91ZCKLBHlhMjkubS5DcUFDQVRhSThTMTc0LWdhMkVqM0VjbXdjUC1yb1FnUkFrNWNGYmwyb3RrOUswYWVrZjhuODdVXy1lQW1QU0FKeEhVaDl5aGYzbHNpSWd4WEtaUmlJVlhSR1ZXTXZSdENpdHUtY3g5Z1M5Wm9RUFJOOXJsdmRObGt2d0tDLVRwR1NEMmJJMktpVHRqM2pPOVdIYklzLVZRNmN5WjJkVUgyZ294d1BnWE9rRmJzU3ZJZ3pGdFl5eENhRUMzcUZwYVcxY1JnWmlnMVdKcjROdHQ0TnNsaFJBVWZDVVZRQnlScFRHaGNTN3JJYjREek15N1pnRkNKaUVQNHNVcnBIVWtkSkNyVHQyaTdzcXB0UTB2emlBWWVhbGF6UllmZE5aU1hWUmdyTkNJejJYZUhoandOUEQwOHpETjRRazFReXduTWdNU2w1bFF1TENPdkFPTzlSUTVYY3h5WTRBek5KcllrTE85RE16SXdWMEZ2ZE1MQmprdDBwMzkwVC16d09ybTNSRGQtRWdrSUFSSURFTXdjR0FBYUlOLWtLZ1pfTHRGLXQ2QXE2Zmg0UURCOEtqcE95NzNrNnUzd0cwTHBhclZRSWdJSUFTb3JZVU5uV1V0QlZGVlRRVkpCVTBaUlNFZFlNazFwVTFGcVdVTkpVR1Z2TWtVMFV6a3pRVXRtYTE5dFp6QUE=)'
02-04 12:10:51.685 17320 22542 I RpcRunner: (REDACTED) Retrieving ClientContext and token for %s.
02-04 12:10:51.686 17320 22542 I RpcRunner: (REDACTED) Executing RPC %s
02-04 12:10:51.703 17320 22542 I RpcRunner: (REDACTED) RPC %s completed successfully.
02-04 12:10:51.709 17320 22542 V GhpNative: I0000 00:00:1770235851.708948   22542 core_manager_impl.cc:429] Transaction 137 on meshinteractioncloudclient
02-04 12:10:51.709 17320 22542 V GhpNative: == SendCommandsResponse ==
02-04 12:10:51.709 17320 22542 V GhpNative:   -> Object[0]: '[PII](meshinteractiondriver@channel)'
02-04 12:10:51.709 17320 22542 V GhpNative:   ---> Command Response Type ID: 'home.internal.traits.MeshInteractionDriverTrait.RegisterTraitSubscriberCommandResponse'
02-04 12:10:51.709 17320 22542 V GhpNative:   ---> Response Value: '[PII](proto:CgMxNDc=)'
02-04 12:10:51.709 17320 22542 V GhpNative:   ---> Response ProtoValue: '[PII](Cmp0eXBlLmdvb2dsZWFwaXMuY29tL2hvbWUuaW50ZXJuYWwudHJhaXRzLk1lc2hJbnRlcmFjdGlvbkRyaXZlclRyYWl0LlJlZ2lzdGVyVHJhaXRTdWJzY3JpYmVyQ29tbWFuZFJlc3BvbnNlEgUKAzE0Nw==)'
02-04 12:10:51.716 17320 22542 I GhpNative: I0000 00:00:1770235851.716055   22542 cloud_client_backend.cc:1565] [PII] Subscribed to cloud with app_id: AndroidAlias:com.google.android.apps.chromecast.app:+EVrHZmGrPnOIftFCw0yuJXzaIU= and structure_id: 63a3a5e3-3aab-e989-6f83-eb76d61ebc06
02-04 12:10:51.716 17320 22542 V GhpNative: I0000 00:00:1770235851.716806   22542 object_cache_impl.cc:658] Got update notification from cloudclient.internal on cloudclient.sub@00000000(omit_storage=true):
02-04 12:10:51.716 17320 22542 V GhpNative: == Object [PII](cloud_connectivity@com.google.android.apps.chromecast.app.+EVrHZmGrPnOIftFCw0yuJXzaIU=.63a3a5e3-3aab-e989-6f83-eb76d61ebc06) ==
02-04 12:10:51.716 17320 22542 V GhpNative:   -> Trait: 'home.internal.traits.CloudConnectionStateTrait'
02-04 12:10:51.716 17320 22542 V GhpNative:   ---> ProtoValue: '[PII](CkJ0eXBlLmdvb2dsZWFwaXMuY29tL2hvbWUuaW50ZXJuYWwudHJhaXRzLkNsb3VkQ29ubmVjdGlvblN0YXRlVHJhaXQSNQgCEiQ2M2EzYTVlMy0zYWFiLWU5ODktNmY4My1lYjc2ZDYxZWJjMDYaC2Nsb3VkY2xpZW50)'
02-04 12:10:51.716 17320 22542 V GhpNative:   -> Trait: 'home.internal.traits.SupportedTypesTrait'
02-04 12:10:51.716 17320 22542 V GhpNative:   ---> ProtoValue: '[PII](Cjx0eXBlLmdvb2dsZWFwaXMuY29tL2hvbWUuaW50ZXJuYWwudHJhaXRzLlN1cHBvcnRlZFR5cGVzVHJhaXQSVwolaG9tZS5pbnRlcm5hbC50eXBlcy5DbG91ZENvbm5lY3Rpdml0eRIuaG9tZS5pbnRlcm5hbC50cmFpdHMuQ2xvdWRDb25uZWN0aW9uU3RhdGVUcmFpdA==)'
02-04 12:10:51.718 17320 22542 V GhpNative: I0000 00:00:1770235851.717987   22542 subscription_manager_impl.cc:697] Got object update:
02-04 12:10:51.718 17320 22542 V GhpNative: == Object [PII](cloud_connectivity@com.google.android.apps.chromecast.app.+EVrHZmGrPnOIftFCw0yuJXzaIU=.63a3a5e3-3aab-e989-6f83-eb76d61ebc06) ==
02-04 12:10:51.718 17320 22542 V GhpNative:   -> Trait: 'home.internal.traits.CloudConnectionStateTrait'
02-04 12:10:51.718 17320 22542 V GhpNative:   ---> ProtoValue: '[PII](CkJ0eXBlLmdvb2dsZWFwaXMuY29tL2hvbWUuaW50ZXJuYWwudHJhaXRzLkNsb3VkQ29ubmVjdGlvblN0YXRlVHJhaXQSNQgCEiQ2M2EzYTVlMy0zYWFiLWU5ODktNmY4My1lYjc2ZDYxZWJjMDYaC2Nsb3VkY2xpZW50)'
02-04 12:10:51.718 17320 22542 V GhpNative:   -> Trait: 'home.internal.traits.SupportedTypesTrait'
02-04 12:10:51.718 17320 22542 V GhpNative:   ---> ProtoValue: '[PII](Cjx0eXBlLmdvb2dsZWFwaXMuY29tL2hvbWUuaW50ZXJuYWwudHJhaXRzLlN1cHBvcnRlZFR5cGVzVHJhaXQSjwEKJWhvbWUuaW50ZXJuYWwudHlwZXMuQ2xvdWRDb25uZWN0aXZpdHkSLmhvbWUuaW50ZXJuYWwudHJhaXRzLkNsb3VkQ29ubmVjdGlvblN0YXRlVHJhaXQaNgouaG9tZS5pbnRlcm5hbC50cmFpdHMuQ2xvdWRDb25uZWN0aW9uU3RhdGVUcmFpdBIECAEQAQ==)'
02-04 12:10:51.722 17320 22542 V GhpNative: I0000 00:00:1770235851.722463   22542 subscription_manager_impl.cc:774] Notifying object on sub@b249ae4e for [PII](cloud_connectivity@com.google.android.apps.chromecast.app.+EVrHZmGrPnOIftFCw0yuJXzaIU=.63a3a5e3-3aab-e989-6f83-eb76d61ebc06) with traits: home.internal.traits.CloudConnectionStateTrait
02-04 12:10:51.722 17320 22542 V GhpNative: with SupportedTypesTrait: [PII](Ei5ob21lLmludGVybmFsLnRyYWl0cy5DbG91ZENvbm5lY3Rpb25TdGF0ZVRyYWl0)
02-04 12:10:51.723 17320 22542 V GhpNative: I0000 00:00:1770235851.723271   22542 subscription_manager_impl.cc:774] Notifying object on sub@2197d846 for [PII](cloud_connectivity@com.google.android.apps.chromecast.app.+EVrHZmGrPnOIftFCw0yuJXzaIU=.63a3a5e3-3aab-e989-6f83-eb76d61ebc06) with traits: home.internal.traits.CloudConnectionStateTrait, home.internal.traits.SupportedTypesTrait
02-04 12:10:51.723 17320 22542 V GhpNative: with SupportedTypesTrait: [PII](CiVob21lLmludGVybmFsLnR5cGVzLkNsb3VkQ29ubmVjdGl2aXR5Ei5ob21lLmludGVybmFsLnRyYWl0cy5DbG91ZENvbm5lY3Rpb25TdGF0ZVRyYWl0GjYKLmhvbWUuaW50ZXJuYWwudHJhaXRzLkNsb3VkQ29ubmVjdGlvblN0YXRlVHJhaXQSBAgBEAE=)
02-04 12:10:51.723 17320 22542 V GhpNative: I0000 00:00:1770235851.723595   22542 subscription_manager_impl.cc:774] Notifying object on sub@f9765b50 for [PII](cloud_connectivity@com.google.android.apps.chromecast.app.+EVrHZmGrPnOIftFCw0yuJXzaIU=.63a3a5e3-3aab-e989-6f83-eb76d61ebc06) with traits: home.internal.traits.CloudConnectionStateTrait, home.internal.traits.SupportedTypesTrait
02-04 12:10:51.723 17320 22542 V GhpNative: with SupportedTypesTrait: [PII](CiVob21lLmludGVybmFsLnR5cGVzLkNsb3VkQ29ubmVjdGl2aXR5Ei5ob21lLmludGVybmFsLnRyYWl0cy5DbG91ZENvbm5lY3Rpb25TdGF0ZVRyYWl0GjYKLmhvbWUuaW50ZXJuYWwudHJhaXRzLkNsb3VkQ29ubmVjdGlvblN0YXRlVHJhaXQSBAgBEAE=)
02-04 12:10:51.741 17320 22542 V GhpNative: I0000 00:00:1770235851.740561   22542 subscription_manager_impl.cc:697] Got object update:
02-04 12:10:51.741 17320 22542 V GhpNative: == Object [PII](shadow_cache@cloudclient) ==
02-04 12:10:51.741 17320 22542 V GhpNative:   -> Trait: 'home.internal.traits.SupportedTypesTrait'
02-04 12:10:51.741 17320 22542 V GhpNative:   ---> ProtoValue: '[PII](Cjx0eXBlLmdvb2dsZWFwaXMuY29tL2hvbWUuaW50ZXJuYWwudHJhaXRzLlN1cHBvcnRlZFR5cGVzVHJhaXQSSAofaG9tZS5pbnRlcm5hbC50eXBlcy5TaGFkb3dDYWNoZRIlaG9tZS5pbnRlcm5hbC50cmFpdHMuU2hhZG93Q2FjaGVUcmFpdA==)'
02-04 12:10:51.741 17320 22542 V GhpNative:   -> Trait: 'home.internal.traits.ShadowCacheTrait'
02-04 12:10:51.741 17320 22542 V GhpNative:   ---> ProtoValue: '[PII](Cjl0eXBlLmdvb2dsZWFwaXMuY29tL2hvbWUuaW50ZXJuYWwudHJhaXRzLlNoYWRvd0NhY2hlVHJhaXQSyaYCCqMDCiRjNDdlMjhkYi0yZTdiLTg4YzktYmQxNS0zYjE3MjFkYTcyNDMSqgEKEnBlcm1pc3Npb25zQGdsb2JhbBIqCihob21lLmludGVybmFsLnRyYWl0cy5TdXBwb3J0ZWRUeXBlc1RyYWl0EjEKL2hvbWUuaW50ZXJuYWwudHJhaXRzLkNsb3VkUGVybWlzc2lvbkNvbmZpZ1RyYWl0EjUKM2hvbWUuaW50ZXJuYWwudHJhaXRzLkNsb3VkUGVybWlzc2lvbkNvbmZpZ0RhdGFUcmFpdBLNAQpGdXNlcl9jb25maWdAYzQ3ZTI4ZGItMmU3Yi04OGM5LWJkMTUtM2IxNzIxZGE3MjQzLjEwNjE2MDcxOTYzNTQ1NjI2NjAxMBIqCihob21lLmludGVybmFsLnRyYWl0cy5TdXBwb3J0ZWRUeXBlc1RyYWl0EisKKWhvbWUuaW50ZXJuYWwudHJhaXRzLlJvbGVBc3NpZ25tZW50c1RyYWl0EioKKGhvbWUuaW50ZXJuYWwudHJhaXRzLkNvbnRyb2xsZXJJbmZvVHJhaXQKlgwKCGludGVybmFsEtsBCntjbG91ZF9jb25uZWN0aXZpdHlAY29tLmdvb2dsZS5hbmRyb2lkLmFwcHMuY2hyb21lY2FzdC5hcHAuK0VWckhabUdyUG5PSWZ0RkN3MHl1Slh6YUlVPS4zNTVlZWE5Mi0wOWU3LTRkZDEtYTY1NS0wOTg5OGRjY2U5MjcSMAouaG9tZS5pbnRlcm5hbC50cmFpdHMuQ2xvdWRDb25uZWN0aW9uU3RhdGVUcmFpdBIqCihob21lLmludGVybmFsLnRyYWl0cy5TdXBwb3J0ZWRUeXBlc1RyYWl0EtsBCntjbG91ZF9jb25uZWN0aXZpdHlAY29tLmdvb2dsZS5hbmRyb2lkLmFwcHMuY2hyb21lY2FzdC5hcHAuK0VWckhabUdyUG5PSWZ0RkN3MHl1Slh6YUlVPS5jNDdlMjhkYi0yZTdiLTg4YzktYmQxNS0zYjE3MjFkYTcyNDMSMAouaG9tZS5pbnRlcm5hbC50cmFpdHMuQ2xvdWRDb25uZWN0aW9uU3RhdGVUcmFpdBIqCihob21lLmludGVybmFsLnRyYWl0cy5TdXBwb3J0ZWRUeXBlc1RyYWl0EnMKEnBlcm1pc3Npb25zQGdsb2JhbBIqCihob21lLmludGVybmFsLnRyYWl0cy5TdXBwb3J0ZWRUeXBlc1RyYWl0EjEKL2hvbWUuaW50ZXJuYWwudHJhaXRzLkNsb3VkUGVybWlzc2lvbkNvbmZpZ1RyYWl0EnkKG21lc2hpbnRlcmFjdGlvbmNsaWVudEBjbG91ZBIqCihob21lLmludGVybmFsLnRyYWl0cy5TdXBwb3J0ZWRUeXBlc1RyYWl0Ei4KLGhvbWUuaW50ZXJuYWwudHJhaXRzLkNsb3VkU2VydmljZUNsaWVudFRyYWl0EtsBCntjbG91ZF9jb25uZWN0aXZpdHlAY29tLmdvb2dsZS5hbmRyb2lkLmFwcHMuY2hyb21lY2FzdC5hcHAuK0VWckhabUdyUG5PSWZ0RkN3MHl1Slh6YUlVPS43MmMwYmY3YS01YjFkLTRhNzAtYjE2Yi04M2E2ZTBhZTUwYWYSMAouaG9tZS5pbnRlcm5hbC50cmFpdHMuQ2xvdWRDb25uZWN0aW9uU3RhdGVUcmFpdBIqCihob21lLmludGVybmFsLnRyYWl0cy5TdXBwb3J0ZWRUeXBlc1RyYWl0EsMBCmNjbG91ZF9jb25uZWN0aXZpdHlAY29tLmdvb2dsZS5hbmRyb2lkLmFwcHMuY2hyb21lY2FzdC5hcHAuK0VWckhabUdyUG5PSWZ0RkN3MHl1Slh6YUlVPS5uby1zdHJ1Y3R1cmUSMAouaG9tZS5pbnRlcm5hbC50cmFpdHMuQ2xvdWRDb25uZWN0aW9uU3RhdGVUcmFpdBIqCihob21lLmludGVybmFsLnRyYWl0cy5TdXBwb3J0ZWRUeXBlc1RyYWl0EtsBCntjbG91ZF9jb25uZWN0aXZpdHlAY29tLmdvb2dsZS5hbmRyb2lkLmFwcHMuY2hyb21lY2FzdC5hcHAuK0VWckhabUdyUG5PSWZ0RkN3MHl1Slh6YUlVPS42M2EzYTVlMy0zYWFiLWU5ODktNmY4My1lYjc2ZDYxZWJjMDYSMAouaG9tZS5pbnRlcm5hbC50cmFpdHMuQ2xvdWRDb25uZWN0aW9uU3RhdGVUcmFpdBIqCihob21lLmludGVybmFsLnRyYWl0cy5TdXBwb3J0ZWRUeXBlc1RyYWl0EtsBCntjbG91ZF9jb25uZWN0aXZpdHlAY29tLmdvb2dsZS5hbmRyb2lkLmFwcHMuY2hyb21lY2FzdC5hcHAuK0VWckhabUdyUG5PSWZ0RkN3MHl1Slh6YUlVPS5iNTk3YjVjMS1kNzg3LTRmY2QtOWRhOS0yNDI2NTRlZmQ2YjMSMAouaG9tZS5pbnRlcm5hbC50cmFpdHMuQ2xvdWRDb25uZWN0aW9uU3RhdGVUcmFpdBIqCihob21lLmludGVybmFsLnRyYWl0cy5TdXBwb3J0ZWRUeXBlc1RyYWl0CqDIAQokMzU1ZWVhOTItMDllNy00ZGQxLWE2NTUtMDk4OThkY2NlOTI3EscBCl5kZXZpY2U8LT5zdHJ1Y3R1cmVAYjZhOWE4N2YtM2U4Mi00Yzk0LWE1YjktZThhMGExNmI5YzcxPC0+MzU1ZWVhOTItMDllNy00ZGQxLWE2NTUtMDk4OThkY2NlOTI3EioKKGhvbWUuaW50ZXJuYWwudHJhaXRzLlN1cHBvcnRlZFR5cGVzVHJhaXQSOQo3aG9tZS5wbGF0Zm9ybS50cmFpdHMuRGV2aWNlSW5TdHJ1Y3R1cmVSZWxhdGlvbnNoaXBUcmFpdBLnAgpDY29tcG9uZW50QGI5MjIyZDZkLTQ0MTAtNGEwMC1iN2I5LTI4NDQ2N2RmODAyZC5Db21wb25lbnQ6VEhFUk1PU1RBVBIqCihob21lLmludGVybmFsLnRyYWl0cy5TdXBwb3J0ZWRUeXBlc1RyYWl0EigKJmhvbWUuaW50ZXJuYWwudHJhaXRzLlBhcmVudERldmljZVRyYWl0EiAKHmhvbWUubWF0dGVyLjAwMDAuY2x1c3RlcnMuMDIwNBIgCh5ob21lLm1hdHRlci4wMDAwLmNsdXN0ZXJzLjAyMDESIAoeaG9tZS5tYXR0ZXIuNjAwNi5jbHVzdGVycy5mYzQ5EiAKHmhvbWUubWF0dGVyLjAwMDAuY2x1c3RlcnMuMDQwNRIgCh5ob21lLm1hdHRlci42MDA2LmNsdXN0ZXJzLmZjMTASIAoeaG9tZS5tYXR0ZXIuNjAwNi5jbHVzdGVycy5mYzQyEuIBCn5kZXZpY2U8LT5yb29tQDg4ODhlODM4LTY0MzgtNGM5NC1iNTk0LTEwMWM5ZTA5ZDM1MTwtPjM1NWVlYTkyLTA5ZTctNGRkMS1hNjU1LTA5ODk4ZGNjZTkyNy4zN2RkNTEzNS1iZWYzLTQ3OGMtODYwOS0yOTI4ZjA4NTZmYTYSKgooaG9tZS5pbnRlcm5hbC50cmFpdHMuU3VwcG9ydGVkVHlwZXNUcmFpdBI0CjJob21lLnBsYXRmb3JtLnRyYWl0cy5EZXZpY2VJblJvb21SZWxhdGlvbnNoaXBUcmFpdBKeAQpOcm9vbUAzNTVlZWE5Mi0wOWU3LTRkZDEtYTY1NS0wOTg5OGRjY2U5MjcuZGVhNWMyOTgtNzVjNy00NzA0LTllOWItNTI5YjJmYWNhZDhhEioKKGhvbWUuaW50ZXJuYWwudHJhaXRzLlN1cHBvcnRlZF
02-04 12:10:51.741 17320 22542 V GhpNative: 
02-04 12:10:51.743 17320 22542 V GhpNative: I0000 00:00:1770235851.743373   22542 subscription_manager_impl.cc:774] Notifying object on sub@f9765b50 for [PII](shadow_cache@cloudclient) with traits: home.internal.traits.SupportedTypesTrait, home.internal.traits.ShadowCacheTrait
02-04 12:10:51.743 17320 22542 V GhpNative: with SupportedTypesTrait: [PII](Ch9ob21lLmludGVybmFsLnR5cGVzLlNoYWRvd0NhY2hlEiVob21lLmludGVybmFsLnRyYWl0cy5TaGFkb3dDYWNoZVRyYWl0)
02-04 12:10:51.743 17320 22542 V GhpNative: I0000 00:00:1770235851.743594   22542 subscription_manager_impl.cc:774] Notifying object on sub@2197d846 for [PII](shadow_cache@cloudclient) with traits: home.internal.traits.SupportedTypesTrait, home.internal.traits.ShadowCacheTrait
02-04 12:10:51.743 17320 22542 V GhpNative: with SupportedTypesTrait: [PII](Ch9ob21lLmludGVybmFsLnR5cGVzLlNoYWRvd0NhY2hlEiVob21lLmludGVybmFsLnRyYWl0cy5TaGFkb3dDYWNoZVRyYWl0)
02-04 12:10:51.744 17320 22542 V GhpNative: I0000 00:00:1770235851.744515   22542 object_cache_impl.cc:658] Got update notification from core_data_expiration on core_data_expiration.sub@00000000(omit_storage=false):
02-04 12:10:51.744 17320 22542 V GhpNative: == Object [PII](expiration@internal) ==
02-04 12:10:51.744 17320 22542 V GhpNative:   -> Trait: 'home.internal.traits.BackendStatusTrait'
02-04 12:10:51.744 17320 22542 V GhpNative:   ---> ProtoValue: '[PII](Cjt0eXBlLmdvb2dsZWFwaXMuY29tL2hvbWUuaW50ZXJuYWwudHJhaXRzLkJhY2tlbmRTdGF0dXNUcmFpdBLWAhI7CAEQr8+OzAYaC2Nsb3VkY2xpZW50IiRiNTk3YjVjMS1kNzg3LTRmY2QtOWRhOS0yNDI2NTRlZmQ2YjMSOwgAEMvPjswGGgtjbG91ZGNsaWVudCIkYzQ3ZTI4ZGItMmU3Yi04OGM5LWJkMTUtM2IxNzIxZGE3MjQzEjsIARDCz47MBhoLY2xvdWRjbGllbnQiJDYzYTNhNWUzLTNhYWItZTk4OS02ZjgzLWViNzZkNjFlYmMwNhI7CAEQsM+OzAYaC2Nsb3VkY2xpZW50IiQzNTVlZWE5Mi0wOWU3LTRkZDEtYTY1NS0wOTg5OGRjY2U5MjcSOwgBELDPjswGGgtjbG91ZGNsaWVudCIkNzJjMGJmN2EtNWIxZC00YTcwLWIxNmItODNhNmUwYWU1MGFmEiMIARCwz47MBhoLY2xvdWRjbGllbnQiDG5vLXN0cnVjdHVyZQ==)'
02-04 12:10:51.745 17320 22542 V GhpNative: I0000 00:00:1770235851.745171   22542 subscription_manager_impl.cc:697] Got object update:
02-04 12:10:51.745 17320 22542 V GhpNative: == Object [PII](expiration@internal) ==
02-04 12:10:51.745 17320 22542 V GhpNative:   -> Trait: 'home.internal.traits.BackendStatusTrait'
02-04 12:10:51.745 17320 22542 V GhpNative:   ---> ProtoValue: '[PII](Cjt0eXBlLmdvb2dsZWFwaXMuY29tL2hvbWUuaW50ZXJuYWwudHJhaXRzLkJhY2tlbmRTdGF0dXNUcmFpdBLWAhI7CAEQr8+OzAYaC2Nsb3VkY2xpZW50IiRiNTk3YjVjMS1kNzg3LTRmY2QtOWRhOS0yNDI2NTRlZmQ2YjMSOwgAEMvPjswGGgtjbG91ZGNsaWVudCIkYzQ3ZTI4ZGItMmU3Yi04OGM5LWJkMTUtM2IxNzIxZGE3MjQzEjsIARDCz47MBhoLY2xvdWRjbGllbnQiJDYzYTNhNWUzLTNhYWItZTk4OS02ZjgzLWViNzZkNjFlYmMwNhI7CAEQsM+OzAYaC2Nsb3VkY2xpZW50IiQzNTVlZWE5Mi0wOWU3LTRkZDEtYTY1NS0wOTg5OGRjY2U5MjcSOwgBELDPjswGGgtjbG91ZGNsaWVudCIkNzJjMGJmN2EtNWIxZC00YTcwLWIxNmItODNhNmUwYWU1MGFmEiMIARCwz47MBhoLY2xvdWRjbGllbnQiDG5vLXN0cnVjdHVyZQ==)'
02-04 12:10:51.745 17320 22542 V GhpNative:   -> Trait: 'home.internal.traits.SupportedTypesTrait'
02-04 12:10:51.745 17320 22542 V GhpNative:   ---> ProtoValue: '[PII](Cjx0eXBlLmdvb2dsZWFwaXMuY29tL2hvbWUuaW50ZXJuYWwudHJhaXRzLlN1cHBvcnRlZFR5cGVzVHJhaXQSWhInaG9tZS5pbnRlcm5hbC50cmFpdHMuQmFja2VuZFN0YXR1c1RyYWl0Gi8KJ2hvbWUuaW50ZXJuYWwudHJhaXRzLkJhY2tlbmRTdGF0dXNUcmFpdBIECAEQAQ==)'
02-04 12:10:51.747 17320 22542 V GhpNative: I0000 00:00:1770235851.747143   22542 subscription_manager_impl.cc:774] Notifying object on sub@f9765b50 for [PII](expiration@internal) with traits: home.internal.traits.BackendStatusTrait, home.internal.traits.SupportedTypesTrait
02-04 12:10:51.747 17320 22542 V GhpNative: with SupportedTypesTrait: [PII](Eidob21lLmludGVybmFsLnRyYWl0cy5CYWNrZW5kU3RhdHVzVHJhaXQaLwonaG9tZS5pbnRlcm5hbC50cmFpdHMuQmFja2VuZFN0YXR1c1RyYWl0EgQIARAB)
02-04 12:10:51.747 17320 22542 V GhpNative: I0000 00:00:1770235851.747352   22542 subscription_manager_impl.cc:774] Notifying object on sub@e2c7bcec for [PII](expiration@internal) with traits: home.internal.traits.BackendStatusTrait
02-04 12:10:51.747 17320 22542 V GhpNative: with SupportedTypesTrait: [PII](Eidob21lLmludGVybmFsLnRyYWl0cy5CYWNrZW5kU3RhdHVzVHJhaXQ=)
02-04 12:10:51.747 17320 22542 V GhpNative: I0000 00:00:1770235851.747457   22542 subscription_manager_impl.cc:774] Notifying object on sub@2197d846 for [PII](expiration@internal) with traits: home.internal.traits.BackendStatusTrait, home.internal.traits.SupportedTypesTrait
02-04 12:10:51.747 17320 22542 V GhpNative: with SupportedTypesTrait: [PII](Eidob21lLmludGVybmFsLnRyYWl0cy5CYWNrZW5kU3RhdHVzVHJhaXQaLwonaG9tZS5pbnRlcm5hbC50cmFpdHMuQmFja2VuZFN0YXR1c1RyYWl0EgQIARAB)
02-04 12:10:51.748 17320 22542 V GhpNative: I0000 00:00:1770235851.748501   22542 subscription_manager_impl.cc:697] Got object update:
02-04 12:10:51.748 17320 22542 V GhpNative: == Object [PII](shadow_cache@core_data_expiration) ==
02-04 12:10:51.748 17320 22542 V GhpNative:   -> Trait: 'home.internal.traits.SupportedTypesTrait'
02-04 12:10:51.748 17320 22542 V GhpNative:   ---> ProtoValue: '[PII](Cjx0eXBlLmdvb2dsZWFwaXMuY29tL2hvbWUuaW50ZXJuYWwudHJhaXRzLlN1cHBvcnRlZFR5cGVzVHJhaXQSSAofaG9tZS5pbnRlcm5hbC50eXBlcy5TaGFkb3dDYWNoZRIlaG9tZS5pbnRlcm5hbC50cmFpdHMuU2hhZG93Q2FjaGVUcmFpdA==)'
02-04 12:10:51.748 17320 22542 V GhpNative:   -> Trait: 'home.internal.traits.ShadowCacheTrait'
02-04 12:10:51.748 17320 22542 V GhpNative:   ---> ProtoValue: '[PII](Cjl0eXBlLmdvb2dsZWFwaXMuY29tL2hvbWUuaW50ZXJuYWwudHJhaXRzLlNoYWRvd0NhY2hlVHJhaXQScApuEmwKE2V4cGlyYXRpb25AaW50ZXJuYWwSKQonaG9tZS5pbnRlcm5hbC50cmFpdHMuQmFja2VuZFN0YXR1c1RyYWl0EioKKGhvbWUuaW50ZXJuYWwudHJhaXRzLlN1cHBvcnRlZFR5cGVzVHJhaXQ=)'
02-04 12:10:51.750 17320 22542 V GhpNative: I0000 00:00:1770235851.750013   22542 subscription_manager_impl.cc:774] Notifying object on sub@f9765b50 for [PII](shadow_cache@core_data_expiration) with traits: home.internal.traits.SupportedTypesTrait, home.internal.traits.ShadowCacheTrait
02-04 12:10:51.750 17320 22542 V GhpNative: with SupportedTypesTrait: [PII](Ch9ob21lLmludGVybmFsLnR5cGVzLlNoYWRvd0NhY2hlEiVob21lLmludGVybmFsLnRyYWl0cy5TaGFkb3dDYWNoZVRyYWl0)
02-04 12:10:51.750 17320 22542 V GhpNative: I0000 00:00:1770235851.750213   22542 subscription_manager_impl.cc:774] Notifying object on sub@2197d846 for [PII](shadow_cache@core_data_expiration) with traits: home.internal.traits.SupportedTypesTrait, home.internal.traits.ShadowCacheTrait
02-04 12:10:51.750 17320 22542 V GhpNative: with SupportedTypesTrait: [PII](Ch9ob21lLmludGVybmFsLnR5cGVzLlNoYWRvd0NhY2hlEiVob21lLmludGVybmFsLnRyYWl0cy5TaGFkb3dDYWNoZVRyYWl0)
02-04 12:10:52.122 17320 22561 W MeshInteractionServiceG: Failed to registerTraitSubscriber or the subscription was aborted with account=Account {name=daniel.cardenas@gmail.com, type=com.google}, structure=63a3a5e3-3aab-e989-6f83-eb76d61ebc06, error=afwz{code=PERMISSION_DENIED, description=The caller does not have permission, cause=null} [CONTEXT service_id=336 ]
02-04 12:10:52.123 17320 22561 E meshinteractiondriver: MeshInteractionService stream closed unexpectedly due to error: PERMISSION_DENIED: The caller does not have permission [CONTEXT service_id=336 ]
02-04 12:10:52.131 17320 22542 V GhpNative: I0000 00:00:1770235852.130727   22542 core_manager_impl.cc:1830] Transaction 138 on meshinteractiondriver-to-core
02-04 12:10:52.131 17320 22542 V GhpNative: == SendCommandsRequest ==
02-04 12:10:52.131 17320 22542 V GhpNative: [0]: == Object [PII](meshinteractionclient@cloud) ==
02-04 12:10:52.131 17320 22542 V GhpNative:   -> Trait: 'home.internal.traits.CloudServiceClientTrait.ClosedStreamCommand'
02-04 12:10:52.131 17320 22542 V GhpNative:   ---> ProtoValue: '[PII](ClR0eXBlLmdvb2dsZWFwaXMuY29tL2hvbWUuaW50ZXJuYWwudHJhaXRzLkNsb3VkU2VydmljZUNsaWVudFRyYWl0LkNsb3NlZFN0cmVhbUNvbW1hbmQSBwoDMTQ3EAc=)'
02-04 12:10:52.146 17320 22542 I GhpNative: I0000 00:00:1770235852.146604   22542 cloud_client_backend.cc:1618] #GHP #cloudBE Cloud data state already notified.
02-04 12:10:52.147 17320 22542 E GhpNative: E0000 00:00:1770235852.146790   22542 cloud_client_backend.cc:1727] #GHP #cloudBE Cloud stream closed unexpectedly with status: PERMISSION_DENIED: Close error
02-04 12:10:52.147 17320 22542 E GhpNative: === Source Location Trace: === 
02-04 12:10:52.147 17320 22542 E GhpNative: nest/platform/mesh/backends/cloud/stream_command_delegate.cc:161
02-04 12:10:52.147 17320 22542 E GhpNative:  - after 581.970093ms, disconnecting all objects, retrying in 16.4410356655s
02-04 12:10:52.147 17320 22542 V GhpNative: I0000 00:00:1770235852.147810   22542 object_cache_impl.cc:658] Got update notification from cloudclient.internal on cloudclient.sub@00000000(omit_storage=true):
02-04 12:10:52.147 17320 22542 V GhpNative: == Object [PII](cloud_connectivity@com.google.android.apps.chromecast.app.+EVrHZmGrPnOIftFCw0yuJXzaIU=.63a3a5e3-3aab-e989-6f83-eb76d61ebc06) ==
02-04 12:10:52.147 17320 22542 V GhpNative:   -> Trait: 'home.internal.traits.CloudConnectionStateTrait'
02-04 12:10:52.147 17320 22542 V GhpNative:   ---> ProtoValue: '[PII](CkJ0eXBlLmdvb2dsZWFwaXMuY29tL2hvbWUuaW50ZXJuYWwudHJhaXRzLkNsb3VkQ29ubmVjdGlvblN0YXRlVHJhaXQSNQgBEiQ2M2EzYTVlMy0zYWFiLWU5ODktNmY4My1lYjc2ZDYxZWJjMDYaC2Nsb3VkY2xpZW50)'
02-04 12:10:52.147 17320 22542 V GhpNative:   -> Trait: 'home.internal.traits.SupportedTypesTrait'
02-04 12:10:52.147 17320 22542 V GhpNative:   ---> ProtoValue: '[PII](Cjx0eXBlLmdvb2dsZWFwaXMuY29tL2hvbWUuaW50ZXJuYWwudHJhaXRzLlN1cHBvcnRlZFR5cGVzVHJhaXQSVwolaG9tZS5pbnRlcm5hbC50eXBlcy5DbG91ZENvbm5lY3Rpdml0eRIuaG9tZS5pbnRlcm5hbC50cmFpdHMuQ2xvdWRDb25uZWN0aW9uU3RhdGVUcmFpdA==)'
02-04 12:10:52.148 17320 22542 V GhpNative: I0000 00:00:1770235852.148715   22542 subscription_manager_impl.cc:697] Got object update:
02-04 12:10:52.148 17320 22542 V GhpNative: == Object [PII](cloud_connectivity@com.google.android.apps.chromecast.app.+EVrHZmGrPnOIftFCw0yuJXzaIU=.63a3a5e3-3aab-e989-6f83-eb76d61ebc06) ==
02-04 12:10:52.148 17320 22542 V GhpNative:   -> Trait: 'home.internal.traits.CloudConnectionStateTrait'
02-04 12:10:52.148 17320 22542 V GhpNative:   ---> ProtoValue: '[PII](CkJ0eXBlLmdvb2dsZWFwaXMuY29tL2hvbWUuaW50ZXJuYWwudHJhaXRzLkNsb3VkQ29ubmVjdGlvblN0YXRlVHJhaXQSNQgBEiQ2M2EzYTVlMy0zYWFiLWU5ODktNmY4My1lYjc2ZDYxZWJjMDYaC2Nsb3VkY2xpZW50)'
02-04 12:10:52.148 17320 22542 V GhpNative:   -> Trait: 'home.internal.traits.SupportedTypesTrait'
02-04 12:10:52.148 17320 22542 V GhpNative:   ---> ProtoValue: '[PII](Cjx0eXBlLmdvb2dsZWFwaXMuY29tL2hvbWUuaW50ZXJuYWwudHJhaXRzLlN1cHBvcnRlZFR5cGVzVHJhaXQSjwEKJWhvbWUuaW50ZXJuYWwudHlwZXMuQ2xvdWRDb25uZWN0aXZpdHkSLmhvbWUuaW50ZXJuYWwudHJhaXRzLkNsb3VkQ29ubmVjdGlvblN0YXRlVHJhaXQaNgouaG9tZS5pbnRlcm5hbC50cmFpdHMuQ2xvdWRDb25uZWN0aW9uU3RhdGVUcmFpdBIECAEQAQ==)'
02-04 12:10:52.151 17320 22542 V GhpNative: I0000 00:00:1770235852.151249   22542 subscription_manager_impl.cc:774] Notifying object on sub@2197d846 for [PII](cloud_connectivity@com.google.android.apps.chromecast.app.+EVrHZmGrPnOIftFCw0yuJXzaIU=.63a3a5e3-3aab-e989-6f83-eb76d61ebc06) with traits: home.internal.traits.CloudConnectionStateTrait, home.internal.traits.SupportedTypesTrait
02-04 12:10:52.151 17320 22542 V GhpNative: with SupportedTypesTrait: [PII](CiVob21lLmludGVybmFsLnR5cGVzLkNsb3VkQ29ubmVjdGl2aXR5Ei5ob21lLmludGVybmFsLnRyYWl0cy5DbG91ZENvbm5lY3Rpb25TdGF0ZVRyYWl0GjYKLmhvbWUuaW50ZXJuYWwudHJhaXRzLkNsb3VkQ29ubmVjdGlvblN0YXRlVHJhaXQSBAgBEAE=)
02-04 12:10:52.151 17320 22542 V GhpNative: I0000 00:00:1770235852.151614   22542 subscription_manager_impl.cc:774] Notifying object on sub@b249ae4e for [PII](cloud_connectivity@com.google.android.apps.chromecast.app.+EVrHZmGrPnOIftFCw0yuJXzaIU=.63a3a5e3-3aab-e989-6f83-eb76d61ebc06) with traits: home.internal.traits.CloudConnectionStateTrait
02-04 12:10:52.151 17320 22542 V GhpNative: with SupportedTypesTrait: [PII](Ei5ob21lLmludGVybmFsLnRyYWl0cy5DbG91ZENvbm5lY3Rpb25TdGF0ZVRyYWl0)
02-04 12:10:52.152 17320 22542 V GhpNative: I0000 00:00:1770235852.152157   22542 subscription_manager_impl.cc:774] Notifying object on sub@f9765b50 for [PII](cloud_connectivity@com.google.android.apps.chromecast.app.+EVrHZmGrPnOIftFCw0yuJXzaIU=.63a3a5e3-3aab-e989-6f83-eb76d61ebc06) with traits: home.internal.traits.CloudConnectionStateTrait, home.internal.traits.SupportedTypesTrait
02-04 12:10:52.152 17320 22542 V GhpNative: with SupportedTypesTrait: [PII](CiVob21lLmludGVybmFsLnR5cGVzLkNsb3VkQ29ubmVjdGl2aXR5Ei5ob21lLmludGVybmFsLnRyYWl0cy5DbG91ZENvbm5lY3Rpb25TdGF0ZVRyYWl0GjYKLmhvbWUuaW50ZXJuYWwudHJhaXRzLkNsb3VkQ29ubmVjdGlvblN0YXRlVHJhaXQSBAgBEAE=)
02-04 12:10:52.169 17320 22542 V GhpNative: I0000 00:00:1770235852.168633   22542 subscription_manager_impl.cc:697] Got object update:
02-04 12:10:52.169 17320 22542 V GhpNative: == Object [PII](shadow_cache@cloudclient) ==
02-04 12:10:52.169 17320 22542 V GhpNative:   -> Trait: 'home.internal.traits.SupportedTypesTrait'
02-04 12:10:52.169 17320 22542 V GhpNative:   ---> ProtoValue: '[PII](Cjx0eXBlLmdvb2dsZWFwaXMuY29tL2hvbWUuaW50ZXJuYWwudHJhaXRzLlN1cHBvcnRlZFR5cGVzVHJhaXQSSAofaG9tZS5pbnRlcm5hbC50eXBlcy5TaGFkb3dDYWNoZRIlaG9tZS5pbnRlcm5hbC50cmFpdHMuU2hhZG93Q2FjaGVUcmFpdA==)'
02-04 12:10:52.169 17320 22542 V GhpNative:   -> Trait: 'home.internal.traits.ShadowCacheTrait'
02-04 12:10:52.169 17320 22542 V GhpNative:   ---> ProtoValue: '[PII](Cjl0eXBlLmdvb2dsZWFwaXMuY29tL2hvbWUuaW50ZXJuYWwudHJhaXRzLlNoYWRvd0NhY2hlVHJhaXQSyaYCCqMDCiRjNDdlMjhkYi0yZTdiLTg4YzktYmQxNS0zYjE3MjFkYTcyNDMSqgEKEnBlcm1pc3Npb25zQGdsb2JhbBIqCihob21lLmludGVybmFsLnRyYWl0cy5TdXBwb3J0ZWRUeXBlc1RyYWl0EjEKL2hvbWUuaW50ZXJuYWwudHJhaXRzLkNsb3VkUGVybWlzc2lvbkNvbmZpZ1RyYWl0EjUKM2hvbWUuaW50ZXJuYWwudHJhaXRzLkNsb3VkUGVybWlzc2lvbkNvbmZpZ0RhdGFUcmFpdBLNAQpGdXNlcl9jb25maWdAYzQ3ZTI4ZGItMmU3Yi04OGM5LWJkMTUtM2IxNzIxZGE3MjQzLjEwNjE2MDcxOTYzNTQ1NjI2NjAxMBIqCihob21lLmludGVybmFsLnRyYWl0cy5TdXBwb3J0ZWRUeXBlc1RyYWl0EisKKWhvbWUuaW50ZXJuYWwudHJhaXRzLlJvbGVBc3NpZ25tZW50c1RyYWl0EioKKGhvbWUuaW50ZXJuYWwudHJhaXRzLkNvbnRyb2xsZXJJbmZvVHJhaXQKlgwKCGludGVybmFsEtsBCntjbG91ZF9jb25uZWN0aXZpdHlAY29tLmdvb2dsZS5hbmRyb2lkLmFwcHMuY2hyb21lY2FzdC5hcHAuK0VWckhabUdyUG5PSWZ0RkN3MHl1Slh6YUlVPS4zNTVlZWE5Mi0wOWU3LTRkZDEtYTY1NS0wOTg5OGRjY2U5MjcSMAouaG9tZS5pbnRlcm5hbC50cmFpdHMuQ2xvdWRDb25uZWN0aW9uU3RhdGVUcmFpdBIqCihob21lLmludGVybmFsLnRyYWl0cy5TdXBwb3J0ZWRUeXBlc1RyYWl0EtsBCntjbG91ZF9jb25uZWN0aXZpdHlAY29tLmdvb2dsZS5hbmRyb2lkLmFwcHMuY2hyb21lY2FzdC5hcHAuK0VWckhabUdyUG5PSWZ0RkN3MHl1Slh6YUlVPS5jNDdlMjhkYi0yZTdiLTg4YzktYmQxNS0zYjE3MjFkYTcyNDMSMAouaG9tZS5pbnRlcm5hbC50cmFpdHMuQ2xvdWRDb25uZWN0aW9uU3RhdGVUcmFpdBIqCihob21lLmludGVybmFsLnRyYWl0cy5TdXBwb3J0ZWRUeXBlc1RyYWl0EnMKEnBlcm1pc3Npb25zQGdsb2JhbBIqCihob21lLmludGVybmFsLnRyYWl0cy5TdXBwb3J0ZWRUeXBlc1RyYWl0EjEKL2hvbWUuaW50ZXJuYWwudHJhaXRzLkNsb3VkUGVybWlzc2lvbkNvbmZpZ1RyYWl0EnkKG21lc2hpbnRlcmFjdGlvbmNsaWVudEBjbG91ZBIqCihob21lLmludGVybmFsLnRyYWl0cy5TdXBwb3J0ZWRUeXBlc1RyYWl0Ei4KLGhvbWUuaW50ZXJuYWwudHJhaXRzLkNsb3VkU2VydmljZUNsaWVudFRyYWl0EtsBCntjbG91ZF9jb25uZWN0aXZpdHlAY29tLmdvb2dsZS5hbmRyb2lkLmFwcHMuY2hyb21lY2FzdC5hcHAuK0VWckhabUdyUG5PSWZ0RkN3MHl1Slh6YUlVPS43MmMwYmY3YS01YjFkLTRhNzAtYjE2Yi04M2E2ZTBhZTUwYWYSMAouaG9tZS5pbnRlcm5hbC50cmFpdHMuQ2xvdWRDb25uZWN0aW9uU3RhdGVUcmFpdBIqCihob21lLmludGVybmFsLnRyYWl0cy5TdXBwb3J0ZWRUeXBlc1RyYWl0EsMBCmNjbG91ZF9jb25uZWN0aXZpdHlAY29tLmdvb2dsZS5hbmRyb2lkLmFwcHMuY2hyb21lY2FzdC5hcHAuK0VWckhabUdyUG5PSWZ0RkN3MHl1Slh6YUlVPS5uby1zdHJ1Y3R1cmUSMAouaG9tZS5pbnRlcm5hbC50cmFpdHMuQ2xvdWRDb25uZWN0aW9uU3RhdGVUcmFpdBIqCihob21lLmludGVybmFsLnRyYWl0cy5TdXBwb3J0ZWRUeXBlc1RyYWl0EtsBCntjbG91ZF9jb25uZWN0aXZpdHlAY29tLmdvb2dsZS5hbmRyb2lkLmFwcHMuY2hyb21lY2FzdC5hcHAuK0VWckhabUdyUG5PSWZ0RkN3MHl1Slh6YUlVPS42M2EzYTVlMy0zYWFiLWU5ODktNmY4My1lYjc2ZDYxZWJjMDYSMAouaG9tZS5pbnRlcm5hbC50cmFpdHMuQ2xvdWRDb25uZWN0aW9uU3RhdGVUcmFpdBIqCihob21lLmludGVybmFsLnRyYWl0cy5TdXBwb3J0ZWRUeXBlc1RyYWl0EtsBCntjbG91ZF9jb25uZWN0aXZpdHlAY29tLmdvb2dsZS5hbmRyb2lkLmFwcHMuY2hyb21lY2FzdC5hcHAuK0VWckhabUdyUG5PSWZ0RkN3MHl1Slh6YUlVPS5iNTk3YjVjMS1kNzg3LTRmY2QtOWRhOS0yNDI2NTRlZmQ2YjMSMAouaG9tZS5pbnRlcm5hbC50cmFpdHMuQ2xvdWRDb25uZWN0aW9uU3RhdGVUcmFpdBIqCihob21lLmludGVybmFsLnRyYWl0cy5TdXBwb3J0ZWRUeXBlc1RyYWl0CqDIAQokMzU1ZWVhOTItMDllNy00ZGQxLWE2NTUtMDk4OThkY2NlOTI3EscBCl5kZXZpY2U8LT5zdHJ1Y3R1cmVAYjZhOWE4N2YtM2U4Mi00Yzk0LWE1YjktZThhMGExNmI5YzcxPC0+MzU1ZWVhOTItMDllNy00ZGQxLWE2NTUtMDk4OThkY2NlOTI3EioKKGhvbWUuaW50ZXJuYWwudHJhaXRzLlN1cHBvcnRlZFR5cGVzVHJhaXQSOQo3aG9tZS5wbGF0Zm9ybS50cmFpdHMuRGV2aWNlSW5TdHJ1Y3R1cmVSZWxhdGlvbnNoaXBUcmFpdBLnAgpDY29tcG9uZW50QGI5MjIyZDZkLTQ0MTAtNGEwMC1iN2I5LTI4NDQ2N2RmODAyZC5Db21wb25lbnQ6VEhFUk1PU1RBVBIqCihob21lLmludGVybmFsLnRyYWl0cy5TdXBwb3J0ZWRUeXBlc1RyYWl0EigKJmhvbWUuaW50ZXJuYWwudHJhaXRzLlBhcmVudERldmljZVRyYWl0EiAKHmhvbWUubWF0dGVyLjAwMDAuY2x1c3RlcnMuMDIwNBIgCh5ob21lLm1hdHRlci4wMDAwLmNsdXN0ZXJzLjAyMDESIAoeaG9tZS5tYXR0ZXIuNjAwNi5jbHVzdGVycy5mYzQ5EiAKHmhvbWUubWF0dGVyLjAwMDAuY2x1c3RlcnMuMDQwNRIgCh5ob21lLm1hdHRlci42MDA2LmNsdXN0ZXJzLmZjMTASIAoeaG9tZS5tYXR0ZXIuNjAwNi5jbHVzdGVycy5mYzQyEuIBCn5kZXZpY2U8LT5yb29tQDg4ODhlODM4LTY0MzgtNGM5NC1iNTk0LTEwMWM5ZTA5ZDM1MTwtPjM1NWVlYTkyLTA5ZTctNGRkMS1hNjU1LTA5ODk4ZGNjZTkyNy4zN2RkNTEzNS1iZWYzLTQ3OGMtODYwOS0yOTI4ZjA4NTZmYTYSKgooaG9tZS5pbnRlcm5hbC50cmFpdHMuU3VwcG9ydGVkVHlwZXNUcmFpdBI0CjJob21lLnBsYXRmb3JtLnRyYWl0cy5EZXZpY2VJblJvb21SZWxhdGlvbnNoaXBUcmFpdBKeAQpOcm9vbUAzNTVlZWE5Mi0wOWU3LTRkZDEtYTY1NS0wOTg5OGRjY2U5MjcuZGVhNWMyOTgtNzVjNy00NzA0LTllOWItNTI5YjJmYWNhZDhhEioKKGhvbWUuaW50ZXJuYWwudHJhaXRzLlN1cHBvcnRlZF
02-04 12:10:52.169 17320 22542 V GhpNative: 
02-04 12:10:52.170 17320 22542 V GhpNative: I0000 00:00:1770235852.170612   22542 subscription_manager_impl.cc:774] Notifying object on sub@f9765b50 for [PII](shadow_cache@cloudclient) with traits: home.internal.traits.SupportedTypesTrait, home.internal.traits.ShadowCacheTrait
02-04 12:10:52.170 17320 22542 V GhpNative: with SupportedTypesTrait: [PII](Ch9ob21lLmludGVybmFsLnR5cGVzLlNoYWRvd0NhY2hlEiVob21lLmludGVybmFsLnRyYWl0cy5TaGFkb3dDYWNoZVRyYWl0)
02-04 12:10:52.171 17320 22542 V GhpNative: I0000 00:00:1770235852.170957   22542 subscription_manager_impl.cc:774] Notifying object on sub@2197d846 for [PII](shadow_cache@cloudclient) with traits: home.internal.traits.SupportedTypesTrait, home.internal.traits.ShadowCacheTrait
02-04 12:10:52.171 17320 22542 V GhpNative: with SupportedTypesTrait: [PII](Ch9ob21lLmludGVybmFsLnR5cGVzLlNoYWRvd0NhY2hlEiVob21lLmludGVybmFsLnRyYWl0cy5TaGFkb3dDYWNoZVRyYWl0)
02-04 12:10:52.171 17320 22542 V GhpNative: I0000 00:00:1770235852.171466   22542 core_manager_impl.cc:429] Transaction 138 on meshinteractiondriver-to-core
02-04 12:10:52.171 17320 22542 V GhpNative: == SendCommandsResponse ==
02-04 12:10:52.171 17320 22542 V GhpNative:   -> Object[0]: '[PII](meshinteractionclient@cloud)'
02-04 12:10:52.171 17320 22542 V GhpNative:   ---> Command Response Type ID: 'home.internal.traits.CloudServiceClientTrait.ClosedStreamCommandResponse'
02-04 12:10:52.171 17320 22542 V GhpNative:   ---> Response Value: '[PII]()'
02-04 12:10:52.171 17320 22542 V GhpNative:   ---> Response ProtoValue: '[PII](Clx0eXBlLmdvb2dsZWFwaXMuY29tL2hvbWUuaW50ZXJuYWwudHJhaXRzLkNsb3VkU2VydmljZUNsaWVudFRyYWl0LkNsb3NlZFN0cmVhbUNvbW1hbmRSZXNwb25zZQ==)'
02-04 12:10:52.173 17320 22542 V GhpNative: I0000 00:00:1770235852.172894   22542 object_cache_impl.cc:658] Got update notification from core_data_expiration on core_data_expiration.sub@00000000(omit_storage=false):
02-04 12:10:52.173 17320 22542 V GhpNative: == Object [PII](expiration@internal) ==
02-04 12:10:52.173 17320 22542 V GhpNative:   -> Trait: 'home.internal.traits.BackendStatusTrait'
02-04 12:10:52.173 17320 22542 V GhpNative:   ---> ProtoValue: '[PII](Cjt0eXBlLmdvb2dsZWFwaXMuY29tL2hvbWUuaW50ZXJuYWwudHJhaXRzLkJhY2tlbmRTdGF0dXNUcmFpdBLWAhI7CAEQr8+OzAYaC2Nsb3VkY2xpZW50IiRiNTk3YjVjMS1kNzg3LTRmY2QtOWRhOS0yNDI2NTRlZmQ2YjMSOwgAEMvPjswGGgtjbG91ZGNsaWVudCIkYzQ3ZTI4ZGItMmU3Yi04OGM5LWJkMTUtM2IxNzIxZGE3MjQzEjsIABDMz47MBhoLY2xvdWRjbGllbnQiJDYzYTNhNWUzLTNhYWItZTk4OS02ZjgzLWViNzZkNjFlYmMwNhI7CAEQsM+OzAYaC2Nsb3VkY2xpZW50IiQzNTVlZWE5Mi0wOWU3LTRkZDEtYTY1NS0wOTg5OGRjY2U5MjcSOwgBELDPjswGGgtjbG91ZGNsaWVudCIkNzJjMGJmN2EtNWIxZC00YTcwLWIxNmItODNhNmUwYWU1MGFmEiMIARCwz47MBhoLY2xvdWRjbGllbnQiDG5vLXN0cnVjdHVyZQ==)'
02-04 12:10:52.173 17320 22542 V GhpNative: I0000 00:00:1770235852.173556   22542 subscription_manager_impl.cc:697] Got object update:
02-04 12:10:52.173 17320 22542 V GhpNative: == Object [PII](expiration@internal) ==
02-04 12:10:52.173 17320 22542 V GhpNative:   -> Trait: 'home.internal.traits.BackendStatusTrait'
02-04 12:10:52.173 17320 22542 V GhpNative:   ---> ProtoValue: '[PII](Cjt0eXBlLmdvb2dsZWFwaXMuY29tL2hvbWUuaW50ZXJuYWwudHJhaXRzLkJhY2tlbmRTdGF0dXNUcmFpdBLWAhI7CAEQr8+OzAYaC2Nsb3VkY2xpZW50IiRiNTk3YjVjMS1kNzg3LTRmY2QtOWRhOS0yNDI2NTRlZmQ2YjMSOwgAEMvPjswGGgtjbG91ZGNsaWVudCIkYzQ3ZTI4ZGItMmU3Yi04OGM5LWJkMTUtM2IxNzIxZGE3MjQzEjsIABDMz47MBhoLY2xvdWRjbGllbnQiJDYzYTNhNWUzLTNhYWItZTk4OS02ZjgzLWViNzZkNjFlYmMwNhI7CAEQsM+OzAYaC2Nsb3VkY2xpZW50IiQzNTVlZWE5Mi0wOWU3LTRkZDEtYTY1NS0wOTg5OGRjY2U5MjcSOwgBELDPjswGGgtjbG91ZGNsaWVudCIkNzJjMGJmN2EtNWIxZC00YTcwLWIxNmItODNhNmUwYWU1MGFmEiMIARCwz47MBhoLY2xvdWRjbGllbnQiDG5vLXN0cnVjdHVyZQ==)'
02-04 12:10:52.173 17320 22542 V GhpNative:   -> Trait: 'home.internal.traits.SupportedTypesTrait'
02-04 12:10:52.173 17320 22542 V GhpNative:   ---> ProtoValue: '[PII](Cjx0eXBlLmdvb2dsZWFwaXMuY29tL2hvbWUuaW50ZXJuYWwudHJhaXRzLlN1cHBvcnRlZFR5cGVzVHJhaXQSWhInaG9tZS5pbnRlcm5hbC50cmFpdHMuQmFja2VuZFN0YXR1c1RyYWl0Gi8KJ2hvbWUuaW50ZXJuYWwudHJhaXRzLkJhY2tlbmRTdGF0dXNUcmFpdBIECAEQAQ==)'
02-04 12:10:52.175 17320 22542 V GhpNative: I0000 00:00:1770235852.175244   22542 subscription_manager_impl.cc:774] Notifying object on sub@f9765b50 for [PII](expiration@internal) with traits: home.internal.traits.BackendStatusTrait, home.internal.traits.SupportedTypesTrait
02-04 12:10:52.175 17320 22542 V GhpNative: with SupportedTypesTrait: [PII](Eidob21lLmludGVybmFsLnRyYWl0cy5CYWNrZW5kU3RhdHVzVHJhaXQaLwonaG9tZS5pbnRlcm5hbC50cmFpdHMuQmFja2VuZFN0YXR1c1RyYWl0EgQIARAB)
02-04 12:10:52.175 17320 22542 V GhpNative: I0000 00:00:1770235852.175474   22542 subscription_manager_impl.cc:774] Notifying object on sub@e2c7bcec for [PII](expiration@internal) with traits: home.internal.traits.BackendStatusTrait
02-04 12:10:52.175 17320 22542 V GhpNative: with SupportedTypesTrait: [PII](Eidob21lLmludGVybmFsLnRyYWl0cy5CYWNrZW5kU3RhdHVzVHJhaXQ=)
02-04 12:10:52.175 17320 22542 V GhpNative: I0000 00:00:1770235852.175639   22542 subscription_manager_impl.cc:774] Notifying object on sub@2197d846 for [PII](expiration@internal) with traits: home.internal.traits.BackendStatusTrait, home.internal.traits.SupportedTypesTrait
02-04 12:10:52.175 17320 22542 V GhpNative: with SupportedTypesTrait: [PII](Eidob21lLmludGVybmFsLnRyYWl0cy5CYWNrZW5kU3RhdHVzVHJhaXQaLwonaG9tZS5pbnRlcm5hbC50cmFpdHMuQmFja2VuZFN0YXR1c1RyYWl0EgQIARAB)
02-04 12:10:52.176 17320 22542 V GhpNative: I0000 00:00:1770235852.176675   22542 subscription_manager_impl.cc:697] Got object update:
02-04 12:10:52.176 17320 22542 V GhpNative: == Object [PII](shadow_cache@core_data_expiration) ==
02-04 12:10:52.176 17320 22542 V GhpNative:   -> Trait: 'home.internal.traits.SupportedTypesTrait'
02-04 12:10:52.176 17320 22542 V GhpNative:   ---> ProtoValue: '[PII](Cjx0eXBlLmdvb2dsZWFwaXMuY29tL2hvbWUuaW50ZXJuYWwudHJhaXRzLlN1cHBvcnRlZFR5cGVzVHJhaXQSSAofaG9tZS5pbnRlcm5hbC50eXBlcy5TaGFkb3dDYWNoZRIlaG9tZS5pbnRlcm5hbC50cmFpdHMuU2hhZG93Q2FjaGVUcmFpdA==)'
02-04 12:10:52.176 17320 22542 V GhpNative:   -> Trait: 'home.internal.traits.ShadowCacheTrait'
02-04 12:10:52.176 17320 22542 V GhpNative:   ---> ProtoValue: '[PII](Cjl0eXBlLmdvb2dsZWFwaXMuY29tL2hvbWUuaW50ZXJuYWwudHJhaXRzLlNoYWRvd0NhY2hlVHJhaXQScApuEmwKE2V4cGlyYXRpb25AaW50ZXJuYWwSKQonaG9tZS5pbnRlcm5hbC50cmFpdHMuQmFja2VuZFN0YXR1c1RyYWl0EioKKGhvbWUuaW50ZXJuYWwudHJhaXRzLlN1cHBvcnRlZFR5cGVzVHJhaXQ=)'
02-04 12:10:52.179 17320 22542 V GhpNative: I0000 00:00:1770235852.179334   22542 subscription_manager_impl.cc:774] Notifying object on sub@f9765b50 for [PII](shadow_cache@core_data_expiration) with traits: home.internal.traits.SupportedTypesTrait, home.internal.traits.ShadowCacheTrait
02-04 12:10:52.179 17320 22542 V GhpNative: with SupportedTypesTrait: [PII](Ch9ob21lLmludGVybmFsLnR5cGVzLlNoYWRvd0NhY2hlEiVob21lLmludGVybmFsLnRyYWl0cy5TaGFkb3dDYWNoZVRyYWl0)
02-04 12:10:52.180 17320 22542 V GhpNative: I0000 00:00:1770235852.180320   22542 subscription_manager_impl.cc:774] Notifying object on sub@2197d846 for [PII](shadow_cache@core_data_expiration) with traits: home.internal.traits.SupportedTypesTrait, home.internal.traits.ShadowCacheTrait
02-04 12:10:52.180 17320 22542 V GhpNative: with SupportedTypesTrait: [PII](Ch9ob21lLmludGVybmFsLnR5cGVzLlNoYWRvd0NhY2hlEiVob21lLmludGVybmFsLnRyYWl0cy5TaGFkb3dDYWNoZVRyYWl0)
02-04 12:10:55.507  1301  1301 W TracingMuxer: type=1400 audit(0.0:73738): avc:  denied  { write } for  name="traced_producer" dev="tmpfs" ino=1268 scontext=u:r:gxp_logging:s0 tcontext=u:object_r:traced_producer_socket:s0 tclass=sock_file permissive=0
02-04 12:10:55.705  2472  3521 D TemperatureStateSource: sequence=47452 actualDelay=10002
02-04 12:10:55.707  2472  3521 D TemperatureStateSource: Reading temperature: sequence=47453
02-04 12:10:55.715  1692  1692 I pixel-thermal: VIRTUAL-SKIN:25.7185 raw data: VIRTUAL-GNSS-DISP:25718.5 VIRTUAL-NEUTRAL-QUIET:25321.9 VIRTUAL-QUIET-USB2:24463.4 VIRTUAL-SKIN:25718.5 VIRTUAL-USB2-QUIET:23623.4 disp_therm:24715 gnss_tcxo_therm:27221 neutral_therm:25862 quiet_therm:25722 usb_pwr_therm2:25136 
02-04 12:10:55.717  2472  3521 D TemperatureStateSource: getDeviceTemperatures: sequence=47453 deviceTemperatureType=3 temperatureSource=0 temperatures=[25.718481]
02-04 12:10:55.717  2472  3521 D BusinessScope: Enqueuing the block
02-04 12:10:55.718  2472  3521 D TemperatureStateSource: sequence=47453 waitTime=10000
02-04 12:10:55.718  2472  2608 D BusinessScope: Start running the #96382 block
02-04 12:10:55.725  1692  1692 I pixel-thermal: VIRTUAL-SKIN:25.7185 raw data: VIRTUAL-SKIN:25718.5 
02-04 12:10:55.726  2472  2608 I TemperatureStateSource: temperature was set
02-04 12:10:55.726  2472  2608 D BusinessScope: Enqueuing the block
02-04 12:10:55.726  2472  2608 D ImpulseStateSource: Notify clients: 48184
02-04 12:10:55.726  2472  2608 D BusinessScope: Finish running the #96382 block
02-04 12:10:55.727  2472  2608 D BusinessScope: Start running the #96383 block
02-04 12:10:55.732  2472  3521 D BusinessScope: Finish running the #96383 block
02-04 12:10:55.758 28868 23932 W Turbo.DeviceHealthLeversManagerImpl: applyLeversWithMaintenanceWindow: ignore the same request
02-04 12:10:56.745  2306  2306 D DLObserver: onReceive(); android.intent.action.BATTERY_CHANGED
02-04 12:10:56.745  2306  2306 D DLObserver: plugged=2
02-04 12:10:56.746  2306  2306 D SystemEventDataSource: onReceive: intentAction
02-04 12:10:56.747  2306  2306 I ReverseChargingControl: handleIntentForReverseCharging(): rtx=0 wlc=0 plgac=0 ac=0 acrtx=0 extra=2 this=com.google.android.systemui.reversecharging.ReverseChargingController@cb9053f
02-04 12:10:56.748  2306  2306 D KeyguardIndicationGoogle: isChargeLimitEnabled= true, user= 0
02-04 12:10:56.748  2306  2306 D KeyguardIndicationGoogle: Charge limit enabled, charging policy = 4
02-04 12:10:56.751  2306  2843 D PowerUI : can't show warning due to - plugged: true status unknown: false
02-04 12:10:56.754  2306  2352 D GoogleBatteryDataSource: fetchDwellDefendStatus: CONNECTED
02-04 12:10:56.755  2306  2352 D GoogleBatteryDataSource: fetchTempDefendStatus: t_sum=0, time_sum=0 t_avg=0 lst_v=0 lst_t=0 lst_u=0, dt=0, t=0 e=0
02-04 12:10:56.755  2306  2352 D SystemEventDataSource: updatedEventData: SystemEventData(intentAction=android.intent.action.BATTERY_CHANGED, plugged=EventData(value=2), batteryScale=EventData(value=100), batteryLevel=EventData(value=80), chargingStatus=EventData(value=4), maxChargingCurrent=EventData(value=900000), maxChargingVoltage=EventData(value=5000000), batteryStatus=EventData(value=4), halEventData=HalEventData(dockDefendStatus=EventData(value=-3), tempDefendEventData=EventData(value=false), dwellDefendEventData=EventData(value=false)), settingsEventData=SettingsEventData(dockDefenderBypass=EventData(value=0), chargingLimitSettings=EventData(value=1), dndState=EventData(value=false), airplaneState=EventData(value=false)), frameworkApiEventData=FrameworkApiEventData(batterySaverState=EventData(value=false), extremeBatterySaverState=EventData(value=false)))
02-04 12:10:56.755  2306  2352 D DwellDefendBatteryModule: validate: false -> false
02-04 12:10:56.755  2306  2352 D TempDefendBatteryModule: validate: false -> false
02-04 12:10:56.756  2306  2306 D PowerNotificationWarningsGoogleImpl: onReceive: android.intent.action.BATTERY_CHANGED
02-04 12:10:56.756  2306  2306 D PulsarController: dispatchIntent: android.intent.action.BATTERY_CHANGED
02-04 12:10:56.756  2306  2306 D IncompatibleChargerNotification: dispatchIntent: android.intent.action.BATTERY_CHANGED
02-04 12:10:58.055  1694  2083 D ActivityManager: freezing 16146 com.google.android.googlequicksearchbox:search
02-04 12:10:59.575  1077  2270 I WifiHAL : Creating message to get link statistics; iface = 47
02-04 12:11:01.005  4046  4514 I AiAiEcho: (REDACTED) Predicting[%d]: %s
02-04 12:11:01.009  4046  4514 I AiAiEcho: (REDACTED) EchoTargets: %s
02-04 12:11:01.009  4046  4514 I AiAiEcho: Filtered by AiAi flag check: %s
02-04 12:11:01.010  4046  4514 I AiAiEcho: #remoteViewsTwiddler: feature disabled.
02-04 12:11:01.011  4046  4514 I AiAiEcho: (REDACTED) Predicting[%d]: %s
02-04 12:11:01.013  4046  4514 I AiAiEcho: (REDACTED) EchoTargets: %s
02-04 12:11:01.013  4046  4514 I AiAiEcho: Filtered by AiAi flag check: %s
02-04 12:11:01.015  4046  4514 I AiAiEcho: (REDACTED) #weatherSubItemsTwiddler: Weather removes SubtitleSupplementalItem in surface: %s
02-04 12:11:01.015  4046  4514 I AiAiSmartspace: #weatherSecondaryCardTwiddler: don't change weather for the dream surface
02-04 12:11:01.015  4046  4514 I AiAiEcho: #remoteViewsTwiddler: feature disabled.
02-04 12:11:01.016  4046  4514 I AiAiEcho: (REDACTED) Predicting[%d]: %s
02-04 12:11:01.017  4046  4514 I AiAiEcho: (REDACTED) EchoTargets: %s
02-04 12:11:01.017  4046  4514 I AiAiEcho: Filtered by AiAi flag check: %s
02-04 12:11:01.018  4046  4514 I AiAiEcho: (REDACTED) #weatherSubItemsTwiddler: Weather removes SubtitleSupplementalItem in surface: %s
02-04 12:11:01.018  4046  4514 I AiAiEcho: #remoteViewsTwiddler: feature disabled.
02-04 12:11:01.019  4046  4514 I AiAiEcho: (REDACTED) Predicting[%d]: %s
02-04 12:11:01.020  4046  4514 I AiAiEcho: (REDACTED) EchoTargets: %s
02-04 12:11:01.020  4046  4514 I AiAiEcho: Filtered by AiAi flag check: %s
02-04 12:11:01.021  4046  4514 I AiAiEcho: (REDACTED) #weatherSubItemsTwiddler: Weather removes SubtitleSupplementalItem in surface: %s
02-04 12:11:01.021  4046  4514 I AiAiEcho: #remoteViewsTwiddler: feature disabled.
02-04 12:11:01.021  4046  4514 I AiAiEcho: (REDACTED) #postPredictionTargets: Sending updates to UISurface %s with targets# %s (types=[%s])
02-04 12:11:01.022  2306  2351 I AmbientCueRepository: Receiving SmartSpace targets # 0
02-04 12:11:01.028  4046  4514 I AiAiEcho: (REDACTED) #postPredictionTargets: Sending updates to UISurface %s with targets# %s (types=[%s])
02-04 12:11:01.035  4046  4514 I AiAiEcho: (REDACTED) #postPredictionTargets: Sending updates to UISurface %s with targets# %s (types=[%s])
02-04 12:11:01.038  2306  2306 I WeatherSmartspaceView: setFormattedContentDescription: text=63°F, iconDescription=Sunny, contentDescription=Sunny, 63°F
02-04 12:11:01.039  2306  2306 I WeatherSmartspaceView: setFormattedContentDescription: text=63°F, iconDescription=Sunny, contentDescription=Sunny, 63°F
02-04 12:11:01.039  2306  2306 I WeatherData: Weather data parsed SUNNY ("Sunny") 63°F from Bundle[{description=Sunny, feedback_intent=Supplier{VAL_PARCELABLE@88+1760}, explanation_intent=Supplier{VAL_PARCELABLE@1892+1744}, is_gaia_linked_data=true, use_celsius=false, state=1, temperature=63}]
02-04 12:11:01.039  2306  2306 W SsPagerDots: Total number of pages invalid: 0. Assuming 1 page.
02-04 12:11:01.042  4046  4514 I AiAiEcho: (REDACTED) #postPredictionTargets: Sending updates to UISurface %s with targets# %s (types=[%s])
02-04 12:11:02.167   617 24157 I keystore2: system/security/keystore2/watchdog/src/lib.rs:371 - Watchdog thread idle -> terminating. Have a great day.
02-04 12:11:04.401  1302  1302 D AOC     : F1:MSG: controller.cc, 275: AudioInCtrl: cmd ID: 0x00f4, tag: 0x90 [cntr = 167589]
02-04 12:11:04.403  1302  1302 D AOC     : F1:MSG: controller_audio_input.cc, 4368: Got Chre audio start cmd (input path = 0)
02-04 12:11:04.403  1302  1302 D AOC     : F1:MSG: audio_capture_pdm.cc, 443: Reconfig not seamless
02-04 12:11:04.404  1302  1302 D AOC     : F1:MSG: audio_capture_pdm.cc, 549: Stream 4 restarted (ramp ON)
02-04 12:11:04.404  1302  1302 D AOC     : F1:MSG: audio_capture_pdm.cc, 1016: Starting PDM in Low Power mode, mask=0x1
02-04 12:11:04.408  1017  1063 I CHRE    : @ 2509681.404: [vice_ambient_volume] SendMessageToAmbientVolume, message_type: 33281 to instance_id: 0x2
02-04 12:11:04.408  1017  1063 I CHRE    : @ 2509681.404: [vice_ambient_volume] Ambient Volume enabled
02-04 12:11:04.408  1017  1063 I CHRE    : @ 2509681.404: [AV] Client info registered: client endpoint 0x14, include_volume_history_seconds: transition=0 exposure=0
02-04 12:11:04.437  1302  1302 D AOC     : F1:MSG: chre_src.cc, 427: Set input source to 0
02-04 12:11:04.437  1302  1302 D AOC     : F1:MSG: controller.cc, 910: AudioInCtrl: ipc: C-Ch-AI, cmd ID: 0x00f4, tag: 0x90, rc: 0
02-04 12:11:04.442  1017  1063 D CHRE    : @ 2509681.443: request audio send: 0
02-04 12:11:04.443  1017  1063 I CHRE    : @ 2509681.443: [AV] Requested audio from handle 0, status: 1
02-04 12:11:04.444  1017  1063 I CHRE    : @ 2509681.445: [vice_ambient_volume] Received ACK from Ambient Volume for enable request
02-04 12:11:04.447  1302  1302 D AOC     : F1:MSG: chre_src.cc, 152: CHRE SRC Reset Requested
02-04 12:11:05.696  2472  2606 D ImpulseConnection: timeout didn't happen: com.google.android.apps.turbo
02-04 12:11:05.720  2472  3521 D TemperatureStateSource: sequence=47453 actualDelay=10002
02-04 12:11:05.722  2472  3521 D TemperatureStateSource: Reading temperature: sequence=47454
02-04 12:11:05.732  1692  1692 I pixel-thermal: VIRTUAL-SKIN:25.5315 raw data: VIRTUAL-GNSS-DISP:25531.5 VIRTUAL-NEUTRAL-QUIET:25269.7 VIRTUAL-QUIET-USB2:24400.4 VIRTUAL-SKIN:25531.5 VIRTUAL-USB2-QUIET:23592.6 disp_therm:24691 gnss_tcxo_therm:26916 neutral_therm:25839 quiet_therm:25652 usb_pwr_therm2:25136 
02-04 12:11:05.735  2472  3521 D TemperatureStateSource: getDeviceTemperatures: sequence=47454 deviceTemperatureType=3 temperatureSource=0 temperatures=[25.531502]
02-04 12:11:05.735  2472  3521 D BusinessScope: Enqueuing the block
02-04 12:11:05.736  2472  3521 D TemperatureStateSource: sequence=47454 waitTime=10000
02-04 12:11:05.736  2472  3521 D BusinessScope: Start running the #96384 block
02-04 12:11:05.744  1692  1692 I pixel-thermal: VIRTUAL-SKIN:25.5315 raw data: VIRTUAL-SKIN:25531.5 
02-04 12:11:05.746  2472  3521 I TemperatureStateSource: temperature was set
02-04 12:11:05.746  2472  3521 D BusinessScope: Enqueuing the block
02-04 12:11:05.747  2472  3521 D ImpulseStateSource: Notify clients: 48185
02-04 12:11:05.747  2472  3521 D BusinessScope: Finish running the #96384 block
02-04 12:11:05.748  2472  3521 D BusinessScope: Start running the #96385 block
02-04 12:11:05.755  2472  2725 D BusinessScope: Finish running the #96385 block
02-04 12:11:05.772 28868 23932 W Turbo.DeviceHealthLeversManagerImpl: applyLeversWithMaintenanceWindow: ignore the same request
02-04 12:11:06.480  1017  1063 I CHRE    : @ 2509683.480: [AV] A-weighted now=33.411171; 30-sec-avg=0.000000; 1-hr-avg=0.039032
02-04 12:11:06.500  1302  1302 D AOC     : F1:MSG: controller.cc, 275: AudioInCtrl: cmd ID: 0x00f5, tag: 0x91 [cntr = 167590]
02-04 12:11:06.500  1302  1302 D AOC     : F1:MSG: controller_audio_input.cc, 4390: Got chre audio stop cmd
02-04 12:11:06.500  1302  1302 D AOC     : F1:MSG: audio_capture_pdm.cc, 443: Reconfig not seamless
02-04 12:11:06.500  1302  1302 D AOC     : F1:MSG: controller.cc, 910: AudioInCtrl: ipc: C-Ch-AI, cmd ID: 0x00f5, tag: 0x91, rc: 0
02-04 12:11:06.504  1017  1063 I CHRE    : @ 2509683.504: [vice_ambient_volume] SendMessageToAmbientVolume, message_type: 33283 to instance_id: 0x2
02-04 12:11:06.505  1017  1063 I CHRE    : @ 2509683.504: Failed to cancel timer ID 169658: not found
